[0.535s] Invoking command in '/home/malik/ros2_ws/build/autodrive_f1tenth': PYTHONPATH=/home/malik/ros2_ws/build/autodrive_f1tenth/prefix_override:/usr/lib/python3/dist-packages/colcon_core/task/python/colcon_distutils_commands:/home/malik/ros2_ws/install/autodrive_f1tenth/lib/python3.10/site-packages:${PYTHONPATH} /usr/bin/python3 -W ignore:setup.py install is deprecated -W ignore:easy_install command is deprecated setup.py develop --editable --build-directory /home/malik/ros2_ws/build/autodrive_f1tenth/build --no-deps symlink_data
[0.762s] running develop
[0.916s] running egg_info
[0.916s] writing autodrive_f1tenth.egg-info/PKG-INFO
[0.916s] writing dependency_links to autodrive_f1tenth.egg-info/dependency_links.txt
[0.917s] writing entry points to autodrive_f1tenth.egg-info/entry_points.txt
[0.917s] writing requirements to autodrive_f1tenth.egg-info/requires.txt
[0.917s] writing top-level names to autodrive_f1tenth.egg-info/top_level.txt
[0.919s] reading manifest file 'autodrive_f1tenth.egg-info/SOURCES.txt'
[0.920s] writing manifest file 'autodrive_f1tenth.egg-info/SOURCES.txt'
[0.921s] running build_ext
[0.921s] Creating /home/malik/ros2_ws/install/autodrive_f1tenth/lib/python3.10/site-packages/autodrive-f1tenth.egg-link (link to .)
[0.922s] Installing autodrive_incoming_bridge script to /home/malik/ros2_ws/install/autodrive_f1tenth/lib/autodrive_f1tenth
[0.922s] Installing autodrive_incoming_bridge_2 script to /home/malik/ros2_ws/install/autodrive_f1tenth/lib/autodrive_f1tenth
[0.922s] Installing autodrive_outgoing_bridge script to /home/malik/ros2_ws/install/autodrive_f1tenth/lib/autodrive_f1tenth
[0.922s] Installing autodrive_outgoing_bridge_2 script to /home/malik/ros2_ws/install/autodrive_f1tenth/lib/autodrive_f1tenth
[0.922s] Installing confidence_log script to /home/malik/ros2_ws/install/autodrive_f1tenth/lib/autodrive_f1tenth
[0.922s] Installing confidence_roc_decision script to /home/malik/ros2_ws/install/autodrive_f1tenth/lib/autodrive_f1tenth
[0.922s] Installing dl_slot script to /home/malik/ros2_ws/install/autodrive_f1tenth/lib/autodrive_f1tenth
[0.923s] Installing dl_slot_scan script to /home/malik/ros2_ws/install/autodrive_f1tenth/lib/autodrive_f1tenth
[0.923s] Installing follow_stack script to /home/malik/ros2_ws/install/autodrive_f1tenth/lib/autodrive_f1tenth
[0.923s] Installing forza_opponent_tracker script to /home/malik/ros2_ws/install/autodrive_f1tenth/lib/autodrive_f1tenth
[0.923s] Installing gap_follow script to /home/malik/ros2_ws/install/autodrive_f1tenth/lib/autodrive_f1tenth
[0.923s] Installing overtake_decision script to /home/malik/ros2_ws/install/autodrive_f1tenth/lib/autodrive_f1tenth
[0.923s] Installing plot_pure_pursuit_runs script to /home/malik/ros2_ws/install/autodrive_f1tenth/lib/autodrive_f1tenth
[0.923s] Installing predictive_spliner_decision script to /home/malik/ros2_ws/install/autodrive_f1tenth/lib/autodrive_f1tenth
[0.923s] Installing pure_pursuit script to /home/malik/ros2_ws/install/autodrive_f1tenth/lib/autodrive_f1tenth
[0.923s] Installing pure_pursuit_target script to /home/malik/ros2_ws/install/autodrive_f1tenth/lib/autodrive_f1tenth
[0.923s] Installing safety script to /home/malik/ros2_ws/install/autodrive_f1tenth/lib/autodrive_f1tenth
[0.923s] Installing slam script to /home/malik/ros2_ws/install/autodrive_f1tenth/lib/autodrive_f1tenth
[0.923s] Installing slam_tf_logger script to /home/malik/ros2_ws/install/autodrive_f1tenth/lib/autodrive_f1tenth
[0.923s] Installing slam_toolbox_bridge script to /home/malik/ros2_ws/install/autodrive_f1tenth/lib/autodrive_f1tenth
[0.923s] Installing slam_toolbox_map_logger script to /home/malik/ros2_ws/install/autodrive_f1tenth/lib/autodrive_f1tenth
[0.924s] Installing target_vehicle_tracker script to /home/malik/ros2_ws/install/autodrive_f1tenth/lib/autodrive_f1tenth
[0.924s] Installing target_vehicle_tracker_foreground script to /home/malik/ros2_ws/install/autodrive_f1tenth/lib/autodrive_f1tenth
[0.924s] Installing teleop_keyboard script to /home/malik/ros2_ws/install/autodrive_f1tenth/lib/autodrive_f1tenth
[0.924s] Installing thesis script to /home/malik/ros2_ws/install/autodrive_f1tenth/lib/autodrive_f1tenth
[0.924s] 
[0.924s] Installed /home/malik/ros2_ws/build/autodrive_f1tenth
[0.924s] running symlink_data
[0.924s] symbolically linking /home/malik/ros2_ws/build/autodrive_f1tenth/launch/confidence_roc.launch.py -> /home/malik/ros2_ws/install/autodrive_f1tenth/share/autodrive_f1tenth/launch
[0.945s] Invoked command in '/home/malik/ros2_ws/build/autodrive_f1tenth' returned '0': PYTHONPATH=/home/malik/ros2_ws/build/autodrive_f1tenth/prefix_override:/usr/lib/python3/dist-packages/colcon_core/task/python/colcon_distutils_commands:/home/malik/ros2_ws/install/autodrive_f1tenth/lib/python3.10/site-packages:${PYTHONPATH} /usr/bin/python3 -W ignore:setup.py install is deprecated -W ignore:easy_install command is deprecated setup.py develop --editable --build-directory /home/malik/ros2_ws/build/autodrive_f1tenth/build --no-deps symlink_data
