[0.702s] Invoking command in '/home/malik/ros2_ws/build/autodrive_f1tenth': AMENT_PREFIX_PATH=/home/malik/ros2_ws/install/slam_toolbox:${AMENT_PREFIX_PATH} CMAKE_PREFIX_PATH=/home/malik/ros2_ws/install/slam_toolbox LD_LIBRARY_PATH=/home/malik/ros2_ws/install/slam_toolbox/lib:${LD_LIBRARY_PATH} PYTHONPATH=/home/malik/ros2_ws/build/autodrive_f1tenth/prefix_override:/usr/lib/python3/dist-packages/colcon_core/task/python/colcon_distutils_commands:/home/malik/ros2_ws/install/autodrive_f1tenth/lib/python3.10/site-packages:/home/malik/ros2_ws/install/slam_toolbox/local/lib/python3.10/dist-packages:${PYTHONPATH} /usr/bin/python3 -W ignore:setup.py install is deprecated -W ignore:easy_install command is deprecated setup.py develop --editable --build-directory /home/malik/ros2_ws/build/autodrive_f1tenth/build --no-deps symlink_data
[0.976s] running develop
[1.147s] running egg_info
[1.147s] creating autodrive_f1tenth.egg-info
[1.147s] writing autodrive_f1tenth.egg-info/PKG-INFO
[1.147s] writing dependency_links to autodrive_f1tenth.egg-info/dependency_links.txt
[1.148s] writing entry points to autodrive_f1tenth.egg-info/entry_points.txt
[1.148s] writing requirements to autodrive_f1tenth.egg-info/requires.txt
[1.148s] writing top-level names to autodrive_f1tenth.egg-info/top_level.txt
[1.148s] writing manifest file 'autodrive_f1tenth.egg-info/SOURCES.txt'
[1.150s] reading manifest file 'autodrive_f1tenth.egg-info/SOURCES.txt'
[1.151s] writing manifest file 'autodrive_f1tenth.egg-info/SOURCES.txt'
[1.153s] running build_ext
[1.153s] Creating /home/malik/ros2_ws/install/autodrive_f1tenth/lib/python3.10/site-packages/autodrive-f1tenth.egg-link (link to .)
[1.155s] Installing autodrive_incoming_bridge script to /home/malik/ros2_ws/install/autodrive_f1tenth/lib/autodrive_f1tenth
[1.155s] Installing autodrive_incoming_bridge_2 script to /home/malik/ros2_ws/install/autodrive_f1tenth/lib/autodrive_f1tenth
[1.155s] Installing autodrive_outgoing_bridge script to /home/malik/ros2_ws/install/autodrive_f1tenth/lib/autodrive_f1tenth
[1.155s] Installing autodrive_outgoing_bridge_2 script to /home/malik/ros2_ws/install/autodrive_f1tenth/lib/autodrive_f1tenth
[1.155s] Installing confidence_log script to /home/malik/ros2_ws/install/autodrive_f1tenth/lib/autodrive_f1tenth
[1.155s] Installing dl_slot script to /home/malik/ros2_ws/install/autodrive_f1tenth/lib/autodrive_f1tenth
[1.156s] Installing dl_slot_scan script to /home/malik/ros2_ws/install/autodrive_f1tenth/lib/autodrive_f1tenth
[1.156s] Installing follow_stack script to /home/malik/ros2_ws/install/autodrive_f1tenth/lib/autodrive_f1tenth
[1.156s] Installing overtake_decision script to /home/malik/ros2_ws/install/autodrive_f1tenth/lib/autodrive_f1tenth
[1.156s] Installing plot_pure_pursuit_runs script to /home/malik/ros2_ws/install/autodrive_f1tenth/lib/autodrive_f1tenth
[1.156s] Installing pure_pursuit script to /home/malik/ros2_ws/install/autodrive_f1tenth/lib/autodrive_f1tenth
[1.156s] Installing pure_pursuit_target script to /home/malik/ros2_ws/install/autodrive_f1tenth/lib/autodrive_f1tenth
[1.156s] Installing safety script to /home/malik/ros2_ws/install/autodrive_f1tenth/lib/autodrive_f1tenth
[1.156s] Installing slam script to /home/malik/ros2_ws/install/autodrive_f1tenth/lib/autodrive_f1tenth
[1.156s] Installing slam_tf_logger script to /home/malik/ros2_ws/install/autodrive_f1tenth/lib/autodrive_f1tenth
[1.156s] Installing slam_toolbox_bridge script to /home/malik/ros2_ws/install/autodrive_f1tenth/lib/autodrive_f1tenth
[1.156s] Installing slam_toolbox_map_logger script to /home/malik/ros2_ws/install/autodrive_f1tenth/lib/autodrive_f1tenth
[1.156s] Installing target_vehicle_tracker script to /home/malik/ros2_ws/install/autodrive_f1tenth/lib/autodrive_f1tenth
[1.156s] Installing target_vehicle_tracker_foreground script to /home/malik/ros2_ws/install/autodrive_f1tenth/lib/autodrive_f1tenth
[1.156s] Installing teleop_keyboard script to /home/malik/ros2_ws/install/autodrive_f1tenth/lib/autodrive_f1tenth
[1.156s] Installing thesis script to /home/malik/ros2_ws/install/autodrive_f1tenth/lib/autodrive_f1tenth
[1.156s] 
[1.156s] Installed /home/malik/ros2_ws/build/autodrive_f1tenth
[1.156s] running symlink_data
[1.157s] creating /home/malik/ros2_ws/install/autodrive_f1tenth/share/ament_index
[1.157s] creating /home/malik/ros2_ws/install/autodrive_f1tenth/share/ament_index/resource_index
[1.157s] creating /home/malik/ros2_ws/install/autodrive_f1tenth/share/ament_index/resource_index/packages
[1.157s] symbolically linking /home/malik/ros2_ws/build/autodrive_f1tenth/resource/autodrive_f1tenth -> /home/malik/ros2_ws/install/autodrive_f1tenth/share/ament_index/resource_index/packages
[1.157s] symbolically linking /home/malik/ros2_ws/build/autodrive_f1tenth/package.xml -> /home/malik/ros2_ws/install/autodrive_f1tenth/share/autodrive_f1tenth
[1.157s] creating /home/malik/ros2_ws/install/autodrive_f1tenth/share/autodrive_f1tenth/launch
[1.157s] symbolically linking /home/malik/ros2_ws/build/autodrive_f1tenth/launch/slam_stack.launch.py -> /home/malik/ros2_ws/install/autodrive_f1tenth/share/autodrive_f1tenth/launch
[1.157s] symbolically linking /home/malik/ros2_ws/build/autodrive_f1tenth/launch/simulator_bringup_rviz.launch.py -> /home/malik/ros2_ws/install/autodrive_f1tenth/share/autodrive_f1tenth/launch
[1.157s] symbolically linking /home/malik/ros2_ws/build/autodrive_f1tenth/launch/follow_stack.launch.py -> /home/malik/ros2_ws/install/autodrive_f1tenth/share/autodrive_f1tenth/launch
[1.157s] symbolically linking /home/malik/ros2_ws/build/autodrive_f1tenth/launch/simulator_bringup_rviz_2.launch.py -> /home/malik/ros2_ws/install/autodrive_f1tenth/share/autodrive_f1tenth/launch
[1.157s] symbolically linking /home/malik/ros2_ws/build/autodrive_f1tenth/launch/thesis.launch.py -> /home/malik/ros2_ws/install/autodrive_f1tenth/share/autodrive_f1tenth/launch
[1.157s] symbolically linking /home/malik/ros2_ws/build/autodrive_f1tenth/launch/slam_toolbox_stack.launch.py -> /home/malik/ros2_ws/install/autodrive_f1tenth/share/autodrive_f1tenth/launch
[1.157s] symbolically linking /home/malik/ros2_ws/build/autodrive_f1tenth/launch/simulator_bringup_headless.launch.py -> /home/malik/ros2_ws/install/autodrive_f1tenth/share/autodrive_f1tenth/launch
[1.157s] creating /home/malik/ros2_ws/install/autodrive_f1tenth/share/autodrive_f1tenth/config
[1.157s] symbolically linking /home/malik/ros2_ws/build/autodrive_f1tenth/config/slam_toolbox_f1tenth.yaml -> /home/malik/ros2_ws/install/autodrive_f1tenth/share/autodrive_f1tenth/config
[1.157s] creating /home/malik/ros2_ws/install/autodrive_f1tenth/share/autodrive_f1tenth/rviz
[1.157s] symbolically linking /home/malik/ros2_ws/build/autodrive_f1tenth/rviz/simulator.rviz -> /home/malik/ros2_ws/install/autodrive_f1tenth/share/autodrive_f1tenth/rviz
[1.157s] symbolically linking /home/malik/ros2_ws/build/autodrive_f1tenth/rviz/simulator_2.rviz -> /home/malik/ros2_ws/install/autodrive_f1tenth/share/autodrive_f1tenth/rviz
[1.206s] Invoked command in '/home/malik/ros2_ws/build/autodrive_f1tenth' returned '0': AMENT_PREFIX_PATH=/home/malik/ros2_ws/install/slam_toolbox:${AMENT_PREFIX_PATH} CMAKE_PREFIX_PATH=/home/malik/ros2_ws/install/slam_toolbox LD_LIBRARY_PATH=/home/malik/ros2_ws/install/slam_toolbox/lib:${LD_LIBRARY_PATH} PYTHONPATH=/home/malik/ros2_ws/build/autodrive_f1tenth/prefix_override:/usr/lib/python3/dist-packages/colcon_core/task/python/colcon_distutils_commands:/home/malik/ros2_ws/install/autodrive_f1tenth/lib/python3.10/site-packages:/home/malik/ros2_ws/install/slam_toolbox/local/lib/python3.10/dist-packages:${PYTHONPATH} /usr/bin/python3 -W ignore:setup.py install is deprecated -W ignore:easy_install command is deprecated setup.py develop --editable --build-directory /home/malik/ros2_ws/build/autodrive_f1tenth/build --no-deps symlink_data
