[0.680s] Invoking command in '/home/malik/ros2_ws/src/autodrive_ros2/autodrive_f1tenth': PS1=\[\e[38;5;81m\]\u@\h \[\e[38;5;226m\]\w \[\e[0m\]$ PYTHONPATH=/home/malik/ros2_ws/build/autodrive_f1tenth/prefix_override:/usr/lib/python3/dist-packages/colcon_core/task/python/colcon_distutils_commands:/home/malik/ros2_ws/install/autodrive_f1tenth/lib/python3.10/site-packages:${PYTHONPATH} /usr/bin/python3 -W ignore:setup.py install is deprecated -W ignore:easy_install command is deprecated setup.py egg_info --egg-base ../../../build/autodrive_f1tenth build --build-base /home/malik/ros2_ws/build/autodrive_f1tenth/build install --record /home/malik/ros2_ws/build/autodrive_f1tenth/install.log --install-scripts $base/lib/autodrive_f1tenth --single-version-externally-managed install_data
[0.860s] /usr/lib/python3/dist-packages/setuptools/dist.py:723: UserWarning: Usage of dash-separated 'script-dir' will not be supported in future versions. Please use the underscore name 'script_dir' instead
[0.860s]   warnings.warn(
[0.866s] running egg_info
[0.866s] writing ../../../build/autodrive_f1tenth/autodrive_f1tenth.egg-info/PKG-INFO
[0.867s] writing dependency_links to ../../../build/autodrive_f1tenth/autodrive_f1tenth.egg-info/dependency_links.txt
[0.868s] writing entry points to ../../../build/autodrive_f1tenth/autodrive_f1tenth.egg-info/entry_points.txt
[0.868s] writing requirements to ../../../build/autodrive_f1tenth/autodrive_f1tenth.egg-info/requires.txt
[0.868s] writing top-level names to ../../../build/autodrive_f1tenth/autodrive_f1tenth.egg-info/top_level.txt
[0.869s] reading manifest file '../../../build/autodrive_f1tenth/autodrive_f1tenth.egg-info/SOURCES.txt'
[0.870s] writing manifest file '../../../build/autodrive_f1tenth/autodrive_f1tenth.egg-info/SOURCES.txt'
[0.870s] running build
[0.870s] running build_py
[0.871s] copying autodrive_f1tenth/autodrive_incoming_bridge_2.py -> /home/malik/ros2_ws/build/autodrive_f1tenth/build/lib/autodrive_f1tenth
[0.871s] running install
[0.871s] running install_lib
[0.872s] copying /home/malik/ros2_ws/build/autodrive_f1tenth/build/lib/autodrive_f1tenth/autodrive_incoming_bridge_2.py -> /home/malik/ros2_ws/install/autodrive_f1tenth/lib/python3.10/site-packages/autodrive_f1tenth
[0.872s] byte-compiling /home/malik/ros2_ws/install/autodrive_f1tenth/lib/python3.10/site-packages/autodrive_f1tenth/autodrive_incoming_bridge_2.py to autodrive_incoming_bridge_2.cpython-310.pyc
[0.875s] running install_data
[0.875s] running install_egg_info
[0.876s] removing '/home/malik/ros2_ws/install/autodrive_f1tenth/lib/python3.10/site-packages/autodrive_f1tenth-0.1.0-py3.10.egg-info' (and everything under it)
[0.876s] Copying ../../../build/autodrive_f1tenth/autodrive_f1tenth.egg-info to /home/malik/ros2_ws/install/autodrive_f1tenth/lib/python3.10/site-packages/autodrive_f1tenth-0.1.0-py3.10.egg-info
[0.877s] running install_scripts
[0.891s] Installing autodrive_incoming_bridge script to /home/malik/ros2_ws/install/autodrive_f1tenth/lib/autodrive_f1tenth
[0.891s] Installing autodrive_incoming_bridge_2 script to /home/malik/ros2_ws/install/autodrive_f1tenth/lib/autodrive_f1tenth
[0.891s] Installing autodrive_outgoing_bridge script to /home/malik/ros2_ws/install/autodrive_f1tenth/lib/autodrive_f1tenth
[0.891s] Installing autodrive_outgoing_bridge_2 script to /home/malik/ros2_ws/install/autodrive_f1tenth/lib/autodrive_f1tenth
[0.891s] Installing teleop_keyboard script to /home/malik/ros2_ws/install/autodrive_f1tenth/lib/autodrive_f1tenth
[0.891s] writing list of installed files to '/home/malik/ros2_ws/build/autodrive_f1tenth/install.log'
[0.919s] Invoked command in '/home/malik/ros2_ws/src/autodrive_ros2/autodrive_f1tenth' returned '0': PS1=\[\e[38;5;81m\]\u@\h \[\e[38;5;226m\]\w \[\e[0m\]$ PYTHONPATH=/home/malik/ros2_ws/build/autodrive_f1tenth/prefix_override:/usr/lib/python3/dist-packages/colcon_core/task/python/colcon_distutils_commands:/home/malik/ros2_ws/install/autodrive_f1tenth/lib/python3.10/site-packages:${PYTHONPATH} /usr/bin/python3 -W ignore:setup.py install is deprecated -W ignore:easy_install command is deprecated setup.py egg_info --egg-base ../../../build/autodrive_f1tenth build --build-base /home/malik/ros2_ws/build/autodrive_f1tenth/build install --record /home/malik/ros2_ws/build/autodrive_f1tenth/install.log --install-scripts $base/lib/autodrive_f1tenth --single-version-externally-managed install_data
