[0.128s] DEBUG:colcon:Command line arguments: ['/usr/bin/colcon', 'build', '--packages-select', 'autodrive_f1tenth']
[0.128s] DEBUG:colcon:Parsed command line arguments: Namespace(log_base=None, log_level=None, verb_name='build', build_base='build', install_base='install', merge_install=False, symlink_install=False, test_result_base=None, continue_on_error=False, executor='parallel', parallel_workers=8, event_handlers=None, ignore_user_meta=False, metas=['./colcon.meta'], base_paths=['.'], packages_ignore=None, packages_ignore_regex=None, paths=None, packages_up_to=None, packages_up_to_regex=None, packages_above=None, packages_above_and_dependencies=None, packages_above_depth=None, packages_select_by_dep=None, packages_skip_by_dep=None, packages_skip_up_to=None, packages_select_build_failed=False, packages_skip_build_finished=False, packages_select_test_failures=False, packages_skip_test_passed=False, packages_select=['autodrive_f1tenth'], packages_skip=None, packages_select_regex=None, packages_skip_regex=None, packages_start=None, packages_end=None, allow_overriding=[], cmake_args=None, cmake_target=None, cmake_target_skip_unavailable=False, cmake_clean_cache=False, cmake_clean_first=False, cmake_force_configure=False, ament_cmake_args=None, catkin_cmake_args=None, catkin_skip_building_tests=False, mixin_files=None, mixin=None, verb_parser=<colcon_mixin.mixin.mixin_argument.MixinArgumentDecorator object at 0x7cd68c95f250>, verb_extension=<colcon_core.verb.build.BuildVerb object at 0x7cd68c95eda0>, main=<bound method BuildVerb.main of <colcon_core.verb.build.BuildVerb object at 0x7cd68c95eda0>>, mixin_verb=('build',))
[0.309s] Level 1:colcon.colcon_core.package_discovery:discover_packages(colcon_meta) check parameters
[0.309s] Level 1:colcon.colcon_core.package_discovery:discover_packages(recursive) check parameters
[0.309s] Level 1:colcon.colcon_core.package_discovery:discover_packages(ignore) check parameters
[0.309s] Level 1:colcon.colcon_core.package_discovery:discover_packages(path) check parameters
[0.310s] Level 1:colcon.colcon_core.package_discovery:discover_packages(colcon_meta) discover
[0.310s] Level 1:colcon.colcon_core.package_discovery:discover_packages(recursive) discover
[0.310s] INFO:colcon.colcon_core.package_discovery:Crawling recursively for packages in '/home/malik/controller-benchmarks/ros2'
[0.310s] Level 1:colcon.colcon_core.package_identification:_identify(.) by extensions ['ignore', 'ignore_ament_install']
[0.310s] Level 1:colcon.colcon_core.package_identification:_identify(.) by extension 'ignore'
[0.310s] Level 1:colcon.colcon_core.package_identification:_identify(.) by extension 'ignore_ament_install'
[0.310s] Level 1:colcon.colcon_core.package_identification:_identify(.) by extensions ['colcon_pkg']
[0.310s] Level 1:colcon.colcon_core.package_identification:_identify(.) by extension 'colcon_pkg'
[0.310s] Level 1:colcon.colcon_core.package_identification:_identify(.) by extensions ['colcon_meta']
[0.310s] Level 1:colcon.colcon_core.package_identification:_identify(.) by extension 'colcon_meta'
[0.310s] Level 1:colcon.colcon_core.package_identification:_identify(.) by extensions ['ros']
[0.310s] Level 1:colcon.colcon_core.package_identification:_identify(.) by extension 'ros'
[0.322s] Level 1:colcon.colcon_core.package_identification:_identify(.) by extensions ['cmake', 'python']
[0.322s] Level 1:colcon.colcon_core.package_identification:_identify(.) by extension 'cmake'
[0.322s] Level 1:colcon.colcon_core.package_identification:_identify(.) by extension 'python'
[0.322s] Level 1:colcon.colcon_core.package_identification:_identify(.) by extensions ['python_setup_py']
[0.322s] Level 1:colcon.colcon_core.package_identification:_identify(.) by extension 'python_setup_py'
[0.322s] Level 1:colcon.colcon_core.package_identification:_identify(autodrive_f1tenth) by extensions ['ignore', 'ignore_ament_install']
[0.322s] Level 1:colcon.colcon_core.package_identification:_identify(autodrive_f1tenth) by extension 'ignore'
[0.322s] Level 1:colcon.colcon_core.package_identification:_identify(autodrive_f1tenth) by extension 'ignore_ament_install'
[0.322s] Level 1:colcon.colcon_core.package_identification:_identify(autodrive_f1tenth) by extensions ['colcon_pkg']
[0.322s] Level 1:colcon.colcon_core.package_identification:_identify(autodrive_f1tenth) by extension 'colcon_pkg'
[0.322s] Level 1:colcon.colcon_core.package_identification:_identify(autodrive_f1tenth) by extensions ['colcon_meta']
[0.322s] Level 1:colcon.colcon_core.package_identification:_identify(autodrive_f1tenth) by extension 'colcon_meta'
[0.322s] Level 1:colcon.colcon_core.package_identification:_identify(autodrive_f1tenth) by extensions ['ros']
[0.322s] Level 1:colcon.colcon_core.package_identification:_identify(autodrive_f1tenth) by extension 'ros'
[0.329s] DEBUG:colcon.colcon_core.package_identification:Package 'autodrive_f1tenth' with type 'ros.ament_python' and name 'autodrive_f1tenth'
[0.329s] Level 1:colcon.colcon_core.package_identification:_identify(build) by extensions ['ignore', 'ignore_ament_install']
[0.329s] Level 1:colcon.colcon_core.package_identification:_identify(build) by extension 'ignore'
[0.329s] Level 1:colcon.colcon_core.package_identification:_identify(build) ignored
[0.329s] Level 1:colcon.colcon_core.package_identification:_identify(install) by extensions ['ignore', 'ignore_ament_install']
[0.329s] Level 1:colcon.colcon_core.package_identification:_identify(install) by extension 'ignore'
[0.329s] Level 1:colcon.colcon_core.package_identification:_identify(install) ignored
[0.329s] Level 1:colcon.colcon_core.package_identification:_identify(log) by extensions ['ignore', 'ignore_ament_install']
[0.329s] Level 1:colcon.colcon_core.package_identification:_identify(log) by extension 'ignore'
[0.330s] Level 1:colcon.colcon_core.package_identification:_identify(log) ignored
[0.330s] Level 1:colcon.colcon_core.package_discovery:discover_packages(recursive) using defaults
[0.330s] Level 1:colcon.colcon_core.package_discovery:discover_packages(ignore) discover
[0.330s] Level 1:colcon.colcon_core.package_discovery:discover_packages(ignore) using defaults
[0.330s] Level 1:colcon.colcon_core.package_discovery:discover_packages(path) discover
[0.330s] Level 1:colcon.colcon_core.package_discovery:discover_packages(path) using defaults
[0.365s] Level 1:colcon.colcon_core.package_discovery:discover_packages(prefix_path) check parameters
[0.365s] Level 1:colcon.colcon_core.package_discovery:discover_packages(prefix_path) discover
[0.366s] DEBUG:colcon.colcon_installed_package_information.package_discovery:Found 2 installed packages in /home/malik/ros2_ws/install
[0.368s] DEBUG:colcon.colcon_installed_package_information.package_discovery:Found 305 installed packages in /opt/ros/humble
[0.370s] Level 1:colcon.colcon_core.package_discovery:discover_packages(prefix_path) using defaults
[0.407s] Level 5:colcon.colcon_core.verb:set package 'autodrive_f1tenth' build argument 'cmake_args' from command line to 'None'
[0.407s] Level 5:colcon.colcon_core.verb:set package 'autodrive_f1tenth' build argument 'cmake_target' from command line to 'None'
[0.407s] Level 5:colcon.colcon_core.verb:set package 'autodrive_f1tenth' build argument 'cmake_target_skip_unavailable' from command line to 'False'
[0.407s] Level 5:colcon.colcon_core.verb:set package 'autodrive_f1tenth' build argument 'cmake_clean_cache' from command line to 'False'
[0.407s] Level 5:colcon.colcon_core.verb:set package 'autodrive_f1tenth' build argument 'cmake_clean_first' from command line to 'False'
[0.407s] Level 5:colcon.colcon_core.verb:set package 'autodrive_f1tenth' build argument 'cmake_force_configure' from command line to 'False'
[0.407s] Level 5:colcon.colcon_core.verb:set package 'autodrive_f1tenth' build argument 'ament_cmake_args' from command line to 'None'
[0.407s] Level 5:colcon.colcon_core.verb:set package 'autodrive_f1tenth' build argument 'catkin_cmake_args' from command line to 'None'
[0.407s] Level 5:colcon.colcon_core.verb:set package 'autodrive_f1tenth' build argument 'catkin_skip_building_tests' from command line to 'False'
[0.407s] DEBUG:colcon.colcon_core.verb:Building package 'autodrive_f1tenth' with the following arguments: {'ament_cmake_args': None, 'build_base': '/home/malik/controller-benchmarks/ros2/build/autodrive_f1tenth', 'catkin_cmake_args': None, 'catkin_skip_building_tests': False, 'cmake_args': None, 'cmake_clean_cache': False, 'cmake_clean_first': False, 'cmake_force_configure': False, 'cmake_target': None, 'cmake_target_skip_unavailable': False, 'install_base': '/home/malik/controller-benchmarks/ros2/install/autodrive_f1tenth', 'merge_install': False, 'path': '/home/malik/controller-benchmarks/ros2/autodrive_f1tenth', 'symlink_install': False, 'test_result_base': None}
[0.407s] INFO:colcon.colcon_core.executor:Executing jobs using 'parallel' executor
[0.408s] DEBUG:colcon.colcon_parallel_executor.executor.parallel:run_until_complete
[0.408s] INFO:colcon.colcon_ros.task.ament_python.build:Building ROS package in '/home/malik/controller-benchmarks/ros2/autodrive_f1tenth' with build type 'ament_python'
[0.409s] Level 1:colcon.colcon_core.shell:create_environment_hook('autodrive_f1tenth', 'ament_prefix_path')
[0.410s] INFO:colcon.colcon_core.plugin_system:Skipping extension 'colcon_core.shell.bat': Not used on non-Windows systems
[0.410s] INFO:colcon.colcon_core.shell:Creating environment hook '/home/malik/controller-benchmarks/ros2/install/autodrive_f1tenth/share/autodrive_f1tenth/hook/ament_prefix_path.ps1'
[0.411s] INFO:colcon.colcon_core.shell:Creating environment descriptor '/home/malik/controller-benchmarks/ros2/install/autodrive_f1tenth/share/autodrive_f1tenth/hook/ament_prefix_path.dsv'
[0.411s] INFO:colcon.colcon_core.shell:Creating environment hook '/home/malik/controller-benchmarks/ros2/install/autodrive_f1tenth/share/autodrive_f1tenth/hook/ament_prefix_path.sh'
[0.412s] INFO:colcon.colcon_core.shell:Skip shell extension 'powershell' for command environment: Not usable outside of PowerShell
[0.412s] DEBUG:colcon.colcon_core.shell:Skip shell extension 'dsv' for command environment
[0.712s] INFO:colcon.colcon_core.task.python.build:Building Python package in '/home/malik/controller-benchmarks/ros2/autodrive_f1tenth'
[0.713s] INFO:colcon.colcon_core.shell:Skip shell extension 'powershell' for command environment: Not usable outside of PowerShell
[0.713s] DEBUG:colcon.colcon_core.shell:Skip shell extension 'dsv' for command environment
[30.810s] DEBUG:colcon.colcon_core.event_handler.log_command:Invoking command in '/home/malik/controller-benchmarks/ros2/autodrive_f1tenth': PYTHONPATH=/home/malik/controller-benchmarks/ros2/build/autodrive_f1tenth/prefix_override:/usr/lib/python3/dist-packages/colcon_core/task/python/colcon_distutils_commands:/home/malik/controller-benchmarks/ros2/install/autodrive_f1tenth/lib/python3.10/site-packages:${PYTHONPATH} /usr/bin/python3 -W ignore:setup.py install is deprecated -W ignore:easy_install command is deprecated setup.py egg_info --egg-base ../build/autodrive_f1tenth build --build-base /home/malik/controller-benchmarks/ros2/build/autodrive_f1tenth/build install --record /home/malik/controller-benchmarks/ros2/build/autodrive_f1tenth/install.log --single-version-externally-managed install_data
[60.471s] DEBUG:colcon.colcon_core.event_handler.log_command:Invoked command in '/home/malik/controller-benchmarks/ros2/autodrive_f1tenth' returned '0': PYTHONPATH=/home/malik/controller-benchmarks/ros2/build/autodrive_f1tenth/prefix_override:/usr/lib/python3/dist-packages/colcon_core/task/python/colcon_distutils_commands:/home/malik/controller-benchmarks/ros2/install/autodrive_f1tenth/lib/python3.10/site-packages:${PYTHONPATH} /usr/bin/python3 -W ignore:setup.py install is deprecated -W ignore:easy_install command is deprecated setup.py egg_info --egg-base ../build/autodrive_f1tenth build --build-base /home/malik/controller-benchmarks/ros2/build/autodrive_f1tenth/build install --record /home/malik/controller-benchmarks/ros2/build/autodrive_f1tenth/install.log --single-version-externally-managed install_data
[60.481s] Level 1:colcon.colcon_core.environment:checking '/home/malik/controller-benchmarks/ros2/install/autodrive_f1tenth' for CMake module files
[60.482s] Level 1:colcon.colcon_core.environment:checking '/home/malik/controller-benchmarks/ros2/install/autodrive_f1tenth' for CMake config files
[60.485s] Level 1:colcon.colcon_core.environment:checking '/home/malik/controller-benchmarks/ros2/install/autodrive_f1tenth/lib'
[60.485s] Level 1:colcon.colcon_core.environment:checking '/home/malik/controller-benchmarks/ros2/install/autodrive_f1tenth/bin'
[60.485s] Level 1:colcon.colcon_core.environment:checking '/home/malik/controller-benchmarks/ros2/install/autodrive_f1tenth/lib/pkgconfig/autodrive_f1tenth.pc'
[60.486s] Level 1:colcon.colcon_core.environment:checking '/home/malik/controller-benchmarks/ros2/install/autodrive_f1tenth/lib/python3.10/site-packages'
[60.486s] Level 1:colcon.colcon_core.shell:create_environment_hook('autodrive_f1tenth', 'pythonpath')
[60.487s] INFO:colcon.colcon_core.shell:Creating environment hook '/home/malik/controller-benchmarks/ros2/install/autodrive_f1tenth/share/autodrive_f1tenth/hook/pythonpath.ps1'
[60.487s] INFO:colcon.colcon_core.shell:Creating environment descriptor '/home/malik/controller-benchmarks/ros2/install/autodrive_f1tenth/share/autodrive_f1tenth/hook/pythonpath.dsv'
[60.488s] INFO:colcon.colcon_core.shell:Creating environment hook '/home/malik/controller-benchmarks/ros2/install/autodrive_f1tenth/share/autodrive_f1tenth/hook/pythonpath.sh'
[60.490s] Level 1:colcon.colcon_core.environment:checking '/home/malik/controller-benchmarks/ros2/install/autodrive_f1tenth/bin'
[60.490s] Level 1:colcon.colcon_core.environment:create_environment_scripts_only(autodrive_f1tenth)
[60.491s] INFO:colcon.colcon_core.shell:Creating package script '/home/malik/controller-benchmarks/ros2/install/autodrive_f1tenth/share/autodrive_f1tenth/package.ps1'
[60.493s] INFO:colcon.colcon_core.shell:Creating package descriptor '/home/malik/controller-benchmarks/ros2/install/autodrive_f1tenth/share/autodrive_f1tenth/package.dsv'
[60.494s] INFO:colcon.colcon_core.shell:Creating package script '/home/malik/controller-benchmarks/ros2/install/autodrive_f1tenth/share/autodrive_f1tenth/package.sh'
[60.496s] INFO:colcon.colcon_core.shell:Creating package script '/home/malik/controller-benchmarks/ros2/install/autodrive_f1tenth/share/autodrive_f1tenth/package.bash'
[60.497s] INFO:colcon.colcon_core.shell:Creating package script '/home/malik/controller-benchmarks/ros2/install/autodrive_f1tenth/share/autodrive_f1tenth/package.zsh'
[60.499s] Level 1:colcon.colcon_core.environment:create_file_with_runtime_dependencies(/home/malik/controller-benchmarks/ros2/install/autodrive_f1tenth/share/colcon-core/packages/autodrive_f1tenth)
[60.499s] DEBUG:colcon.colcon_parallel_executor.executor.parallel:closing loop
[60.500s] DEBUG:colcon.colcon_parallel_executor.executor.parallel:loop closed
[60.500s] DEBUG:colcon.colcon_parallel_executor.executor.parallel:run_until_complete finished with '0'
[60.500s] DEBUG:colcon.colcon_core.event_reactor:joining thread
[60.508s] INFO:colcon.colcon_core.plugin_system:Skipping extension 'colcon_notification.desktop_notification.terminal_notifier': Not used on non-Darwin systems
[60.508s] INFO:colcon.colcon_core.plugin_system:Skipping extension 'colcon_notification.desktop_notification.win32': Not used on non-Windows systems
[60.509s] INFO:colcon.colcon_notification.desktop_notification:Sending desktop notification using 'notify2'
[60.509s] DEBUG:colcon.colcon_notification.desktop_notification.notify2:Failed to initialize notify2: org.freedesktop.DBus.Error.AccessDenied: Failed to connect to socket /run/user/1000/bus: Operation not permitted
[60.509s] DEBUG:colcon.colcon_core.event_reactor:joined thread
[60.509s] INFO:colcon.colcon_core.shell:Creating prefix script '/home/malik/controller-benchmarks/ros2/install/local_setup.ps1'
[60.510s] INFO:colcon.colcon_core.shell:Creating prefix util module '/home/malik/controller-benchmarks/ros2/install/_local_setup_util_ps1.py'
[60.512s] INFO:colcon.colcon_core.shell:Creating prefix chain script '/home/malik/controller-benchmarks/ros2/install/setup.ps1'
[60.513s] INFO:colcon.colcon_core.shell:Creating prefix script '/home/malik/controller-benchmarks/ros2/install/local_setup.sh'
[60.514s] INFO:colcon.colcon_core.shell:Creating prefix util module '/home/malik/controller-benchmarks/ros2/install/_local_setup_util_sh.py'
[60.514s] INFO:colcon.colcon_core.shell:Creating prefix chain script '/home/malik/controller-benchmarks/ros2/install/setup.sh'
[60.516s] INFO:colcon.colcon_core.shell:Creating prefix script '/home/malik/controller-benchmarks/ros2/install/local_setup.bash'
[60.516s] INFO:colcon.colcon_core.shell:Creating prefix chain script '/home/malik/controller-benchmarks/ros2/install/setup.bash'
[60.518s] INFO:colcon.colcon_core.shell:Creating prefix script '/home/malik/controller-benchmarks/ros2/install/local_setup.zsh'
[60.519s] INFO:colcon.colcon_core.shell:Creating prefix chain script '/home/malik/controller-benchmarks/ros2/install/setup.zsh'
