[0.738s] Invoking command in '/home/malik/ros2_ws/build/autodrive_nigel': PS1=\[\e[38;5;81m\]\u@\h \[\e[38;5;226m\]\w \[\e[0m\]$ PYTHONPATH=/home/malik/ros2_ws/build/autodrive_nigel/prefix_override:/usr/lib/python3/dist-packages/colcon_core/task/python/colcon_distutils_commands:/home/malik/ros2_ws/install/autodrive_nigel/lib/python3.10/site-packages:${PYTHONPATH} /usr/bin/python3 -W ignore:setup.py install is deprecated -W ignore:easy_install command is deprecated setup.py develop --editable --build-directory /home/malik/ros2_ws/build/autodrive_nigel/build --no-deps symlink_data
[0.931s] /usr/lib/python3/dist-packages/setuptools/dist.py:723: UserWarning: Usage of dash-separated 'script-dir' will not be supported in future versions. Please use the underscore name 'script_dir' instead
[0.931s]   warnings.warn(
[0.954s] running develop
[1.102s] running egg_info
[1.102s] writing autodrive_nigel.egg-info/PKG-INFO
[1.102s] writing dependency_links to autodrive_nigel.egg-info/dependency_links.txt
[1.103s] writing entry points to autodrive_nigel.egg-info/entry_points.txt
[1.103s] writing requirements to autodrive_nigel.egg-info/requires.txt
[1.103s] writing top-level names to autodrive_nigel.egg-info/top_level.txt
[1.104s] reading manifest file 'autodrive_nigel.egg-info/SOURCES.txt'
[1.105s] writing manifest file 'autodrive_nigel.egg-info/SOURCES.txt'
[1.106s] running build_ext
[1.106s] Creating /home/malik/ros2_ws/install/autodrive_nigel/lib/python3.10/site-packages/autodrive-nigel.egg-link (link to .)
[1.107s] Installing autodrive_incoming_bridge script to /home/malik/ros2_ws/install/autodrive_nigel/lib/autodrive_nigel
[1.107s] Installing autodrive_outgoing_bridge script to /home/malik/ros2_ws/install/autodrive_nigel/lib/autodrive_nigel
[1.107s] Installing teleop_keyboard script to /home/malik/ros2_ws/install/autodrive_nigel/lib/autodrive_nigel
[1.107s] 
[1.107s] Installed /home/malik/ros2_ws/build/autodrive_nigel
[1.107s] running symlink_data
[1.148s] Invoked command in '/home/malik/ros2_ws/build/autodrive_nigel' returned '0': PS1=\[\e[38;5;81m\]\u@\h \[\e[38;5;226m\]\w \[\e[0m\]$ PYTHONPATH=/home/malik/ros2_ws/build/autodrive_nigel/prefix_override:/usr/lib/python3/dist-packages/colcon_core/task/python/colcon_distutils_commands:/home/malik/ros2_ws/install/autodrive_nigel/lib/python3.10/site-packages:${PYTHONPATH} /usr/bin/python3 -W ignore:setup.py install is deprecated -W ignore:easy_install command is deprecated setup.py develop --editable --build-directory /home/malik/ros2_ws/build/autodrive_nigel/build --no-deps symlink_data
