[0.554s] Invoking command in '/home/malik/controller-benchmarks/ros2/autodrive_f1tenth': PS1=\[\e[38;5;81m\]\u@\h \[\e[38;5;226m\]\w \[\e[0m\]$ PYTHONPATH=/home/malik/controller-benchmarks/ros2/build/autodrive_f1tenth/prefix_override:/usr/lib/python3/dist-packages/colcon_core/task/python/colcon_distutils_commands:/home/malik/controller-benchmarks/ros2/install/autodrive_f1tenth/lib/python3.10/site-packages:${PYTHONPATH} /usr/bin/python3 -W ignore:setup.py install is deprecated -W ignore:easy_install command is deprecated setup.py egg_info --egg-base ../build/autodrive_f1tenth build --build-base /home/malik/controller-benchmarks/ros2/build/autodrive_f1tenth/build install --record /home/malik/controller-benchmarks/ros2/build/autodrive_f1tenth/install.log --single-version-externally-managed install_data
[0.772s] running egg_info
[0.773s] creating ../build/autodrive_f1tenth/autodrive_f1tenth.egg-info
[0.773s] writing ../build/autodrive_f1tenth/autodrive_f1tenth.egg-info/PKG-INFO
[0.773s] writing dependency_links to ../build/autodrive_f1tenth/autodrive_f1tenth.egg-info/dependency_links.txt
[0.773s] writing entry points to ../build/autodrive_f1tenth/autodrive_f1tenth.egg-info/entry_points.txt
[0.773s] writing requirements to ../build/autodrive_f1tenth/autodrive_f1tenth.egg-info/requires.txt
[0.773s] writing top-level names to ../build/autodrive_f1tenth/autodrive_f1tenth.egg-info/top_level.txt
[0.773s] writing manifest file '../build/autodrive_f1tenth/autodrive_f1tenth.egg-info/SOURCES.txt'
[0.775s] reading manifest file '../build/autodrive_f1tenth/autodrive_f1tenth.egg-info/SOURCES.txt'
[0.776s] writing manifest file '../build/autodrive_f1tenth/autodrive_f1tenth.egg-info/SOURCES.txt'
[0.776s] running build
[0.776s] running build_py
[0.776s] creating /home/malik/controller-benchmarks/ros2/build/autodrive_f1tenth/build
[0.776s] creating /home/malik/controller-benchmarks/ros2/build/autodrive_f1tenth/build/lib
[0.776s] creating /home/malik/controller-benchmarks/ros2/build/autodrive_f1tenth/build/lib/autodrive_f1tenth
[0.776s] copying autodrive_f1tenth/__init__.py -> /home/malik/controller-benchmarks/ros2/build/autodrive_f1tenth/build/lib/autodrive_f1tenth
[0.776s] copying autodrive_f1tenth/pure_pursuit_ethz_scaled.py -> /home/malik/controller-benchmarks/ros2/build/autodrive_f1tenth/build/lib/autodrive_f1tenth
[0.776s] running install
[0.776s] running install_lib
[0.777s] creating /home/malik/controller-benchmarks/ros2/install/autodrive_f1tenth/lib/python3.10/site-packages/autodrive_f1tenth
[0.777s] copying /home/malik/controller-benchmarks/ros2/build/autodrive_f1tenth/build/lib/autodrive_f1tenth/__init__.py -> /home/malik/controller-benchmarks/ros2/install/autodrive_f1tenth/lib/python3.10/site-packages/autodrive_f1tenth
[0.777s] copying /home/malik/controller-benchmarks/ros2/build/autodrive_f1tenth/build/lib/autodrive_f1tenth/pure_pursuit_ethz_scaled.py -> /home/malik/controller-benchmarks/ros2/install/autodrive_f1tenth/lib/python3.10/site-packages/autodrive_f1tenth
[0.778s] byte-compiling /home/malik/controller-benchmarks/ros2/install/autodrive_f1tenth/lib/python3.10/site-packages/autodrive_f1tenth/__init__.py to __init__.cpython-310.pyc
[0.778s] byte-compiling /home/malik/controller-benchmarks/ros2/install/autodrive_f1tenth/lib/python3.10/site-packages/autodrive_f1tenth/pure_pursuit_ethz_scaled.py to pure_pursuit_ethz_scaled.cpython-310.pyc
[0.779s] running install_data
[0.779s] creating /home/malik/controller-benchmarks/ros2/install/autodrive_f1tenth/share/ament_index
[0.779s] creating /home/malik/controller-benchmarks/ros2/install/autodrive_f1tenth/share/ament_index/resource_index
[0.779s] creating /home/malik/controller-benchmarks/ros2/install/autodrive_f1tenth/share/ament_index/resource_index/packages
[0.780s] copying resource/autodrive_f1tenth -> /home/malik/controller-benchmarks/ros2/install/autodrive_f1tenth/share/ament_index/resource_index/packages
[0.780s] copying package.xml -> /home/malik/controller-benchmarks/ros2/install/autodrive_f1tenth/share/autodrive_f1tenth
[0.780s] running install_egg_info
[0.781s] Copying ../build/autodrive_f1tenth/autodrive_f1tenth.egg-info to /home/malik/controller-benchmarks/ros2/install/autodrive_f1tenth/lib/python3.10/site-packages/autodrive_f1tenth-0.1.0-py3.10.egg-info
[0.782s] running install_scripts
[0.800s] Installing pure_pursuit_ethz_scaled script to /home/malik/controller-benchmarks/ros2/install/autodrive_f1tenth/lib/autodrive_f1tenth
[0.801s] writing list of installed files to '/home/malik/controller-benchmarks/ros2/build/autodrive_f1tenth/install.log'
[0.826s] Invoked command in '/home/malik/controller-benchmarks/ros2/autodrive_f1tenth' returned '0': PS1=\[\e[38;5;81m\]\u@\h \[\e[38;5;226m\]\w \[\e[0m\]$ PYTHONPATH=/home/malik/controller-benchmarks/ros2/build/autodrive_f1tenth/prefix_override:/usr/lib/python3/dist-packages/colcon_core/task/python/colcon_distutils_commands:/home/malik/controller-benchmarks/ros2/install/autodrive_f1tenth/lib/python3.10/site-packages:${PYTHONPATH} /usr/bin/python3 -W ignore:setup.py install is deprecated -W ignore:easy_install command is deprecated setup.py egg_info --egg-base ../build/autodrive_f1tenth build --build-base /home/malik/controller-benchmarks/ros2/build/autodrive_f1tenth/build install --record /home/malik/controller-benchmarks/ros2/build/autodrive_f1tenth/install.log --single-version-externally-managed install_data
