[0.883s] Invoking command in '/home/malik/ros2_ws/src/autodrive_ros2/autodrive_nigel': PYTHONPATH=/home/malik/ros2_ws/build/autodrive_nigel/prefix_override:/usr/lib/python3/dist-packages/colcon_core/task/python/colcon_distutils_commands:/home/malik/ros2_ws/install/autodrive_nigel/lib/python3.10/site-packages:${PYTHONPATH} /usr/bin/python3 -W ignore:setup.py install is deprecated setup.py egg_info --egg-base ../../../build/autodrive_nigel build --build-base /home/malik/ros2_ws/build/autodrive_nigel/build install --record /home/malik/ros2_ws/build/autodrive_nigel/install.log --install-scripts $base/lib/autodrive_nigel --single-version-externally-managed install_data
[1.097s] /usr/lib/python3/dist-packages/setuptools/dist.py:723: UserWarning: Usage of dash-separated 'script-dir' will not be supported in future versions. Please use the underscore name 'script_dir' instead
[1.097s]   warnings.warn(
[1.107s] running egg_info
[1.108s] creating ../../../build/autodrive_nigel/autodrive_nigel.egg-info
[1.108s] writing ../../../build/autodrive_nigel/autodrive_nigel.egg-info/PKG-INFO
[1.108s] writing dependency_links to ../../../build/autodrive_nigel/autodrive_nigel.egg-info/dependency_links.txt
[1.108s] writing entry points to ../../../build/autodrive_nigel/autodrive_nigel.egg-info/entry_points.txt
[1.108s] writing requirements to ../../../build/autodrive_nigel/autodrive_nigel.egg-info/requires.txt
[1.108s] writing top-level names to ../../../build/autodrive_nigel/autodrive_nigel.egg-info/top_level.txt
[1.109s] writing manifest file '../../../build/autodrive_nigel/autodrive_nigel.egg-info/SOURCES.txt'
[1.110s] reading manifest file '../../../build/autodrive_nigel/autodrive_nigel.egg-info/SOURCES.txt'
[1.111s] writing manifest file '../../../build/autodrive_nigel/autodrive_nigel.egg-info/SOURCES.txt'
[1.111s] running build
[1.111s] running build_py
[1.111s] creating /home/malik/ros2_ws/build/autodrive_nigel/build
[1.111s] creating /home/malik/ros2_ws/build/autodrive_nigel/build/lib
[1.111s] creating /home/malik/ros2_ws/build/autodrive_nigel/build/lib/autodrive_nigel
[1.111s] copying autodrive_nigel/__init__.py -> /home/malik/ros2_ws/build/autodrive_nigel/build/lib/autodrive_nigel
[1.112s] copying autodrive_nigel/teleop_keyboard.py -> /home/malik/ros2_ws/build/autodrive_nigel/build/lib/autodrive_nigel
[1.112s] copying autodrive_nigel/config.py -> /home/malik/ros2_ws/build/autodrive_nigel/build/lib/autodrive_nigel
[1.112s] copying autodrive_nigel/autodrive_outgoing_bridge.py -> /home/malik/ros2_ws/build/autodrive_nigel/build/lib/autodrive_nigel
[1.112s] copying autodrive_nigel/autodrive_incoming_bridge.py -> /home/malik/ros2_ws/build/autodrive_nigel/build/lib/autodrive_nigel
[1.112s] running install
[1.112s] running install_lib
[1.115s] creating /home/malik/ros2_ws/install/autodrive_nigel/lib/python3.10/site-packages/autodrive_nigel
[1.115s] copying /home/malik/ros2_ws/build/autodrive_nigel/build/lib/autodrive_nigel/__init__.py -> /home/malik/ros2_ws/install/autodrive_nigel/lib/python3.10/site-packages/autodrive_nigel
[1.115s] copying /home/malik/ros2_ws/build/autodrive_nigel/build/lib/autodrive_nigel/teleop_keyboard.py -> /home/malik/ros2_ws/install/autodrive_nigel/lib/python3.10/site-packages/autodrive_nigel
[1.115s] copying /home/malik/ros2_ws/build/autodrive_nigel/build/lib/autodrive_nigel/config.py -> /home/malik/ros2_ws/install/autodrive_nigel/lib/python3.10/site-packages/autodrive_nigel
[1.115s] copying /home/malik/ros2_ws/build/autodrive_nigel/build/lib/autodrive_nigel/autodrive_outgoing_bridge.py -> /home/malik/ros2_ws/install/autodrive_nigel/lib/python3.10/site-packages/autodrive_nigel
[1.115s] copying /home/malik/ros2_ws/build/autodrive_nigel/build/lib/autodrive_nigel/autodrive_incoming_bridge.py -> /home/malik/ros2_ws/install/autodrive_nigel/lib/python3.10/site-packages/autodrive_nigel
[1.115s] byte-compiling /home/malik/ros2_ws/install/autodrive_nigel/lib/python3.10/site-packages/autodrive_nigel/__init__.py to __init__.cpython-310.pyc
[1.115s] byte-compiling /home/malik/ros2_ws/install/autodrive_nigel/lib/python3.10/site-packages/autodrive_nigel/teleop_keyboard.py to teleop_keyboard.cpython-310.pyc
[1.116s] byte-compiling /home/malik/ros2_ws/install/autodrive_nigel/lib/python3.10/site-packages/autodrive_nigel/config.py to config.cpython-310.pyc
[1.116s] byte-compiling /home/malik/ros2_ws/install/autodrive_nigel/lib/python3.10/site-packages/autodrive_nigel/autodrive_outgoing_bridge.py to autodrive_outgoing_bridge.cpython-310.pyc
[1.117s] byte-compiling /home/malik/ros2_ws/install/autodrive_nigel/lib/python3.10/site-packages/autodrive_nigel/autodrive_incoming_bridge.py to autodrive_incoming_bridge.cpython-310.pyc
[1.119s] running install_data
[1.119s] creating /home/malik/ros2_ws/install/autodrive_nigel/share/ament_index
[1.120s] creating /home/malik/ros2_ws/install/autodrive_nigel/share/ament_index/resource_index
[1.120s] creating /home/malik/ros2_ws/install/autodrive_nigel/share/ament_index/resource_index/packages
[1.120s] copying resource/autodrive_nigel -> /home/malik/ros2_ws/install/autodrive_nigel/share/ament_index/resource_index/packages
[1.120s] copying package.xml -> /home/malik/ros2_ws/install/autodrive_nigel/share/autodrive_nigel
[1.120s] creating /home/malik/ros2_ws/install/autodrive_nigel/share/autodrive_nigel/launch
[1.120s] creating /home/malik/ros2_ws/install/autodrive_nigel/share/autodrive_nigel/launch/simulator
[1.120s] copying launch/simulator/simulator_bringup_rviz.launch.py -> /home/malik/ros2_ws/install/autodrive_nigel/share/autodrive_nigel/launch/simulator
[1.120s] copying launch/simulator/simulator_bringup_headless.launch.py -> /home/malik/ros2_ws/install/autodrive_nigel/share/autodrive_nigel/launch/simulator
[1.120s] creating /home/malik/ros2_ws/install/autodrive_nigel/share/autodrive_nigel/launch/testbed
[1.120s] creating /home/malik/ros2_ws/install/autodrive_nigel/share/autodrive_nigel/rviz
[1.120s] creating /home/malik/ros2_ws/install/autodrive_nigel/share/autodrive_nigel/rviz/simulator
[1.120s] copying rviz/simulator/simulator.rviz -> /home/malik/ros2_ws/install/autodrive_nigel/share/autodrive_nigel/rviz/simulator
[1.120s] creating /home/malik/ros2_ws/install/autodrive_nigel/share/autodrive_nigel/rviz/testbed
[1.120s] running install_egg_info
[1.122s] Copying ../../../build/autodrive_nigel/autodrive_nigel.egg-info to /home/malik/ros2_ws/install/autodrive_nigel/lib/python3.10/site-packages/autodrive_nigel-0.1.0-py3.10.egg-info
[1.122s] running install_scripts
[1.141s] Installing autodrive_incoming_bridge script to /home/malik/ros2_ws/install/autodrive_nigel/lib/autodrive_nigel
[1.142s] Installing autodrive_outgoing_bridge script to /home/malik/ros2_ws/install/autodrive_nigel/lib/autodrive_nigel
[1.142s] Installing teleop_keyboard script to /home/malik/ros2_ws/install/autodrive_nigel/lib/autodrive_nigel
[1.142s] writing list of installed files to '/home/malik/ros2_ws/build/autodrive_nigel/install.log'
[1.187s] Invoked command in '/home/malik/ros2_ws/src/autodrive_ros2/autodrive_nigel' returned '0': PYTHONPATH=/home/malik/ros2_ws/build/autodrive_nigel/prefix_override:/usr/lib/python3/dist-packages/colcon_core/task/python/colcon_distutils_commands:/home/malik/ros2_ws/install/autodrive_nigel/lib/python3.10/site-packages:${PYTHONPATH} /usr/bin/python3 -W ignore:setup.py install is deprecated setup.py egg_info --egg-base ../../../build/autodrive_nigel build --build-base /home/malik/ros2_ws/build/autodrive_nigel/build install --record /home/malik/ros2_ws/build/autodrive_nigel/install.log --install-scripts $base/lib/autodrive_nigel --single-version-externally-managed install_data
