[0.710s] Invoking command in '/home/malik/ros2_ws/build/autodrive_f1tenth': PYTHONPATH=/home/malik/ros2_ws/build/autodrive_f1tenth/prefix_override:/usr/lib/python3/dist-packages/colcon_core/task/python/colcon_distutils_commands:/home/malik/ros2_ws/install/autodrive_f1tenth/lib/python3.10/site-packages:${PYTHONPATH} /usr/bin/python3 -W ignore:setup.py install is deprecated -W ignore:easy_install command is deprecated setup.py develop --editable --build-directory /home/malik/ros2_ws/build/autodrive_f1tenth/build --no-deps symlink_data
[0.992s] running develop
[1.165s] running egg_info
[1.165s] creating autodrive_f1tenth.egg-info
[1.165s] writing autodrive_f1tenth.egg-info/PKG-INFO
[1.165s] writing dependency_links to autodrive_f1tenth.egg-info/dependency_links.txt
[1.165s] writing entry points to autodrive_f1tenth.egg-info/entry_points.txt
[1.166s] writing requirements to autodrive_f1tenth.egg-info/requires.txt
[1.166s] writing top-level names to autodrive_f1tenth.egg-info/top_level.txt
[1.166s] writing manifest file 'autodrive_f1tenth.egg-info/SOURCES.txt'
[1.168s] reading manifest file 'autodrive_f1tenth.egg-info/SOURCES.txt'
[1.170s] writing manifest file 'autodrive_f1tenth.egg-info/SOURCES.txt'
[1.172s] running build_ext
[1.172s] Creating /home/malik/ros2_ws/install/autodrive_f1tenth/lib/python3.10/site-packages/autodrive-f1tenth.egg-link (link to .)
[1.173s] Installing autodrive_incoming_bridge script to /home/malik/ros2_ws/install/autodrive_f1tenth/lib/autodrive_f1tenth
[1.173s] Installing autodrive_incoming_bridge_2 script to /home/malik/ros2_ws/install/autodrive_f1tenth/lib/autodrive_f1tenth
[1.173s] Installing autodrive_outgoing_bridge script to /home/malik/ros2_ws/install/autodrive_f1tenth/lib/autodrive_f1tenth
[1.173s] Installing autodrive_outgoing_bridge_2 script to /home/malik/ros2_ws/install/autodrive_f1tenth/lib/autodrive_f1tenth
[1.173s] Installing confidence_log script to /home/malik/ros2_ws/install/autodrive_f1tenth/lib/autodrive_f1tenth
[1.173s] Installing confidence_roc_decision script to /home/malik/ros2_ws/install/autodrive_f1tenth/lib/autodrive_f1tenth
[1.173s] Installing dl_slot script to /home/malik/ros2_ws/install/autodrive_f1tenth/lib/autodrive_f1tenth
[1.173s] Installing dl_slot_scan script to /home/malik/ros2_ws/install/autodrive_f1tenth/lib/autodrive_f1tenth
[1.174s] Installing engagement_zone_controller script to /home/malik/ros2_ws/install/autodrive_f1tenth/lib/autodrive_f1tenth
[1.174s] Installing engagement_zones script to /home/malik/ros2_ws/install/autodrive_f1tenth/lib/autodrive_f1tenth
[1.174s] Installing engagement_zones_dynamic script to /home/malik/ros2_ws/install/autodrive_f1tenth/lib/autodrive_f1tenth
[1.174s] Installing ethz_all_data_logger script to /home/malik/ros2_ws/install/autodrive_f1tenth/lib/autodrive_f1tenth
[1.174s] Installing follow_stack script to /home/malik/ros2_ws/install/autodrive_f1tenth/lib/autodrive_f1tenth
[1.174s] Installing forza_opponent_tracker script to /home/malik/ros2_ws/install/autodrive_f1tenth/lib/autodrive_f1tenth
[1.174s] Installing gap_follow script to /home/malik/ros2_ws/install/autodrive_f1tenth/lib/autodrive_f1tenth
[1.174s] Installing overtake_decision script to /home/malik/ros2_ws/install/autodrive_f1tenth/lib/autodrive_f1tenth
[1.175s] Installing plot_ethz_all_data script to /home/malik/ros2_ws/install/autodrive_f1tenth/lib/autodrive_f1tenth
[1.175s] Installing plot_pure_pursuit_runs script to /home/malik/ros2_ws/install/autodrive_f1tenth/lib/autodrive_f1tenth
[1.175s] Installing predictive_spliner_decision script to /home/malik/ros2_ws/install/autodrive_f1tenth/lib/autodrive_f1tenth
[1.175s] Installing pure_pursuit script to /home/malik/ros2_ws/install/autodrive_f1tenth/lib/autodrive_f1tenth
[1.175s] Installing pure_pursuit_target script to /home/malik/ros2_ws/install/autodrive_f1tenth/lib/autodrive_f1tenth
[1.175s] Installing safety script to /home/malik/ros2_ws/install/autodrive_f1tenth/lib/autodrive_f1tenth
[1.175s] Installing slam script to /home/malik/ros2_ws/install/autodrive_f1tenth/lib/autodrive_f1tenth
[1.175s] Installing slam_tf_logger script to /home/malik/ros2_ws/install/autodrive_f1tenth/lib/autodrive_f1tenth
[1.175s] Installing slam_toolbox_bridge script to /home/malik/ros2_ws/install/autodrive_f1tenth/lib/autodrive_f1tenth
[1.175s] Installing slam_toolbox_map_logger script to /home/malik/ros2_ws/install/autodrive_f1tenth/lib/autodrive_f1tenth
[1.175s] Installing target_vehicle_tracker script to /home/malik/ros2_ws/install/autodrive_f1tenth/lib/autodrive_f1tenth
[1.175s] Installing target_vehicle_tracker_foreground script to /home/malik/ros2_ws/install/autodrive_f1tenth/lib/autodrive_f1tenth
[1.175s] Installing teleop_keyboard script to /home/malik/ros2_ws/install/autodrive_f1tenth/lib/autodrive_f1tenth
[1.175s] Installing thesis script to /home/malik/ros2_ws/install/autodrive_f1tenth/lib/autodrive_f1tenth
[1.176s] 
[1.176s] Installed /home/malik/ros2_ws/build/autodrive_f1tenth
[1.176s] running symlink_data
[1.176s] creating /home/malik/ros2_ws/install/autodrive_f1tenth/share/ament_index
[1.176s] creating /home/malik/ros2_ws/install/autodrive_f1tenth/share/ament_index/resource_index
[1.176s] creating /home/malik/ros2_ws/install/autodrive_f1tenth/share/ament_index/resource_index/packages
[1.176s] symbolically linking /home/malik/ros2_ws/build/autodrive_f1tenth/resource/autodrive_f1tenth -> /home/malik/ros2_ws/install/autodrive_f1tenth/share/ament_index/resource_index/packages
[1.177s] symbolically linking /home/malik/ros2_ws/build/autodrive_f1tenth/package.xml -> /home/malik/ros2_ws/install/autodrive_f1tenth/share/autodrive_f1tenth
[1.177s] creating /home/malik/ros2_ws/install/autodrive_f1tenth/share/autodrive_f1tenth/launch
[1.177s] symbolically linking /home/malik/ros2_ws/build/autodrive_f1tenth/launch/physical_tracking.launch.py -> /home/malik/ros2_ws/install/autodrive_f1tenth/share/autodrive_f1tenth/launch
[1.177s] symbolically linking /home/malik/ros2_ws/build/autodrive_f1tenth/launch/slam_stack.launch.py -> /home/malik/ros2_ws/install/autodrive_f1tenth/share/autodrive_f1tenth/launch
[1.177s] symbolically linking /home/malik/ros2_ws/build/autodrive_f1tenth/launch/simulator_bringup_rviz.launch.py -> /home/malik/ros2_ws/install/autodrive_f1tenth/share/autodrive_f1tenth/launch
[1.177s] symbolically linking /home/malik/ros2_ws/build/autodrive_f1tenth/launch/confidence_roc_overtake.launch.py -> /home/malik/ros2_ws/install/autodrive_f1tenth/share/autodrive_f1tenth/launch
[1.177s] symbolically linking /home/malik/ros2_ws/build/autodrive_f1tenth/launch/physical_slam.launch.py -> /home/malik/ros2_ws/install/autodrive_f1tenth/share/autodrive_f1tenth/launch
[1.177s] symbolically linking /home/malik/ros2_ws/build/autodrive_f1tenth/launch/slam_toolbox_physical.launch.py -> /home/malik/ros2_ws/install/autodrive_f1tenth/share/autodrive_f1tenth/launch
[1.177s] symbolically linking /home/malik/ros2_ws/build/autodrive_f1tenth/launch/ethz_all_data.launch.py -> /home/malik/ros2_ws/install/autodrive_f1tenth/share/autodrive_f1tenth/launch
[1.177s] symbolically linking /home/malik/ros2_ws/build/autodrive_f1tenth/launch/follow_stack.launch.py -> /home/malik/ros2_ws/install/autodrive_f1tenth/share/autodrive_f1tenth/launch
[1.177s] symbolically linking /home/malik/ros2_ws/build/autodrive_f1tenth/launch/simulator_bringup_rviz_2.launch.py -> /home/malik/ros2_ws/install/autodrive_f1tenth/share/autodrive_f1tenth/launch
[1.177s] symbolically linking /home/malik/ros2_ws/build/autodrive_f1tenth/launch/thesis.launch.py -> /home/malik/ros2_ws/install/autodrive_f1tenth/share/autodrive_f1tenth/launch
[1.177s] symbolically linking /home/malik/ros2_ws/build/autodrive_f1tenth/launch/gap_follow.launch.py -> /home/malik/ros2_ws/install/autodrive_f1tenth/share/autodrive_f1tenth/launch
[1.177s] symbolically linking /home/malik/ros2_ws/build/autodrive_f1tenth/launch/confidence_roc.launch.py -> /home/malik/ros2_ws/install/autodrive_f1tenth/share/autodrive_f1tenth/launch
[1.177s] symbolically linking /home/malik/ros2_ws/build/autodrive_f1tenth/launch/slam_toolbox_stack.launch.py -> /home/malik/ros2_ws/install/autodrive_f1tenth/share/autodrive_f1tenth/launch
[1.177s] symbolically linking /home/malik/ros2_ws/build/autodrive_f1tenth/launch/predictive_spliner.launch.py -> /home/malik/ros2_ws/install/autodrive_f1tenth/share/autodrive_f1tenth/launch
[1.177s] symbolically linking /home/malik/ros2_ws/build/autodrive_f1tenth/launch/simulator_bringup_headless.launch.py -> /home/malik/ros2_ws/install/autodrive_f1tenth/share/autodrive_f1tenth/launch
[1.177s] creating /home/malik/ros2_ws/install/autodrive_f1tenth/share/autodrive_f1tenth/config
[1.177s] symbolically linking /home/malik/ros2_ws/build/autodrive_f1tenth/config/slam_toolbox_f1tenth.yaml -> /home/malik/ros2_ws/install/autodrive_f1tenth/share/autodrive_f1tenth/config
[1.177s] symbolically linking /home/malik/ros2_ws/build/autodrive_f1tenth/config/forza_opponent_tracker.yaml -> /home/malik/ros2_ws/install/autodrive_f1tenth/share/autodrive_f1tenth/config
[1.178s] creating /home/malik/ros2_ws/install/autodrive_f1tenth/share/autodrive_f1tenth/rviz
[1.178s] symbolically linking /home/malik/ros2_ws/build/autodrive_f1tenth/rviz/simulator.rviz -> /home/malik/ros2_ws/install/autodrive_f1tenth/share/autodrive_f1tenth/rviz
[1.178s] symbolically linking /home/malik/ros2_ws/build/autodrive_f1tenth/rviz/simulator_2.rviz -> /home/malik/ros2_ws/install/autodrive_f1tenth/share/autodrive_f1tenth/rviz
[1.226s] Invoked command in '/home/malik/ros2_ws/build/autodrive_f1tenth' returned '0': PYTHONPATH=/home/malik/ros2_ws/build/autodrive_f1tenth/prefix_override:/usr/lib/python3/dist-packages/colcon_core/task/python/colcon_distutils_commands:/home/malik/ros2_ws/install/autodrive_f1tenth/lib/python3.10/site-packages:${PYTHONPATH} /usr/bin/python3 -W ignore:setup.py install is deprecated -W ignore:easy_install command is deprecated setup.py develop --editable --build-directory /home/malik/ros2_ws/build/autodrive_f1tenth/build --no-deps symlink_data
