[0.110s] DEBUG:colcon:Command line arguments: ['/usr/bin/colcon', 'build', '--symlink-install']
[0.110s] DEBUG:colcon:Parsed command line arguments: Namespace(log_base=None, log_level=None, verb_name='build', build_base='build', install_base='install', merge_install=False, symlink_install=True, test_result_base=None, continue_on_error=False, executor='parallel', parallel_workers=8, event_handlers=None, ignore_user_meta=False, metas=['./colcon.meta'], base_paths=['.'], packages_ignore=None, packages_ignore_regex=None, paths=None, packages_up_to=None, packages_up_to_regex=None, packages_above=None, packages_above_and_dependencies=None, packages_above_depth=None, packages_select_by_dep=None, packages_skip_by_dep=None, packages_skip_up_to=None, packages_select_build_failed=False, packages_skip_build_finished=False, packages_select_test_failures=False, packages_skip_test_passed=False, packages_select=None, packages_skip=None, packages_select_regex=None, packages_skip_regex=None, packages_start=None, packages_end=None, allow_overriding=[], cmake_args=None, cmake_target=None, cmake_target_skip_unavailable=False, cmake_clean_cache=False, cmake_clean_first=False, cmake_force_configure=False, ament_cmake_args=None, catkin_cmake_args=None, catkin_skip_building_tests=False, mixin_files=None, mixin=None, verb_parser=<colcon_mixin.mixin.mixin_argument.MixinArgumentDecorator object at 0x702617d13ac0>, verb_extension=<colcon_core.verb.build.BuildVerb object at 0x702617d13610>, main=<bound method BuildVerb.main of <colcon_core.verb.build.BuildVerb object at 0x702617d13610>>, mixin_verb=('build',))
[0.285s] Level 1:colcon.colcon_core.package_discovery:discover_packages(colcon_meta) check parameters
[0.286s] Level 1:colcon.colcon_core.package_discovery:discover_packages(recursive) check parameters
[0.286s] Level 1:colcon.colcon_core.package_discovery:discover_packages(ignore) check parameters
[0.286s] Level 1:colcon.colcon_core.package_discovery:discover_packages(path) check parameters
[0.286s] Level 1:colcon.colcon_core.package_discovery:discover_packages(colcon_meta) discover
[0.286s] Level 1:colcon.colcon_core.package_discovery:discover_packages(recursive) discover
[0.286s] INFO:colcon.colcon_core.package_discovery:Crawling recursively for packages in '/home/malik/controller-benchmarks/ros2'
[0.286s] Level 1:colcon.colcon_core.package_identification:_identify(.) by extensions ['ignore', 'ignore_ament_install']
[0.286s] Level 1:colcon.colcon_core.package_identification:_identify(.) by extension 'ignore'
[0.286s] Level 1:colcon.colcon_core.package_identification:_identify(.) by extension 'ignore_ament_install'
[0.286s] Level 1:colcon.colcon_core.package_identification:_identify(.) by extensions ['colcon_pkg']
[0.286s] Level 1:colcon.colcon_core.package_identification:_identify(.) by extension 'colcon_pkg'
[0.286s] Level 1:colcon.colcon_core.package_identification:_identify(.) by extensions ['colcon_meta']
[0.286s] Level 1:colcon.colcon_core.package_identification:_identify(.) by extension 'colcon_meta'
[0.286s] Level 1:colcon.colcon_core.package_identification:_identify(.) by extensions ['ros']
[0.287s] Level 1:colcon.colcon_core.package_identification:_identify(.) by extension 'ros'
[0.296s] Level 1:colcon.colcon_core.package_identification:_identify(.) by extensions ['cmake', 'python']
[0.296s] Level 1:colcon.colcon_core.package_identification:_identify(.) by extension 'cmake'
[0.296s] Level 1:colcon.colcon_core.package_identification:_identify(.) by extension 'python'
[0.296s] Level 1:colcon.colcon_core.package_identification:_identify(.) by extensions ['python_setup_py']
[0.296s] Level 1:colcon.colcon_core.package_identification:_identify(.) by extension 'python_setup_py'
[0.296s] Level 1:colcon.colcon_core.package_identification:_identify(autodrive_f1tenth) by extensions ['ignore', 'ignore_ament_install']
[0.296s] Level 1:colcon.colcon_core.package_identification:_identify(autodrive_f1tenth) by extension 'ignore'
[0.296s] Level 1:colcon.colcon_core.package_identification:_identify(autodrive_f1tenth) by extension 'ignore_ament_install'
[0.296s] Level 1:colcon.colcon_core.package_identification:_identify(autodrive_f1tenth) by extensions ['colcon_pkg']
[0.296s] Level 1:colcon.colcon_core.package_identification:_identify(autodrive_f1tenth) by extension 'colcon_pkg'
[0.296s] Level 1:colcon.colcon_core.package_identification:_identify(autodrive_f1tenth) by extensions ['colcon_meta']
[0.296s] Level 1:colcon.colcon_core.package_identification:_identify(autodrive_f1tenth) by extension 'colcon_meta'
[0.296s] Level 1:colcon.colcon_core.package_identification:_identify(autodrive_f1tenth) by extensions ['ros']
[0.296s] Level 1:colcon.colcon_core.package_identification:_identify(autodrive_f1tenth) by extension 'ros'
[0.301s] DEBUG:colcon.colcon_core.package_identification:Package 'autodrive_f1tenth' with type 'ros.ament_python' and name 'autodrive_f1tenth'
[0.301s] Level 1:colcon.colcon_core.package_identification:_identify(build) by extensions ['ignore', 'ignore_ament_install']
[0.302s] Level 1:colcon.colcon_core.package_identification:_identify(build) by extension 'ignore'
[0.302s] Level 1:colcon.colcon_core.package_identification:_identify(build) ignored
[0.302s] Level 1:colcon.colcon_core.package_identification:_identify(install) by extensions ['ignore', 'ignore_ament_install']
[0.302s] Level 1:colcon.colcon_core.package_identification:_identify(install) by extension 'ignore'
[0.302s] Level 1:colcon.colcon_core.package_identification:_identify(install) ignored
[0.302s] Level 1:colcon.colcon_core.package_identification:_identify(log) by extensions ['ignore', 'ignore_ament_install']
[0.302s] Level 1:colcon.colcon_core.package_identification:_identify(log) by extension 'ignore'
[0.302s] Level 1:colcon.colcon_core.package_identification:_identify(log) ignored
[0.302s] Level 1:colcon.colcon_core.package_identification:_identify(slam_toolbox) by extensions ['ignore', 'ignore_ament_install']
[0.302s] Level 1:colcon.colcon_core.package_identification:_identify(slam_toolbox) by extension 'ignore'
[0.302s] Level 1:colcon.colcon_core.package_identification:_identify(slam_toolbox) by extension 'ignore_ament_install'
[0.303s] Level 1:colcon.colcon_core.package_identification:_identify(slam_toolbox) by extensions ['colcon_pkg']
[0.303s] Level 1:colcon.colcon_core.package_identification:_identify(slam_toolbox) by extension 'colcon_pkg'
[0.303s] Level 1:colcon.colcon_core.package_identification:_identify(slam_toolbox) by extensions ['colcon_meta']
[0.303s] Level 1:colcon.colcon_core.package_identification:_identify(slam_toolbox) by extension 'colcon_meta'
[0.303s] Level 1:colcon.colcon_core.package_identification:_identify(slam_toolbox) by extensions ['ros']
[0.303s] Level 1:colcon.colcon_core.package_identification:_identify(slam_toolbox) by extension 'ros'
[0.304s] DEBUG:colcon.colcon_core.package_identification:Package 'slam_toolbox' with type 'ros.ament_cmake' and name 'slam_toolbox'
[0.305s] Level 1:colcon.colcon_core.package_discovery:discover_packages(recursive) using defaults
[0.305s] Level 1:colcon.colcon_core.package_discovery:discover_packages(ignore) discover
[0.305s] Level 1:colcon.colcon_core.package_discovery:discover_packages(ignore) using defaults
[0.305s] Level 1:colcon.colcon_core.package_discovery:discover_packages(path) discover
[0.305s] Level 1:colcon.colcon_core.package_discovery:discover_packages(path) using defaults
[0.338s] Level 1:colcon.colcon_core.package_discovery:discover_packages(prefix_path) check parameters
[0.338s] Level 1:colcon.colcon_core.package_discovery:discover_packages(prefix_path) discover
[0.340s] DEBUG:colcon.colcon_installed_package_information.package_discovery:Found 2 installed packages in /home/malik/controller-benchmarks/ros2/install
[0.341s] DEBUG:colcon.colcon_installed_package_information.package_discovery:Found 2 installed packages in /home/malik/ros2_ws/install
[0.342s] DEBUG:colcon.colcon_installed_package_information.package_discovery:Found 305 installed packages in /opt/ros/humble
[0.343s] Level 1:colcon.colcon_core.package_discovery:discover_packages(prefix_path) using defaults
[0.386s] Level 5:colcon.colcon_core.verb:set package 'slam_toolbox' build argument 'cmake_args' from command line to 'None'
[0.386s] Level 5:colcon.colcon_core.verb:set package 'slam_toolbox' build argument 'cmake_target' from command line to 'None'
[0.386s] Level 5:colcon.colcon_core.verb:set package 'slam_toolbox' build argument 'cmake_target_skip_unavailable' from command line to 'False'
[0.386s] Level 5:colcon.colcon_core.verb:set package 'slam_toolbox' build argument 'cmake_clean_cache' from command line to 'False'
[0.386s] Level 5:colcon.colcon_core.verb:set package 'slam_toolbox' build argument 'cmake_clean_first' from command line to 'False'
[0.386s] Level 5:colcon.colcon_core.verb:set package 'slam_toolbox' build argument 'cmake_force_configure' from command line to 'False'
[0.386s] Level 5:colcon.colcon_core.verb:set package 'slam_toolbox' build argument 'ament_cmake_args' from command line to 'None'
[0.386s] Level 5:colcon.colcon_core.verb:set package 'slam_toolbox' build argument 'catkin_cmake_args' from command line to 'None'
[0.386s] Level 5:colcon.colcon_core.verb:set package 'slam_toolbox' build argument 'catkin_skip_building_tests' from command line to 'False'
[0.387s] DEBUG:colcon.colcon_core.verb:Building package 'slam_toolbox' with the following arguments: {'ament_cmake_args': None, 'build_base': '/home/malik/controller-benchmarks/ros2/build/slam_toolbox', 'catkin_cmake_args': None, 'catkin_skip_building_tests': False, 'cmake_args': None, 'cmake_clean_cache': False, 'cmake_clean_first': False, 'cmake_force_configure': False, 'cmake_target': None, 'cmake_target_skip_unavailable': False, 'install_base': '/home/malik/controller-benchmarks/ros2/install/slam_toolbox', 'merge_install': False, 'path': '/home/malik/controller-benchmarks/ros2/slam_toolbox', 'symlink_install': True, 'test_result_base': None}
[0.387s] Level 5:colcon.colcon_core.verb:set package 'autodrive_f1tenth' build argument 'cmake_args' from command line to 'None'
[0.387s] Level 5:colcon.colcon_core.verb:set package 'autodrive_f1tenth' build argument 'cmake_target' from command line to 'None'
[0.387s] Level 5:colcon.colcon_core.verb:set package 'autodrive_f1tenth' build argument 'cmake_target_skip_unavailable' from command line to 'False'
[0.387s] Level 5:colcon.colcon_core.verb:set package 'autodrive_f1tenth' build argument 'cmake_clean_cache' from command line to 'False'
[0.387s] Level 5:colcon.colcon_core.verb:set package 'autodrive_f1tenth' build argument 'cmake_clean_first' from command line to 'False'
[0.387s] Level 5:colcon.colcon_core.verb:set package 'autodrive_f1tenth' build argument 'cmake_force_configure' from command line to 'False'
[0.387s] Level 5:colcon.colcon_core.verb:set package 'autodrive_f1tenth' build argument 'ament_cmake_args' from command line to 'None'
[0.387s] Level 5:colcon.colcon_core.verb:set package 'autodrive_f1tenth' build argument 'catkin_cmake_args' from command line to 'None'
[0.387s] Level 5:colcon.colcon_core.verb:set package 'autodrive_f1tenth' build argument 'catkin_skip_building_tests' from command line to 'False'
[0.387s] DEBUG:colcon.colcon_core.verb:Building package 'autodrive_f1tenth' with the following arguments: {'ament_cmake_args': None, 'build_base': '/home/malik/controller-benchmarks/ros2/build/autodrive_f1tenth', 'catkin_cmake_args': None, 'catkin_skip_building_tests': False, 'cmake_args': None, 'cmake_clean_cache': False, 'cmake_clean_first': False, 'cmake_force_configure': False, 'cmake_target': None, 'cmake_target_skip_unavailable': False, 'install_base': '/home/malik/controller-benchmarks/ros2/install/autodrive_f1tenth', 'merge_install': False, 'path': '/home/malik/controller-benchmarks/ros2/autodrive_f1tenth', 'symlink_install': True, 'test_result_base': None}
[0.388s] INFO:colcon.colcon_core.executor:Executing jobs using 'parallel' executor
[0.389s] DEBUG:colcon.colcon_parallel_executor.executor.parallel:run_until_complete
[0.389s] INFO:colcon.colcon_ros.task.ament_cmake.build:Building ROS package in '/home/malik/controller-benchmarks/ros2/slam_toolbox' with build type 'ament_cmake'
[0.389s] INFO:colcon.colcon_cmake.task.cmake.build:Building CMake package in '/home/malik/controller-benchmarks/ros2/slam_toolbox'
[0.391s] INFO:colcon.colcon_core.plugin_system:Skipping extension 'colcon_core.shell.bat': Not used on non-Windows systems
[0.391s] INFO:colcon.colcon_core.shell:Skip shell extension 'powershell' for command environment: Not usable outside of PowerShell
[0.391s] DEBUG:colcon.colcon_core.shell:Skip shell extension 'dsv' for command environment
[0.401s] DEBUG:colcon.colcon_core.event_handler.log_command:Invoking command in '/home/malik/controller-benchmarks/ros2/build/slam_toolbox': CMAKE_PREFIX_PATH=${CMAKE_PREFIX_PATH}:/home/malik/controller-benchmarks/ros2/install/autodrive_f1tenth:/home/malik/ros2_ws/install/autodrive_nigel:/home/malik/ros2_ws/install/autodrive_f1tenth:/opt/ros/humble PS1=\[\e[38;5;81m\]\u@\h \[\e[38;5;226m\]\w \[\e[0m\]$ /usr/bin/cmake --build /home/malik/controller-benchmarks/ros2/build/slam_toolbox -- -j8 -l8
[0.851s] DEBUG:colcon.colcon_core.event_handler.log_command:Invoked command in '/home/malik/controller-benchmarks/ros2/build/slam_toolbox' returned '0': CMAKE_PREFIX_PATH=${CMAKE_PREFIX_PATH}:/home/malik/controller-benchmarks/ros2/install/autodrive_f1tenth:/home/malik/ros2_ws/install/autodrive_nigel:/home/malik/ros2_ws/install/autodrive_f1tenth:/opt/ros/humble PS1=\[\e[38;5;81m\]\u@\h \[\e[38;5;226m\]\w \[\e[0m\]$ /usr/bin/cmake --build /home/malik/controller-benchmarks/ros2/build/slam_toolbox -- -j8 -l8
[0.859s] DEBUG:colcon.colcon_core.event_handler.log_command:Invoking command in '/home/malik/controller-benchmarks/ros2/build/slam_toolbox': CMAKE_PREFIX_PATH=${CMAKE_PREFIX_PATH}:/home/malik/controller-benchmarks/ros2/install/autodrive_f1tenth:/home/malik/ros2_ws/install/autodrive_nigel:/home/malik/ros2_ws/install/autodrive_f1tenth:/opt/ros/humble PS1=\[\e[38;5;81m\]\u@\h \[\e[38;5;226m\]\w \[\e[0m\]$ /usr/bin/cmake --install /home/malik/controller-benchmarks/ros2/build/slam_toolbox
[0.973s] Level 1:colcon.colcon_core.environment:create_environment_scripts_only(slam_toolbox)
[0.973s] DEBUG:colcon.colcon_core.event_handler.log_command:Invoked command in '/home/malik/controller-benchmarks/ros2/build/slam_toolbox' returned '0': CMAKE_PREFIX_PATH=${CMAKE_PREFIX_PATH}:/home/malik/controller-benchmarks/ros2/install/autodrive_f1tenth:/home/malik/ros2_ws/install/autodrive_nigel:/home/malik/ros2_ws/install/autodrive_f1tenth:/opt/ros/humble PS1=\[\e[38;5;81m\]\u@\h \[\e[38;5;226m\]\w \[\e[0m\]$ /usr/bin/cmake --install /home/malik/controller-benchmarks/ros2/build/slam_toolbox
[0.975s] Level 1:colcon.colcon_core.environment:checking '/home/malik/controller-benchmarks/ros2/install/slam_toolbox' for CMake module files
[0.975s] Level 1:colcon.colcon_core.environment:checking '/home/malik/controller-benchmarks/ros2/install/slam_toolbox' for CMake config files
[0.978s] Level 1:colcon.colcon_core.shell:create_environment_hook('slam_toolbox', 'cmake_prefix_path')
[0.978s] INFO:colcon.colcon_core.shell:Creating environment hook '/home/malik/controller-benchmarks/ros2/install/slam_toolbox/share/slam_toolbox/hook/cmake_prefix_path.ps1'
[0.978s] INFO:colcon.colcon_core.shell:Creating environment descriptor '/home/malik/controller-benchmarks/ros2/install/slam_toolbox/share/slam_toolbox/hook/cmake_prefix_path.dsv'
[0.979s] INFO:colcon.colcon_core.shell:Creating environment hook '/home/malik/controller-benchmarks/ros2/install/slam_toolbox/share/slam_toolbox/hook/cmake_prefix_path.sh'
[0.980s] Level 1:colcon.colcon_core.environment:checking '/home/malik/controller-benchmarks/ros2/install/slam_toolbox/lib'
[0.980s] Level 1:colcon.colcon_core.shell:create_environment_hook('slam_toolbox', 'ld_library_path_lib')
[0.980s] INFO:colcon.colcon_core.shell:Creating environment hook '/home/malik/controller-benchmarks/ros2/install/slam_toolbox/share/slam_toolbox/hook/ld_library_path_lib.ps1'
[0.981s] INFO:colcon.colcon_core.shell:Creating environment descriptor '/home/malik/controller-benchmarks/ros2/install/slam_toolbox/share/slam_toolbox/hook/ld_library_path_lib.dsv'
[0.981s] INFO:colcon.colcon_core.shell:Creating environment hook '/home/malik/controller-benchmarks/ros2/install/slam_toolbox/share/slam_toolbox/hook/ld_library_path_lib.sh'
[0.982s] Level 1:colcon.colcon_core.environment:checking '/home/malik/controller-benchmarks/ros2/install/slam_toolbox/bin'
[0.982s] Level 1:colcon.colcon_core.environment:checking '/home/malik/controller-benchmarks/ros2/install/slam_toolbox/lib/pkgconfig/slam_toolbox.pc'
[0.982s] Level 1:colcon.colcon_core.environment:checking '/home/malik/controller-benchmarks/ros2/install/slam_toolbox/lib/python3.10/site-packages'
[0.983s] Level 1:colcon.colcon_core.environment:checking '/home/malik/controller-benchmarks/ros2/install/slam_toolbox/bin'
[0.983s] INFO:colcon.colcon_core.shell:Creating package script '/home/malik/controller-benchmarks/ros2/install/slam_toolbox/share/slam_toolbox/package.ps1'
[0.984s] INFO:colcon.colcon_core.shell:Creating package descriptor '/home/malik/controller-benchmarks/ros2/install/slam_toolbox/share/slam_toolbox/package.dsv'
[0.985s] INFO:colcon.colcon_core.shell:Creating package script '/home/malik/controller-benchmarks/ros2/install/slam_toolbox/share/slam_toolbox/package.sh'
[0.985s] INFO:colcon.colcon_core.shell:Creating package script '/home/malik/controller-benchmarks/ros2/install/slam_toolbox/share/slam_toolbox/package.bash'
[0.986s] INFO:colcon.colcon_core.shell:Creating package script '/home/malik/controller-benchmarks/ros2/install/slam_toolbox/share/slam_toolbox/package.zsh'
[0.987s] Level 1:colcon.colcon_core.environment:create_file_with_runtime_dependencies(/home/malik/controller-benchmarks/ros2/install/slam_toolbox/share/colcon-core/packages/slam_toolbox)
[0.987s] Level 1:colcon.colcon_core.environment:create_environment_scripts_only(slam_toolbox)
[0.988s] Level 1:colcon.colcon_core.environment:checking '/home/malik/controller-benchmarks/ros2/install/slam_toolbox' for CMake module files
[0.989s] Level 1:colcon.colcon_core.environment:checking '/home/malik/controller-benchmarks/ros2/install/slam_toolbox' for CMake config files
[0.991s] Level 1:colcon.colcon_core.shell:create_environment_hook('slam_toolbox', 'cmake_prefix_path')
[0.991s] INFO:colcon.colcon_core.shell:Creating environment hook '/home/malik/controller-benchmarks/ros2/install/slam_toolbox/share/slam_toolbox/hook/cmake_prefix_path.ps1'
[0.992s] INFO:colcon.colcon_core.shell:Creating environment descriptor '/home/malik/controller-benchmarks/ros2/install/slam_toolbox/share/slam_toolbox/hook/cmake_prefix_path.dsv'
[0.992s] INFO:colcon.colcon_core.shell:Creating environment hook '/home/malik/controller-benchmarks/ros2/install/slam_toolbox/share/slam_toolbox/hook/cmake_prefix_path.sh'
[0.993s] Level 1:colcon.colcon_core.environment:checking '/home/malik/controller-benchmarks/ros2/install/slam_toolbox/lib'
[0.993s] Level 1:colcon.colcon_core.shell:create_environment_hook('slam_toolbox', 'ld_library_path_lib')
[0.993s] INFO:colcon.colcon_core.shell:Creating environment hook '/home/malik/controller-benchmarks/ros2/install/slam_toolbox/share/slam_toolbox/hook/ld_library_path_lib.ps1'
[0.993s] INFO:colcon.colcon_core.shell:Creating environment descriptor '/home/malik/controller-benchmarks/ros2/install/slam_toolbox/share/slam_toolbox/hook/ld_library_path_lib.dsv'
[0.994s] INFO:colcon.colcon_core.shell:Creating environment hook '/home/malik/controller-benchmarks/ros2/install/slam_toolbox/share/slam_toolbox/hook/ld_library_path_lib.sh'
[0.995s] Level 1:colcon.colcon_core.environment:checking '/home/malik/controller-benchmarks/ros2/install/slam_toolbox/bin'
[0.995s] Level 1:colcon.colcon_core.environment:checking '/home/malik/controller-benchmarks/ros2/install/slam_toolbox/lib/pkgconfig/slam_toolbox.pc'
[0.995s] Level 1:colcon.colcon_core.environment:checking '/home/malik/controller-benchmarks/ros2/install/slam_toolbox/lib/python3.10/site-packages'
[0.995s] Level 1:colcon.colcon_core.environment:checking '/home/malik/controller-benchmarks/ros2/install/slam_toolbox/bin'
[0.995s] INFO:colcon.colcon_core.shell:Creating package script '/home/malik/controller-benchmarks/ros2/install/slam_toolbox/share/slam_toolbox/package.ps1'
[0.996s] INFO:colcon.colcon_core.shell:Creating package descriptor '/home/malik/controller-benchmarks/ros2/install/slam_toolbox/share/slam_toolbox/package.dsv'
[0.997s] INFO:colcon.colcon_core.shell:Creating package script '/home/malik/controller-benchmarks/ros2/install/slam_toolbox/share/slam_toolbox/package.sh'
[0.997s] INFO:colcon.colcon_core.shell:Creating package script '/home/malik/controller-benchmarks/ros2/install/slam_toolbox/share/slam_toolbox/package.bash'
[0.997s] INFO:colcon.colcon_core.shell:Creating package script '/home/malik/controller-benchmarks/ros2/install/slam_toolbox/share/slam_toolbox/package.zsh'
[0.998s] Level 1:colcon.colcon_core.environment:create_file_with_runtime_dependencies(/home/malik/controller-benchmarks/ros2/install/slam_toolbox/share/colcon-core/packages/slam_toolbox)
[0.998s] INFO:colcon.colcon_ros.task.ament_python.build:Building ROS package in '/home/malik/controller-benchmarks/ros2/autodrive_f1tenth' with build type 'ament_python'
[0.999s] Level 1:colcon.colcon_core.shell:create_environment_hook('autodrive_f1tenth', 'ament_prefix_path')
[0.999s] INFO:colcon.colcon_core.shell:Creating environment hook '/home/malik/controller-benchmarks/ros2/install/autodrive_f1tenth/share/autodrive_f1tenth/hook/ament_prefix_path.ps1'
[0.999s] INFO:colcon.colcon_core.shell:Creating environment descriptor '/home/malik/controller-benchmarks/ros2/install/autodrive_f1tenth/share/autodrive_f1tenth/hook/ament_prefix_path.dsv'
[1.000s] INFO:colcon.colcon_core.shell:Creating environment hook '/home/malik/controller-benchmarks/ros2/install/autodrive_f1tenth/share/autodrive_f1tenth/hook/ament_prefix_path.sh'
[1.000s] INFO:colcon.colcon_core.shell:Skip shell extension 'powershell' for command environment: Not usable outside of PowerShell
[1.000s] DEBUG:colcon.colcon_core.shell:Skip shell extension 'dsv' for command environment
[1.281s] INFO:colcon.colcon_core.task.python.build:Building Python package in '/home/malik/controller-benchmarks/ros2/autodrive_f1tenth'
[1.281s] INFO:colcon.colcon_core.shell:Skip shell extension 'powershell' for command environment: Not usable outside of PowerShell
[1.281s] DEBUG:colcon.colcon_core.shell:Skip shell extension 'dsv' for command environment
[1.632s] DEBUG:colcon.colcon_core.event_handler.log_command:Invoking command in '/home/malik/controller-benchmarks/ros2/build/autodrive_f1tenth': PS1=\[\e[38;5;81m\]\u@\h \[\e[38;5;226m\]\w \[\e[0m\]$ PYTHONPATH=/home/malik/controller-benchmarks/ros2/build/autodrive_f1tenth/prefix_override:/usr/lib/python3/dist-packages/colcon_core/task/python/colcon_distutils_commands:/home/malik/controller-benchmarks/ros2/install/autodrive_f1tenth/lib/python3.10/site-packages:${PYTHONPATH} /usr/bin/python3 -W ignore:setup.py install is deprecated -W ignore:easy_install command is deprecated setup.py develop --editable --build-directory /home/malik/controller-benchmarks/ros2/build/autodrive_f1tenth/build --no-deps symlink_data
[2.105s] Level 1:colcon.colcon_core.shell:create_environment_hook('autodrive_f1tenth', 'pythonpath_develop')
[2.105s] INFO:colcon.colcon_core.shell:Creating environment hook '/home/malik/controller-benchmarks/ros2/build/autodrive_f1tenth/share/autodrive_f1tenth/hook/pythonpath_develop.ps1'
[2.106s] DEBUG:colcon.colcon_core.event_handler.log_command:Invoked command in '/home/malik/controller-benchmarks/ros2/build/autodrive_f1tenth' returned '0': PS1=\[\e[38;5;81m\]\u@\h \[\e[38;5;226m\]\w \[\e[0m\]$ PYTHONPATH=/home/malik/controller-benchmarks/ros2/build/autodrive_f1tenth/prefix_override:/usr/lib/python3/dist-packages/colcon_core/task/python/colcon_distutils_commands:/home/malik/controller-benchmarks/ros2/install/autodrive_f1tenth/lib/python3.10/site-packages:${PYTHONPATH} /usr/bin/python3 -W ignore:setup.py install is deprecated -W ignore:easy_install command is deprecated setup.py develop --editable --build-directory /home/malik/controller-benchmarks/ros2/build/autodrive_f1tenth/build --no-deps symlink_data
[2.106s] INFO:colcon.colcon_core.shell:Creating environment descriptor '/home/malik/controller-benchmarks/ros2/build/autodrive_f1tenth/share/autodrive_f1tenth/hook/pythonpath_develop.dsv'
[2.106s] INFO:colcon.colcon_core.shell:Creating environment hook '/home/malik/controller-benchmarks/ros2/build/autodrive_f1tenth/share/autodrive_f1tenth/hook/pythonpath_develop.sh'
[2.107s] Level 1:colcon.colcon_core.environment:checking '/home/malik/controller-benchmarks/ros2/install/autodrive_f1tenth' for CMake module files
[2.107s] Level 1:colcon.colcon_core.environment:checking '/home/malik/controller-benchmarks/ros2/install/autodrive_f1tenth' for CMake config files
[2.108s] Level 1:colcon.colcon_core.environment:checking '/home/malik/controller-benchmarks/ros2/install/autodrive_f1tenth/lib'
[2.108s] Level 1:colcon.colcon_core.environment:checking '/home/malik/controller-benchmarks/ros2/install/autodrive_f1tenth/bin'
[2.108s] Level 1:colcon.colcon_core.environment:checking '/home/malik/controller-benchmarks/ros2/install/autodrive_f1tenth/lib/pkgconfig/autodrive_f1tenth.pc'
[2.109s] Level 1:colcon.colcon_core.environment:checking '/home/malik/controller-benchmarks/ros2/install/autodrive_f1tenth/lib/python3.10/site-packages'
[2.109s] Level 1:colcon.colcon_core.shell:create_environment_hook('autodrive_f1tenth', 'pythonpath')
[2.109s] INFO:colcon.colcon_core.shell:Creating environment hook '/home/malik/controller-benchmarks/ros2/install/autodrive_f1tenth/share/autodrive_f1tenth/hook/pythonpath.ps1'
[2.109s] INFO:colcon.colcon_core.shell:Creating environment descriptor '/home/malik/controller-benchmarks/ros2/install/autodrive_f1tenth/share/autodrive_f1tenth/hook/pythonpath.dsv'
[2.110s] INFO:colcon.colcon_core.shell:Creating environment hook '/home/malik/controller-benchmarks/ros2/install/autodrive_f1tenth/share/autodrive_f1tenth/hook/pythonpath.sh'
[2.110s] Level 1:colcon.colcon_core.environment:checking '/home/malik/controller-benchmarks/ros2/install/autodrive_f1tenth/bin'
[2.110s] Level 1:colcon.colcon_core.environment:create_environment_scripts_only(autodrive_f1tenth)
[2.110s] INFO:colcon.colcon_core.shell:Creating package script '/home/malik/controller-benchmarks/ros2/install/autodrive_f1tenth/share/autodrive_f1tenth/package.ps1'
[2.111s] INFO:colcon.colcon_core.shell:Creating package descriptor '/home/malik/controller-benchmarks/ros2/install/autodrive_f1tenth/share/autodrive_f1tenth/package.dsv'
[2.112s] INFO:colcon.colcon_core.shell:Creating package script '/home/malik/controller-benchmarks/ros2/install/autodrive_f1tenth/share/autodrive_f1tenth/package.sh'
[2.112s] INFO:colcon.colcon_core.shell:Creating package script '/home/malik/controller-benchmarks/ros2/install/autodrive_f1tenth/share/autodrive_f1tenth/package.bash'
[2.113s] INFO:colcon.colcon_core.shell:Creating package script '/home/malik/controller-benchmarks/ros2/install/autodrive_f1tenth/share/autodrive_f1tenth/package.zsh'
[2.113s] Level 1:colcon.colcon_core.environment:create_file_with_runtime_dependencies(/home/malik/controller-benchmarks/ros2/install/autodrive_f1tenth/share/colcon-core/packages/autodrive_f1tenth)
[2.114s] DEBUG:colcon.colcon_parallel_executor.executor.parallel:closing loop
[2.114s] DEBUG:colcon.colcon_parallel_executor.executor.parallel:loop closed
[2.114s] DEBUG:colcon.colcon_parallel_executor.executor.parallel:run_until_complete finished with '0'
[2.115s] DEBUG:colcon.colcon_core.event_reactor:joining thread
[2.120s] INFO:colcon.colcon_core.plugin_system:Skipping extension 'colcon_notification.desktop_notification.terminal_notifier': Not used on non-Darwin systems
[2.121s] INFO:colcon.colcon_core.plugin_system:Skipping extension 'colcon_notification.desktop_notification.win32': Not used on non-Windows systems
[2.121s] INFO:colcon.colcon_notification.desktop_notification:Sending desktop notification using 'notify2'
[2.133s] DEBUG:colcon.colcon_core.event_reactor:joined thread
[2.133s] INFO:colcon.colcon_core.shell:Creating prefix script '/home/malik/controller-benchmarks/ros2/install/local_setup.ps1'
[2.134s] INFO:colcon.colcon_core.shell:Creating prefix util module '/home/malik/controller-benchmarks/ros2/install/_local_setup_util_ps1.py'
[2.135s] INFO:colcon.colcon_core.shell:Creating prefix chain script '/home/malik/controller-benchmarks/ros2/install/setup.ps1'
[2.136s] INFO:colcon.colcon_core.shell:Creating prefix script '/home/malik/controller-benchmarks/ros2/install/local_setup.sh'
[2.137s] INFO:colcon.colcon_core.shell:Creating prefix util module '/home/malik/controller-benchmarks/ros2/install/_local_setup_util_sh.py'
[2.137s] INFO:colcon.colcon_core.shell:Creating prefix chain script '/home/malik/controller-benchmarks/ros2/install/setup.sh'
[2.139s] INFO:colcon.colcon_core.shell:Creating prefix script '/home/malik/controller-benchmarks/ros2/install/local_setup.bash'
[2.140s] INFO:colcon.colcon_core.shell:Creating prefix chain script '/home/malik/controller-benchmarks/ros2/install/setup.bash'
[2.141s] INFO:colcon.colcon_core.shell:Creating prefix script '/home/malik/controller-benchmarks/ros2/install/local_setup.zsh'
[2.141s] INFO:colcon.colcon_core.shell:Creating prefix chain script '/home/malik/controller-benchmarks/ros2/install/setup.zsh'
