[0.609s] Invoking command in '/home/malik/ros2_ws/build/autodrive_f1tenth': PS1=\[\e[38;5;81m\]\u@\h \[\e[38;5;226m\]\w \[\e[0m\]$ PYTHONPATH=/home/malik/ros2_ws/build/autodrive_f1tenth/prefix_override:/usr/lib/python3/dist-packages/colcon_core/task/python/colcon_distutils_commands:/home/malik/ros2_ws/install/autodrive_f1tenth/lib/python3.10/site-packages:${PYTHONPATH} /usr/bin/python3 -W ignore:setup.py install is deprecated -W ignore:easy_install command is deprecated setup.py develop --editable --build-directory /home/malik/ros2_ws/build/autodrive_f1tenth/build --no-deps symlink_data
[0.851s] running develop
[1.007s] running egg_info
[1.007s] writing autodrive_f1tenth.egg-info/PKG-INFO
[1.007s] writing dependency_links to autodrive_f1tenth.egg-info/dependency_links.txt
[1.007s] writing entry points to autodrive_f1tenth.egg-info/entry_points.txt
[1.007s] writing requirements to autodrive_f1tenth.egg-info/requires.txt
[1.007s] writing top-level names to autodrive_f1tenth.egg-info/top_level.txt
[1.009s] reading manifest file 'autodrive_f1tenth.egg-info/SOURCES.txt'
[1.010s] writing manifest file 'autodrive_f1tenth.egg-info/SOURCES.txt'
[1.011s] running build_ext
[1.011s] Creating /home/malik/ros2_ws/install/autodrive_f1tenth/lib/python3.10/site-packages/autodrive-f1tenth.egg-link (link to .)
[1.012s] Installing autodrive_incoming_bridge script to /home/malik/ros2_ws/install/autodrive_f1tenth/lib/autodrive_f1tenth
[1.013s] Installing autodrive_incoming_bridge_2 script to /home/malik/ros2_ws/install/autodrive_f1tenth/lib/autodrive_f1tenth
[1.013s] Installing autodrive_outgoing_bridge script to /home/malik/ros2_ws/install/autodrive_f1tenth/lib/autodrive_f1tenth
[1.013s] Installing autodrive_outgoing_bridge_2 script to /home/malik/ros2_ws/install/autodrive_f1tenth/lib/autodrive_f1tenth
[1.013s] Installing confidence_log script to /home/malik/ros2_ws/install/autodrive_f1tenth/lib/autodrive_f1tenth
[1.013s] Installing dl_slot script to /home/malik/ros2_ws/install/autodrive_f1tenth/lib/autodrive_f1tenth
[1.013s] Installing dl_slot_scan script to /home/malik/ros2_ws/install/autodrive_f1tenth/lib/autodrive_f1tenth
[1.013s] Installing follow_stack script to /home/malik/ros2_ws/install/autodrive_f1tenth/lib/autodrive_f1tenth
[1.013s] Installing gap_follow script to /home/malik/ros2_ws/install/autodrive_f1tenth/lib/autodrive_f1tenth
[1.013s] Installing overtake_decision script to /home/malik/ros2_ws/install/autodrive_f1tenth/lib/autodrive_f1tenth
[1.013s] Installing plot_pure_pursuit_runs script to /home/malik/ros2_ws/install/autodrive_f1tenth/lib/autodrive_f1tenth
[1.013s] Installing pure_pursuit script to /home/malik/ros2_ws/install/autodrive_f1tenth/lib/autodrive_f1tenth
[1.013s] Installing pure_pursuit_target script to /home/malik/ros2_ws/install/autodrive_f1tenth/lib/autodrive_f1tenth
[1.013s] Installing safety script to /home/malik/ros2_ws/install/autodrive_f1tenth/lib/autodrive_f1tenth
[1.013s] Installing slam script to /home/malik/ros2_ws/install/autodrive_f1tenth/lib/autodrive_f1tenth
[1.014s] Installing slam_tf_logger script to /home/malik/ros2_ws/install/autodrive_f1tenth/lib/autodrive_f1tenth
[1.014s] Installing slam_toolbox_bridge script to /home/malik/ros2_ws/install/autodrive_f1tenth/lib/autodrive_f1tenth
[1.014s] Installing slam_toolbox_map_logger script to /home/malik/ros2_ws/install/autodrive_f1tenth/lib/autodrive_f1tenth
[1.014s] Installing target_vehicle_tracker script to /home/malik/ros2_ws/install/autodrive_f1tenth/lib/autodrive_f1tenth
[1.014s] Installing target_vehicle_tracker_foreground script to /home/malik/ros2_ws/install/autodrive_f1tenth/lib/autodrive_f1tenth
[1.014s] Installing teleop_keyboard script to /home/malik/ros2_ws/install/autodrive_f1tenth/lib/autodrive_f1tenth
[1.014s] Installing thesis script to /home/malik/ros2_ws/install/autodrive_f1tenth/lib/autodrive_f1tenth
[1.014s] 
[1.014s] Installed /home/malik/ros2_ws/build/autodrive_f1tenth
[1.014s] running symlink_data
[1.014s] symbolically linking /home/malik/ros2_ws/build/autodrive_f1tenth/launch/physical_tracking.launch.py -> /home/malik/ros2_ws/install/autodrive_f1tenth/share/autodrive_f1tenth/launch
[1.015s] symbolically linking /home/malik/ros2_ws/build/autodrive_f1tenth/launch/physical_slam.launch.py -> /home/malik/ros2_ws/install/autodrive_f1tenth/share/autodrive_f1tenth/launch
[1.015s] symbolically linking /home/malik/ros2_ws/build/autodrive_f1tenth/launch/slam_toolbox_physical.launch.py -> /home/malik/ros2_ws/install/autodrive_f1tenth/share/autodrive_f1tenth/launch
[1.049s] Invoked command in '/home/malik/ros2_ws/build/autodrive_f1tenth' returned '0': PS1=\[\e[38;5;81m\]\u@\h \[\e[38;5;226m\]\w \[\e[0m\]$ PYTHONPATH=/home/malik/ros2_ws/build/autodrive_f1tenth/prefix_override:/usr/lib/python3/dist-packages/colcon_core/task/python/colcon_distutils_commands:/home/malik/ros2_ws/install/autodrive_f1tenth/lib/python3.10/site-packages:${PYTHONPATH} /usr/bin/python3 -W ignore:setup.py install is deprecated -W ignore:easy_install command is deprecated setup.py develop --editable --build-directory /home/malik/ros2_ws/build/autodrive_f1tenth/build --no-deps symlink_data
