running develop
Removing /home/malik/ros2_ws/install/autodrive_nigel/lib/python3.10/site-packages/autodrive-nigel.egg-link (link to .)
running egg_info
writing ../../../build/autodrive_nigel/autodrive_nigel.egg-info/PKG-INFO
writing dependency_links to ../../../build/autodrive_nigel/autodrive_nigel.egg-info/dependency_links.txt
writing entry points to ../../../build/autodrive_nigel/autodrive_nigel.egg-info/entry_points.txt
writing requirements to ../../../build/autodrive_nigel/autodrive_nigel.egg-info/requires.txt
writing top-level names to ../../../build/autodrive_nigel/autodrive_nigel.egg-info/top_level.txt
reading manifest file '../../../build/autodrive_nigel/autodrive_nigel.egg-info/SOURCES.txt'
writing manifest file '../../../build/autodrive_nigel/autodrive_nigel.egg-info/SOURCES.txt'
running build
running build_py
running install
running install_lib
creating /home/malik/ros2_ws/install/autodrive_nigel/lib/python3.10/site-packages/autodrive_nigel
copying /home/malik/ros2_ws/build/autodrive_nigel/build/lib/autodrive_nigel/__init__.py -> /home/malik/ros2_ws/install/autodrive_nigel/lib/python3.10/site-packages/autodrive_nigel
copying /home/malik/ros2_ws/build/autodrive_nigel/build/lib/autodrive_nigel/teleop_keyboard.py -> /home/malik/ros2_ws/install/autodrive_nigel/lib/python3.10/site-packages/autodrive_nigel
copying /home/malik/ros2_ws/build/autodrive_nigel/build/lib/autodrive_nigel/config.py -> /home/malik/ros2_ws/install/autodrive_nigel/lib/python3.10/site-packages/autodrive_nigel
copying /home/malik/ros2_ws/build/autodrive_nigel/build/lib/autodrive_nigel/autodrive_outgoing_bridge.py -> /home/malik/ros2_ws/install/autodrive_nigel/lib/python3.10/site-packages/autodrive_nigel
copying /home/malik/ros2_ws/build/autodrive_nigel/build/lib/autodrive_nigel/autodrive_incoming_bridge.py -> /home/malik/ros2_ws/install/autodrive_nigel/lib/python3.10/site-packages/autodrive_nigel
byte-compiling /home/malik/ros2_ws/install/autodrive_nigel/lib/python3.10/site-packages/autodrive_nigel/__init__.py to __init__.cpython-310.pyc
byte-compiling /home/malik/ros2_ws/install/autodrive_nigel/lib/python3.10/site-packages/autodrive_nigel/teleop_keyboard.py to teleop_keyboard.cpython-310.pyc
byte-compiling /home/malik/ros2_ws/install/autodrive_nigel/lib/python3.10/site-packages/autodrive_nigel/config.py to config.cpython-310.pyc
byte-compiling /home/malik/ros2_ws/install/autodrive_nigel/lib/python3.10/site-packages/autodrive_nigel/autodrive_outgoing_bridge.py to autodrive_outgoing_bridge.cpython-310.pyc
byte-compiling /home/malik/ros2_ws/install/autodrive_nigel/lib/python3.10/site-packages/autodrive_nigel/autodrive_incoming_bridge.py to autodrive_incoming_bridge.cpython-310.pyc
running install_data
copying resource/autodrive_nigel -> /home/malik/ros2_ws/install/autodrive_nigel/share/ament_index/resource_index/packages
copying package.xml -> /home/malik/ros2_ws/install/autodrive_nigel/share/autodrive_nigel
copying launch/simulator/simulator_bringup_rviz.launch.py -> /home/malik/ros2_ws/install/autodrive_nigel/share/autodrive_nigel/launch/simulator
copying launch/simulator/simulator_bringup_headless.launch.py -> /home/malik/ros2_ws/install/autodrive_nigel/share/autodrive_nigel/launch/simulator
copying rviz/simulator/simulator.rviz -> /home/malik/ros2_ws/install/autodrive_nigel/share/autodrive_nigel/rviz/simulator
running install_egg_info
Copying ../../../build/autodrive_nigel/autodrive_nigel.egg-info to /home/malik/ros2_ws/install/autodrive_nigel/lib/python3.10/site-packages/autodrive_nigel-0.1.0-py3.10.egg-info
running install_scripts
Installing autodrive_incoming_bridge script to /home/malik/ros2_ws/install/autodrive_nigel/lib/autodrive_nigel
Installing autodrive_outgoing_bridge script to /home/malik/ros2_ws/install/autodrive_nigel/lib/autodrive_nigel
Installing teleop_keyboard script to /home/malik/ros2_ws/install/autodrive_nigel/lib/autodrive_nigel
writing list of installed files to '/home/malik/ros2_ws/build/autodrive_nigel/install.log'
