In file included from /home/malik/controller-benchmarks/ros2/slam_toolbox/solvers/ceres_solver.hpp:17,
                 from /home/malik/controller-benchmarks/ros2/slam_toolbox/solvers/ceres_solver.cpp:9:
/home/malik/controller-benchmarks/ros2/slam_toolbox/solvers/ceres_utils.h:10:10: fatal error: ceres/autodiff_manifold.h: No such file or directory
   10 | #include <ceres/autodiff_manifold.h>
      |          ^~~~~~~~~~~~~~~~~~~~~~~~~~~
compilation terminated.
gmake[2]: *** [CMakeFiles/ceres_solver_plugin.dir/build.make:76: CMakeFiles/ceres_solver_plugin.dir/solvers/ceres_solver.cpp.o] Error 1
gmake[1]: *** [CMakeFiles/Makefile2:669: CMakeFiles/ceres_solver_plugin.dir/all] Error 2
gmake[1]: *** Waiting for unfinished jobs....
In file included from /usr/include/c++/11/memory:76,
                 from /home/malik/controller-benchmarks/ros2/slam_toolbox/src/slam_toolbox_common.cpp:19:
/usr/include/c++/11/bits/unique_ptr.h: In instantiation of ‘typename std::_MakeUniq<_Tp>::__single_object std::make_unique(_Args&& ...) [with _Tp = message_filters::Subscriber<sensor_msgs::msg::LaserScan_<std::allocator<void> > >; _Args = {rclcpp_lifecycle::LifecycleNode*, std::__cxx11::basic_string<char, std::char_traits<char>, std::allocator<char> >&, rclcpp::SensorDataQoS}; typename std::_MakeUniq<_Tp>::__single_object = std::unique_ptr<message_filters::Subscriber<sensor_msgs::msg::LaserScan_<std::allocator<void> > > >]’:
/home/malik/controller-benchmarks/ros2/slam_toolbox/src/slam_toolbox_common.cpp:502:79:   required from here
/usr/include/c++/11/bits/unique_ptr.h:962:30: error: no matching function for call to ‘message_filters::Subscriber<sensor_msgs::msg::LaserScan_<std::allocator<void> > >::Subscriber(rclcpp_lifecycle::LifecycleNode*, std::__cxx11::basic_string<char>&, rclcpp::SensorDataQoS)’
  962 |     { return unique_ptr<_Tp>(new _Tp(std::forward<_Args>(__args)...)); }
      |                              ^~~~~~~~~~~~~~~~~~~~~~~~~~~~~~~~~~~~~~~
In file included from /opt/ros/humble/include/message_filters/message_filters/subscriber.hpp:32,
                 from /home/malik/controller-benchmarks/ros2/slam_toolbox/include/slam_toolbox/slam_toolbox_common.hpp:39,
                 from /home/malik/controller-benchmarks/ros2/slam_toolbox/src/slam_toolbox_common.cpp:23:
/opt/ros/humble/include/message_filters/message_filters/subscriber.h:203:3: note: candidate: ‘message_filters::Subscriber<M, NodeType>::Subscriber() [with M = sensor_msgs::msg::LaserScan_<std::allocator<void> >; NodeType = rclcpp::Node]’
  203 |   Subscriber() = default;
      |   ^~~~~~~~~~
/opt/ros/humble/include/message_filters/message_filters/subscriber.h:203:3: note:   candidate expects 0 arguments, 3 provided
/opt/ros/humble/include/message_filters/message_filters/subscriber.h:191:3: note: candidate: ‘message_filters::Subscriber<M, NodeType>::Subscriber(NodeType*, const string&, rmw_qos_profile_t, rclcpp::SubscriptionOptions) [with M = sensor_msgs::msg::LaserScan_<std::allocator<void> >; NodeType = rclcpp::Node; std::string = std::__cxx11::basic_string<char>; rmw_qos_profile_t = rmw_qos_profile_s; rclcpp::SubscriptionOptions = rclcpp::SubscriptionOptionsWithAllocator<std::allocator<void> >]’
  191 |   Subscriber(
      |   ^~~~~~~~~~
/opt/ros/humble/include/message_filters/message_filters/subscriber.h:191:3: note:   candidate expects 4 arguments, 3 provided
/opt/ros/humble/include/message_filters/message_filters/subscriber.h:182:3: note: candidate: ‘message_filters::Subscriber<M, NodeType>::Subscriber(message_filters::Subscriber<M, NodeType>::NodePtr, const string&, rmw_qos_profile_t, rclcpp::SubscriptionOptions) [with M = sensor_msgs::msg::LaserScan_<std::allocator<void> >; NodeType = rclcpp::Node; message_filters::Subscriber<M, NodeType>::NodePtr = std::shared_ptr<rclcpp::Node>; std::string = std::__cxx11::basic_string<char>; rmw_qos_profile_t = rmw_qos_profile_s; rclcpp::SubscriptionOptions = rclcpp::SubscriptionOptionsWithAllocator<std::allocator<void> >]’
  182 |   Subscriber(
      |   ^~~~~~~~~~
/opt/ros/humble/include/message_filters/message_filters/subscriber.h:182:3: note:   candidate expects 4 arguments, 3 provided
/opt/ros/humble/include/message_filters/message_filters/subscriber.h:167:3: note: candidate: ‘message_filters::Subscriber<M, NodeType>::Subscriber(NodeType*, const string&, rmw_qos_profile_t) [with M = sensor_msgs::msg::LaserScan_<std::allocator<void> >; NodeType = rclcpp::Node; std::string = std::__cxx11::basic_string<char>; rmw_qos_profile_t = rmw_qos_profile_s]’
  167 |   Subscriber(NodeType * node, const std::string& topic, const rmw_qos_profile_t qos = rmw_qos_profile_default)
      |   ^~~~~~~~~~
/opt/ros/humble/include/message_filters/message_filters/subscriber.h:167:25: note:   no known conversion for argument 1 from ‘rclcpp_lifecycle::LifecycleNode*’ to ‘rclcpp::Node*’
  167 |   Subscriber(NodeType * node, const std::string& topic, const rmw_qos_profile_t qos = rmw_qos_profile_default)
      |              ~~~~~~~~~~~^~~~
/opt/ros/humble/include/message_filters/message_filters/subscriber.h:162:3: note: candidate: ‘message_filters::Subscriber<M, NodeType>::Subscriber(message_filters::Subscriber<M, NodeType>::NodePtr, const string&, rmw_qos_profile_t) [with M = sensor_msgs::msg::LaserScan_<std::allocator<void> >; NodeType = rclcpp::Node; message_filters::Subscriber<M, NodeType>::NodePtr = std::shared_ptr<rclcpp::Node>; std::string = std::__cxx11::basic_string<char>; rmw_qos_profile_t = rmw_qos_profile_s]’
  162 |   Subscriber(NodePtr node, const std::string& topic, const rmw_qos_profile_t qos = rmw_qos_profile_default)
      |   ^~~~~~~~~~
/opt/ros/humble/include/message_filters/message_filters/subscriber.h:162:22: note:   no known conversion for argument 1 from ‘rclcpp_lifecycle::LifecycleNode*’ to ‘message_filters::Subscriber<sensor_msgs::msg::LaserScan_<std::allocator<void> > >::NodePtr’ {aka ‘std::shared_ptr<rclcpp::Node>’}
  162 |   Subscriber(NodePtr node, const std::string& topic, const rmw_qos_profile_t qos = rmw_qos_profile_default)
      |              ~~~~~~~~^~~~
gmake[2]: *** [CMakeFiles/toolbox_common.dir/build.make:76: CMakeFiles/toolbox_common.dir/src/slam_toolbox_common.cpp.o] Error 1
gmake[2]: *** Waiting for unfinished jobs....
gmake[1]: *** [CMakeFiles/Makefile2:697: CMakeFiles/toolbox_common.dir/all] Error 2
gmake: *** [Makefile:146: all] Error 2
