[0.008s] Invoking command in '/home/malik/controller-benchmarks/ros2/build/slam_toolbox': CMAKE_PREFIX_PATH=/home/malik/ros2_ws/install/autodrive_nigel:/home/malik/ros2_ws/install/autodrive_f1tenth:/opt/ros/humble /usr/bin/cmake /home/malik/controller-benchmarks/ros2/slam_toolbox -DCMAKE_INSTALL_PREFIX=/home/malik/controller-benchmarks/ros2/install/slam_toolbox
[0.017s] -- Found ament_cmake: 1.3.12 (/opt/ros/humble/share/ament_cmake/cmake)
[0.112s] -- Found message_filters: 4.3.8 (/opt/ros/humble/share/message_filters/cmake)
[0.135s] -- Found rosidl_generator_c: 3.1.7 (/opt/ros/humble/share/rosidl_generator_c/cmake)
[0.137s] -- Found rosidl_adapter: 3.1.7 (/opt/ros/humble/share/rosidl_adapter/cmake)
[0.142s] -- Found rosidl_generator_cpp: 3.1.7 (/opt/ros/humble/share/rosidl_generator_cpp/cmake)
[0.149s] -- Using all available rosidl_typesupport_c: rosidl_typesupport_fastrtps_c;rosidl_typesupport_introspection_c
[0.158s] -- Using all available rosidl_typesupport_cpp: rosidl_typesupport_fastrtps_cpp;rosidl_typesupport_introspection_cpp
[0.183s] -- Found rmw_implementation_cmake: 6.1.2 (/opt/ros/humble/share/rmw_implementation_cmake/cmake)
[0.184s] -- Found rmw_fastrtps_cpp: 6.2.8 (/opt/ros/humble/share/rmw_fastrtps_cpp/cmake)
[0.259s] -- Using RMW implementation 'rmw_fastrtps_cpp' as default
[0.298s] -- Found nav_msgs: 4.9.0 (/opt/ros/humble/share/nav_msgs/cmake)
[0.321s] -- Found sensor_msgs: 4.9.0 (/opt/ros/humble/share/sensor_msgs/cmake)
[0.334s] -- Found tf2: 0.25.16 (/opt/ros/humble/share/tf2/cmake)
[0.337s] -- Found tf2_ros: 0.25.16 (/opt/ros/humble/share/tf2_ros/cmake)
[0.398s] -- Found visualization_msgs: 4.9.0 (/opt/ros/humble/share/visualization_msgs/cmake)
[0.414s] -- Found pluginlib: 5.1.0 (/opt/ros/humble/share/pluginlib/cmake)
[0.423s] -- Found tf2_geometry_msgs: 0.25.16 (/opt/ros/humble/share/tf2_geometry_msgs/cmake)
[0.426s] -- Found eigen3_cmake_module: 0.1.1 (/opt/ros/humble/share/eigen3_cmake_module/cmake)
[0.427s] -- Ensuring Eigen3 include directory is part of orocos-kdl CMake target
[0.428s] -- Found tf2_sensor_msgs: 0.25.16 (/opt/ros/humble/share/tf2_sensor_msgs/cmake)
[0.431s] -- Found std_srvs: 4.9.0 (/opt/ros/humble/share/std_srvs/cmake)
[0.439s] -- Found rosidl_default_generators: 1.2.0 (/opt/ros/humble/share/rosidl_default_generators/cmake)
[0.444s] -- Found lifecycle_msgs: 1.2.2 (/opt/ros/humble/share/lifecycle_msgs/cmake)
[0.451s] -- Found bondcpp: 4.1.2 (/opt/ros/humble/share/bondcpp/cmake)
[0.472s] -- Found rviz_common: 11.2.19 (/opt/ros/humble/share/rviz_common/cmake)
[0.479s] -- Setting assimp_DIR to: '/opt/ros/humble/share/rviz_assimp_vendor/cmake/../../../opt/rviz_assimp_vendor/lib/cmake/assimp-4.1'
[0.482s] -- Setting OGRE_DIR to: '/opt/ros/humble/share/rviz_ogre_vendor/cmake/../../../opt/rviz_ogre_vendor/lib/OGRE/cmake'
[0.483s] -- Found OGRE
[0.483s] --   static     : OFF
[0.483s] --   components : HLMS;MeshLodGenerator;Overlay;Paging;Property;RTShaderSystem;Terrain;Volume
[0.483s] --   plugins    : Plugin_BSPSceneManager;Plugin_OctreeSceneManager;Plugin_PCZSceneManager;Plugin_ParticleFX;RenderSystem_GL;RenderSystem_GL3Plus;Codec_STBI
[0.483s] --   media      : /opt/ros/humble/opt/rviz_ogre_vendor/share/OGRE/Media
[0.483s] -- OGRE_LIBRARIES: OgreHLMS;OgreMeshLodGenerator;OgreOverlay;OgrePaging;OgreProperty;OgreRTShaderSystem;OgreTerrain;OgreVolume;OgreMain
[0.483s] -- OGRE_LIBRARY_DIRS: /opt/ros/humble/opt/rviz_ogre_vendor/lib
[0.483s] -- OGRE_PLUGINS: Plugin_BSPSceneManager;Plugin_OctreeSceneManager;Plugin_PCZSceneManager;Plugin_ParticleFX;RenderSystem_GL;RenderSystem_GL3Plus;Codec_STBI
[0.483s] -- OGRE_PLUGIN_DIR: /opt/ros/humble/opt/rviz_ogre_vendor/lib/OGRE
[0.483s] -- rviz_ogre_vendor::OgreOverlay for IMPORTED_LOCATION_RELEASE: /opt/ros/humble/opt/rviz_ogre_vendor/lib/libOgreOverlay.so
[0.483s] -- rviz_ogre_vendor::OgreOverlay for IMPORTED_LOCATION_DEBUG: /opt/ros/humble/opt/rviz_ogre_vendor/lib/libOgreOverlay.so
[0.483s] -- rviz_ogre_vendor::OgreMain for IMPORTED_LOCATION_RELEASE: /opt/ros/humble/opt/rviz_ogre_vendor/lib/libOgreMain.so
[0.483s] -- rviz_ogre_vendor::OgreMain for IMPORTED_LOCATION_DEBUG: /opt/ros/humble/opt/rviz_ogre_vendor/lib/libOgreMain.so
[0.484s] -- Could not find freeimage library
[0.533s] -- library: /usr/lib/x86_64-linux-gnu/libcurl.so
[0.545s] -- Found rviz_default_plugins: 11.2.19 (/opt/ros/humble/share/rviz_default_plugins/cmake)
[0.664s] -- Found required Ceres dependency: Eigen version 3.4.0 in /usr/include/eigen3
[0.665s] -- Found required Ceres dependency: glog
[0.665s] -- Found required Ceres dependency: gflags
[0.666s] -- Found Ceres version: 2.0.0 installed in: /usr with components: [EigenSparse, SparseLinearAlgebraLibrary, LAPACK, SuiteSparse, CXSparse, SchurSpecializations, Multithreading]
[1.014s] -- Found ament_cmake_ros: 0.10.0 (/opt/ros/humble/share/ament_cmake_ros/cmake)
[1.407s] -- Using all available rosidl_typesupport_c: rosidl_typesupport_fastrtps_c;rosidl_typesupport_introspection_c
[1.562s] -- Using all available rosidl_typesupport_cpp: rosidl_typesupport_fastrtps_cpp;rosidl_typesupport_introspection_cpp
[1.580s] -- Found python_cmake_module: 0.10.0 (/opt/ros/humble/share/python_cmake_module/cmake)
[1.597s] -- Using PYTHON_EXECUTABLE: /usr/bin/python3
[1.597s] -- Using PYTHON_INCLUDE_DIRS: /usr/include/python3.10
[1.597s] -- Using PYTHON_LIBRARIES: /usr/lib/x86_64-linux-gnu/libpython3.10.so
[1.656s] -- Configuring done
[1.857s] -- Generating done
[1.913s] -- Build files have been written to: /home/malik/controller-benchmarks/ros2/build/slam_toolbox
[1.928s] Invoked command in '/home/malik/controller-benchmarks/ros2/build/slam_toolbox' returned '0': CMAKE_PREFIX_PATH=/home/malik/ros2_ws/install/autodrive_nigel:/home/malik/ros2_ws/install/autodrive_f1tenth:/opt/ros/humble /usr/bin/cmake /home/malik/controller-benchmarks/ros2/slam_toolbox -DCMAKE_INSTALL_PREFIX=/home/malik/controller-benchmarks/ros2/install/slam_toolbox
[1.930s] Invoking command in '/home/malik/controller-benchmarks/ros2/build/slam_toolbox': CMAKE_PREFIX_PATH=/home/malik/ros2_ws/install/autodrive_nigel:/home/malik/ros2_ws/install/autodrive_f1tenth:/opt/ros/humble /usr/bin/cmake --build /home/malik/controller-benchmarks/ros2/build/slam_toolbox -- -j8 -l8
[1.966s] [  0%] Generating C code for ROS interfaces
[1.973s] [  1%] Building CXX object lib/karto_sdk/CMakeFiles/kartoSlamToolbox.dir/src/Mapper.cpp.o
[1.973s] [  1%] Building CXX object lib/karto_sdk/CMakeFiles/kartoSlamToolbox.dir/src/Karto.cpp.o
[1.973s] [  1%] Generating C++ code for ROS interfaces
[1.978s] [  1%] Built target ament_cmake_python_copy_slam_toolbox
[2.190s] running egg_info
[2.191s] creating slam_toolbox.egg-info
[2.192s] writing slam_toolbox.egg-info/PKG-INFO
[2.192s] writing dependency_links to slam_toolbox.egg-info/dependency_links.txt
[2.192s] writing top-level names to slam_toolbox.egg-info/top_level.txt
[2.192s] writing manifest file 'slam_toolbox.egg-info/SOURCES.txt'
[2.193s] reading manifest file 'slam_toolbox.egg-info/SOURCES.txt'
[2.194s] writing manifest file 'slam_toolbox.egg-info/SOURCES.txt'
[2.215s] [  1%] Built target ament_cmake_python_build_slam_toolbox_egg
[3.212s] [  1%] Built target slam_toolbox__cpp
[3.220s] [  1%] Generating C++ type support dispatch for ROS interfaces
[3.225s] [  1%] Generating C++ type support for eProsima Fast-RTPS
[3.231s] [  1%] Generating C++ introspection for ROS interfaces
[3.321s] [  1%] Building C object CMakeFiles/slam_toolbox__rosidl_generator_c.dir/rosidl_generator_c/slam_toolbox/srv/detail/pause__functions.c.o
[3.322s] [  2%] Building C object CMakeFiles/slam_toolbox__rosidl_generator_c.dir/rosidl_generator_c/slam_toolbox/msg/detail/localized_laser_scan__functions.c.o
[3.329s] [  3%] Building C object CMakeFiles/slam_toolbox__rosidl_generator_c.dir/rosidl_generator_c/slam_toolbox/srv/detail/reset__functions.c.o
[3.419s] [  3%] Building C object CMakeFiles/slam_toolbox__rosidl_generator_c.dir/rosidl_generator_c/slam_toolbox/srv/detail/clear_queue__functions.c.o
[3.438s] [  4%] Building C object CMakeFiles/slam_toolbox__rosidl_generator_c.dir/rosidl_generator_c/slam_toolbox/srv/detail/toggle_interactive__functions.c.o
[3.454s] [  4%] Building C object CMakeFiles/slam_toolbox__rosidl_generator_c.dir/rosidl_generator_c/slam_toolbox/srv/detail/clear__functions.c.o
[3.520s] [  5%] Building C object CMakeFiles/slam_toolbox__rosidl_generator_c.dir/rosidl_generator_c/slam_toolbox/srv/detail/save_map__functions.c.o
[3.536s] [  5%] Building C object CMakeFiles/slam_toolbox__rosidl_generator_c.dir/rosidl_generator_c/slam_toolbox/srv/detail/loop_closure__functions.c.o
[3.568s] [  6%] Building C object CMakeFiles/slam_toolbox__rosidl_generator_c.dir/rosidl_generator_c/slam_toolbox/srv/detail/merge_maps__functions.c.o
[3.638s] [  6%] Building C object CMakeFiles/slam_toolbox__rosidl_generator_c.dir/rosidl_generator_c/slam_toolbox/srv/detail/add_submap__functions.c.o
[3.646s] [  7%] Building C object CMakeFiles/slam_toolbox__rosidl_generator_c.dir/rosidl_generator_c/slam_toolbox/srv/detail/deserialize_pose_graph__functions.c.o
[3.672s] [  7%] Building C object CMakeFiles/slam_toolbox__rosidl_generator_c.dir/rosidl_generator_c/slam_toolbox/srv/detail/serialize_pose_graph__functions.c.o
[3.757s] [  8%] Building C object CMakeFiles/slam_toolbox__rosidl_generator_c.dir/rosidl_generator_c/slam_toolbox/msg/detail/new_node_event__functions.c.o
[3.763s] [  8%] Building C object CMakeFiles/slam_toolbox__rosidl_generator_c.dir/rosidl_generator_c/slam_toolbox/msg/detail/loop_closure_event__functions.c.o
[3.787s] [  9%] Building C object CMakeFiles/slam_toolbox__rosidl_generator_c.dir/rosidl_generator_c/slam_toolbox/msg/detail/graph_node__functions.c.o
[3.835s] [  9%] Building C object CMakeFiles/slam_toolbox__rosidl_generator_c.dir/rosidl_generator_c/slam_toolbox/msg/detail/graph_edge__functions.c.o
[3.850s] [ 10%] Building C object CMakeFiles/slam_toolbox__rosidl_generator_c.dir/rosidl_generator_c/slam_toolbox/msg/detail/pose_graph__functions.c.o
[3.927s] [ 10%] Linking C shared library libslam_toolbox__rosidl_generator_c.so
[3.969s] [ 10%] Built target slam_toolbox__rosidl_generator_c
[3.989s] [ 11%] Generating C type support for eProsima Fast-RTPS
[3.989s] [ 12%] Generating C type support dispatch for ROS interfaces
[3.989s] [ 13%] Generating C introspection for ROS interfaces
[4.379s] [ 14%] Building CXX object CMakeFiles/slam_toolbox__rosidl_typesupport_cpp.dir/rosidl_typesupport_cpp/slam_toolbox/msg/localized_laser_scan__type_support.cpp.o
[4.612s] [ 15%] Building CXX object CMakeFiles/slam_toolbox__rosidl_typesupport_introspection_cpp.dir/rosidl_typesupport_introspection_cpp/slam_toolbox/msg/detail/localized_laser_scan__type_support.cpp.o
[4.668s] [ 15%] Building CXX object CMakeFiles/slam_toolbox__rosidl_typesupport_cpp.dir/rosidl_typesupport_cpp/slam_toolbox/srv/pause__type_support.cpp.o
[4.802s] [ 16%] Building CXX object CMakeFiles/slam_toolbox__rosidl_typesupport_fastrtps_cpp.dir/rosidl_typesupport_fastrtps_cpp/slam_toolbox/msg/detail/dds_fastrtps/localized_laser_scan__type_support.cpp.o
[4.988s] [ 17%] Building CXX object CMakeFiles/slam_toolbox__rosidl_typesupport_cpp.dir/rosidl_typesupport_cpp/slam_toolbox/srv/reset__type_support.cpp.o
[5.058s] [ 17%] Building CXX object CMakeFiles/slam_toolbox__rosidl_typesupport_introspection_cpp.dir/rosidl_typesupport_introspection_cpp/slam_toolbox/srv/detail/pause__type_support.cpp.o
[5.091s] [ 17%] Building CXX object CMakeFiles/slam_toolbox__rosidl_typesupport_c.dir/rosidl_typesupport_c/slam_toolbox/msg/localized_laser_scan__type_support.cpp.o
[5.116s] [ 18%] Building CXX object CMakeFiles/slam_toolbox__rosidl_typesupport_c.dir/rosidl_typesupport_c/slam_toolbox/srv/pause__type_support.cpp.o
[5.150s] [ 18%] Building CXX object CMakeFiles/slam_toolbox__rosidl_typesupport_c.dir/rosidl_typesupport_c/slam_toolbox/srv/reset__type_support.cpp.o
[5.181s] [ 19%] Building CXX object CMakeFiles/slam_toolbox__rosidl_typesupport_c.dir/rosidl_typesupport_c/slam_toolbox/srv/clear_queue__type_support.cpp.o
[5.206s] [ 19%] Building CXX object CMakeFiles/slam_toolbox__rosidl_typesupport_fastrtps_cpp.dir/rosidl_typesupport_fastrtps_cpp/slam_toolbox/srv/detail/dds_fastrtps/pause__type_support.cpp.o
[5.213s] [ 19%] Building CXX object CMakeFiles/slam_toolbox__rosidl_typesupport_c.dir/rosidl_typesupport_c/slam_toolbox/srv/toggle_interactive__type_support.cpp.o
[5.244s] [ 20%] Building CXX object CMakeFiles/slam_toolbox__rosidl_typesupport_c.dir/rosidl_typesupport_c/slam_toolbox/srv/clear__type_support.cpp.o
[5.257s] [ 20%] Building CXX object CMakeFiles/slam_toolbox__rosidl_typesupport_cpp.dir/rosidl_typesupport_cpp/slam_toolbox/srv/clear_queue__type_support.cpp.o
[5.266s] [ 20%] Building CXX object CMakeFiles/slam_toolbox__rosidl_typesupport_fastrtps_c.dir/rosidl_typesupport_fastrtps_c/slam_toolbox/msg/detail/localized_laser_scan__type_support_c.cpp.o
[5.279s] [ 20%] Building CXX object CMakeFiles/slam_toolbox__rosidl_typesupport_c.dir/rosidl_typesupport_c/slam_toolbox/srv/save_map__type_support.cpp.o
[5.305s] [ 21%] Building CXX object CMakeFiles/slam_toolbox__rosidl_typesupport_c.dir/rosidl_typesupport_c/slam_toolbox/srv/loop_closure__type_support.cpp.o
[5.332s] [ 21%] Building CXX object CMakeFiles/slam_toolbox__rosidl_typesupport_c.dir/rosidl_typesupport_c/slam_toolbox/srv/merge_maps__type_support.cpp.o
[5.359s] [ 22%] Building CXX object CMakeFiles/slam_toolbox__rosidl_typesupport_c.dir/rosidl_typesupport_c/slam_toolbox/srv/add_submap__type_support.cpp.o
[5.392s] [ 22%] Building CXX object CMakeFiles/slam_toolbox__rosidl_typesupport_c.dir/rosidl_typesupport_c/slam_toolbox/srv/deserialize_pose_graph__type_support.cpp.o
[5.398s] [ 22%] Building C object CMakeFiles/slam_toolbox__rosidl_typesupport_introspection_c.dir/rosidl_typesupport_introspection_c/slam_toolbox/msg/detail/localized_laser_scan__type_support.c.o
[5.417s] [ 23%] Building CXX object CMakeFiles/slam_toolbox__rosidl_typesupport_c.dir/rosidl_typesupport_c/slam_toolbox/srv/serialize_pose_graph__type_support.cpp.o
[5.435s] [ 24%] Building C object CMakeFiles/slam_toolbox__rosidl_typesupport_introspection_c.dir/rosidl_typesupport_introspection_c/slam_toolbox/srv/detail/pause__type_support.c.o
[5.445s] [ 24%] Building CXX object CMakeFiles/slam_toolbox__rosidl_typesupport_c.dir/rosidl_typesupport_c/slam_toolbox/msg/new_node_event__type_support.cpp.o
[5.469s] [ 25%] Building CXX object CMakeFiles/slam_toolbox__rosidl_typesupport_introspection_cpp.dir/rosidl_typesupport_introspection_cpp/slam_toolbox/srv/detail/reset__type_support.cpp.o
[5.469s] [ 26%] Building CXX object CMakeFiles/slam_toolbox__rosidl_typesupport_c.dir/rosidl_typesupport_c/slam_toolbox/msg/loop_closure_event__type_support.cpp.o
[5.474s] [ 26%] Building C object CMakeFiles/slam_toolbox__rosidl_typesupport_introspection_c.dir/rosidl_typesupport_introspection_c/slam_toolbox/srv/detail/reset__type_support.c.o
[5.496s] [ 26%] Building CXX object CMakeFiles/slam_toolbox__rosidl_typesupport_c.dir/rosidl_typesupport_c/slam_toolbox/msg/graph_node__type_support.cpp.o
[5.507s] [ 27%] Building C object CMakeFiles/slam_toolbox__rosidl_typesupport_introspection_c.dir/rosidl_typesupport_introspection_c/slam_toolbox/srv/detail/clear_queue__type_support.c.o
[5.520s] [ 28%] Building CXX object CMakeFiles/slam_toolbox__rosidl_typesupport_c.dir/rosidl_typesupport_c/slam_toolbox/msg/graph_edge__type_support.cpp.o
[5.546s] [ 28%] Building C object CMakeFiles/slam_toolbox__rosidl_typesupport_introspection_c.dir/rosidl_typesupport_introspection_c/slam_toolbox/srv/detail/toggle_interactive__type_support.c.o
[5.546s] [ 28%] Building CXX object CMakeFiles/slam_toolbox__rosidl_typesupport_c.dir/rosidl_typesupport_c/slam_toolbox/msg/pose_graph__type_support.cpp.o
[5.564s] [ 29%] Building CXX object CMakeFiles/slam_toolbox__rosidl_typesupport_cpp.dir/rosidl_typesupport_cpp/slam_toolbox/srv/toggle_interactive__type_support.cpp.o
[5.573s] [ 30%] Linking CXX shared library libslam_toolbox__rosidl_typesupport_c.so
[5.581s] [ 31%] Building C object CMakeFiles/slam_toolbox__rosidl_typesupport_introspection_c.dir/rosidl_typesupport_introspection_c/slam_toolbox/srv/detail/clear__type_support.c.o
[5.589s] [ 32%] Building CXX object CMakeFiles/slam_toolbox__rosidl_typesupport_fastrtps_c.dir/rosidl_typesupport_fastrtps_c/slam_toolbox/srv/detail/pause__type_support_c.cpp.o
[5.615s] [ 32%] Built target slam_toolbox__rosidl_typesupport_c
[5.619s] [ 32%] Building C object CMakeFiles/slam_toolbox__rosidl_typesupport_introspection_c.dir/rosidl_typesupport_introspection_c/slam_toolbox/srv/detail/save_map__type_support.c.o
[5.629s] [ 33%] Building CXX object CMakeFiles/slam_toolbox__rosidl_typesupport_fastrtps_cpp.dir/rosidl_typesupport_fastrtps_cpp/slam_toolbox/srv/detail/dds_fastrtps/reset__type_support.cpp.o
[5.647s] [ 33%] Building CXX object CMakeFiles/slam_toolbox__rosidl_typesupport_introspection_cpp.dir/rosidl_typesupport_introspection_cpp/slam_toolbox/srv/detail/clear_queue__type_support.cpp.o
[5.657s] [ 34%] Building C object CMakeFiles/slam_toolbox__rosidl_typesupport_introspection_c.dir/rosidl_typesupport_introspection_c/slam_toolbox/srv/detail/loop_closure__type_support.c.o
[5.691s] [ 34%] Building C object CMakeFiles/slam_toolbox__rosidl_typesupport_introspection_c.dir/rosidl_typesupport_introspection_c/slam_toolbox/srv/detail/merge_maps__type_support.c.o
[5.727s] [ 35%] Building C object CMakeFiles/slam_toolbox__rosidl_typesupport_introspection_c.dir/rosidl_typesupport_introspection_c/slam_toolbox/srv/detail/add_submap__type_support.c.o
[5.764s] [ 35%] Building C object CMakeFiles/slam_toolbox__rosidl_typesupport_introspection_c.dir/rosidl_typesupport_introspection_c/slam_toolbox/srv/detail/deserialize_pose_graph__type_support.c.o
[5.809s] [ 36%] Building C object CMakeFiles/slam_toolbox__rosidl_typesupport_introspection_c.dir/rosidl_typesupport_introspection_c/slam_toolbox/srv/detail/serialize_pose_graph__type_support.c.o
[5.813s] [ 36%] Building CXX object CMakeFiles/slam_toolbox__rosidl_typesupport_cpp.dir/rosidl_typesupport_cpp/slam_toolbox/srv/clear__type_support.cpp.o
[5.844s] [ 36%] Building C object CMakeFiles/slam_toolbox__rosidl_typesupport_introspection_c.dir/rosidl_typesupport_introspection_c/slam_toolbox/msg/detail/new_node_event__type_support.c.o
[5.878s] [ 37%] Building C object CMakeFiles/slam_toolbox__rosidl_typesupport_introspection_c.dir/rosidl_typesupport_introspection_c/slam_toolbox/msg/detail/loop_closure_event__type_support.c.o
[5.908s] [ 37%] Building CXX object CMakeFiles/slam_toolbox__rosidl_typesupport_fastrtps_c.dir/rosidl_typesupport_fastrtps_c/slam_toolbox/srv/detail/reset__type_support_c.cpp.o
[5.911s] [ 37%] Building C object CMakeFiles/slam_toolbox__rosidl_typesupport_introspection_c.dir/rosidl_typesupport_introspection_c/slam_toolbox/msg/detail/graph_node__type_support.c.o
[5.933s] [ 38%] Building CXX object CMakeFiles/slam_toolbox__rosidl_typesupport_cpp.dir/rosidl_typesupport_cpp/slam_toolbox/srv/save_map__type_support.cpp.o
[5.944s] [ 39%] Building C object CMakeFiles/slam_toolbox__rosidl_typesupport_introspection_c.dir/rosidl_typesupport_introspection_c/slam_toolbox/msg/detail/graph_edge__type_support.c.o
[5.979s] [ 39%] Building C object CMakeFiles/slam_toolbox__rosidl_typesupport_introspection_c.dir/rosidl_typesupport_introspection_c/slam_toolbox/msg/detail/pose_graph__type_support.c.o
[5.995s] [ 40%] Building CXX object CMakeFiles/slam_toolbox__rosidl_typesupport_introspection_cpp.dir/rosidl_typesupport_introspection_cpp/slam_toolbox/srv/detail/toggle_interactive__type_support.cpp.o
[6.028s] [ 41%] Linking C shared library libslam_toolbox__rosidl_typesupport_introspection_c.so
[6.060s] [ 41%] Built target slam_toolbox__rosidl_typesupport_introspection_c
[6.061s] [ 41%] Building CXX object CMakeFiles/slam_toolbox__rosidl_typesupport_fastrtps_cpp.dir/rosidl_typesupport_fastrtps_cpp/slam_toolbox/srv/detail/dds_fastrtps/clear_queue__type_support.cpp.o
[6.070s] [ 41%] Building CXX object CMakeFiles/slam_toolbox__rosidl_typesupport_cpp.dir/rosidl_typesupport_cpp/slam_toolbox/srv/loop_closure__type_support.cpp.o
[6.072s] [ 42%] Building CXX object CMakeFiles/slam_toolbox__rosidl_typesupport_fastrtps_c.dir/rosidl_typesupport_fastrtps_c/slam_toolbox/srv/detail/clear_queue__type_support_c.cpp.o
[6.176s] [ 43%] Building CXX object CMakeFiles/slam_toolbox__rosidl_typesupport_fastrtps_cpp.dir/rosidl_typesupport_fastrtps_cpp/slam_toolbox/srv/detail/dds_fastrtps/toggle_interactive__type_support.cpp.o
[6.301s] [ 44%] Building CXX object CMakeFiles/slam_toolbox__rosidl_typesupport_cpp.dir/rosidl_typesupport_cpp/slam_toolbox/srv/merge_maps__type_support.cpp.o
[6.328s] [ 44%] Building CXX object CMakeFiles/slam_toolbox__rosidl_typesupport_fastrtps_c.dir/rosidl_typesupport_fastrtps_c/slam_toolbox/srv/detail/toggle_interactive__type_support_c.cpp.o
[6.339s] [ 44%] Building CXX object CMakeFiles/slam_toolbox__rosidl_typesupport_introspection_cpp.dir/rosidl_typesupport_introspection_cpp/slam_toolbox/srv/detail/clear__type_support.cpp.o
[6.382s] [ 44%] Building CXX object CMakeFiles/slam_toolbox__rosidl_typesupport_fastrtps_cpp.dir/rosidl_typesupport_fastrtps_cpp/slam_toolbox/srv/detail/dds_fastrtps/clear__type_support.cpp.o
[6.532s] [ 44%] Building CXX object CMakeFiles/slam_toolbox__rosidl_typesupport_cpp.dir/rosidl_typesupport_cpp/slam_toolbox/srv/add_submap__type_support.cpp.o
[6.553s] [ 45%] Building CXX object CMakeFiles/slam_toolbox__rosidl_typesupport_fastrtps_c.dir/rosidl_typesupport_fastrtps_c/slam_toolbox/srv/detail/clear__type_support_c.cpp.o
[6.555s] [ 46%] Building CXX object CMakeFiles/slam_toolbox__rosidl_typesupport_introspection_cpp.dir/rosidl_typesupport_introspection_cpp/slam_toolbox/srv/detail/save_map__type_support.cpp.o
[6.642s] [ 46%] Building CXX object CMakeFiles/slam_toolbox__rosidl_typesupport_fastrtps_c.dir/rosidl_typesupport_fastrtps_c/slam_toolbox/srv/detail/save_map__type_support_c.cpp.o
[6.679s] [ 47%] Building CXX object CMakeFiles/slam_toolbox__rosidl_typesupport_fastrtps_cpp.dir/rosidl_typesupport_fastrtps_cpp/slam_toolbox/srv/detail/dds_fastrtps/save_map__type_support.cpp.o
[6.742s] [ 48%] Building CXX object CMakeFiles/slam_toolbox__rosidl_typesupport_cpp.dir/rosidl_typesupport_cpp/slam_toolbox/srv/deserialize_pose_graph__type_support.cpp.o
[6.773s] [ 49%] Building CXX object CMakeFiles/slam_toolbox__rosidl_typesupport_fastrtps_c.dir/rosidl_typesupport_fastrtps_c/slam_toolbox/srv/detail/loop_closure__type_support_c.cpp.o
[6.873s] [ 49%] Building CXX object CMakeFiles/slam_toolbox__rosidl_typesupport_fastrtps_cpp.dir/rosidl_typesupport_fastrtps_cpp/slam_toolbox/srv/detail/dds_fastrtps/loop_closure__type_support.cpp.o
[6.958s] [ 49%] Building CXX object CMakeFiles/slam_toolbox__rosidl_typesupport_fastrtps_c.dir/rosidl_typesupport_fastrtps_c/slam_toolbox/srv/detail/merge_maps__type_support_c.cpp.o
[6.990s] [ 49%] Building CXX object CMakeFiles/slam_toolbox__rosidl_typesupport_cpp.dir/rosidl_typesupport_cpp/slam_toolbox/srv/serialize_pose_graph__type_support.cpp.o
[7.026s] [ 49%] Building CXX object CMakeFiles/slam_toolbox__rosidl_typesupport_introspection_cpp.dir/rosidl_typesupport_introspection_cpp/slam_toolbox/srv/detail/loop_closure__type_support.cpp.o
[7.057s] [ 50%] Building CXX object CMakeFiles/slam_toolbox__rosidl_typesupport_fastrtps_c.dir/rosidl_typesupport_fastrtps_c/slam_toolbox/srv/detail/add_submap__type_support_c.cpp.o
[7.084s] [ 50%] Building CXX object CMakeFiles/slam_toolbox__rosidl_typesupport_fastrtps_c.dir/rosidl_typesupport_fastrtps_c/slam_toolbox/srv/detail/deserialize_pose_graph__type_support_c.cpp.o
[7.232s] [ 51%] Building CXX object CMakeFiles/slam_toolbox__rosidl_typesupport_cpp.dir/rosidl_typesupport_cpp/slam_toolbox/msg/new_node_event__type_support.cpp.o
[7.251s] [ 52%] Building CXX object CMakeFiles/slam_toolbox__rosidl_typesupport_fastrtps_cpp.dir/rosidl_typesupport_fastrtps_cpp/slam_toolbox/srv/detail/dds_fastrtps/merge_maps__type_support.cpp.o
[7.272s] [ 52%] Building CXX object CMakeFiles/slam_toolbox__rosidl_typesupport_fastrtps_cpp.dir/rosidl_typesupport_fastrtps_cpp/slam_toolbox/srv/detail/dds_fastrtps/add_submap__type_support.cpp.o
[7.360s] [ 53%] Building CXX object CMakeFiles/slam_toolbox__rosidl_typesupport_introspection_cpp.dir/rosidl_typesupport_introspection_cpp/slam_toolbox/srv/detail/merge_maps__type_support.cpp.o
[7.402s] [ 53%] Building CXX object CMakeFiles/slam_toolbox__rosidl_typesupport_introspection_cpp.dir/rosidl_typesupport_introspection_cpp/slam_toolbox/srv/detail/add_submap__type_support.cpp.o
[7.470s] [ 53%] Building CXX object CMakeFiles/slam_toolbox__rosidl_typesupport_cpp.dir/rosidl_typesupport_cpp/slam_toolbox/msg/loop_closure_event__type_support.cpp.o
[7.521s] [ 54%] Building CXX object CMakeFiles/slam_toolbox__rosidl_typesupport_fastrtps_c.dir/rosidl_typesupport_fastrtps_c/slam_toolbox/srv/detail/serialize_pose_graph__type_support_c.cpp.o
[7.623s] [ 55%] Building CXX object CMakeFiles/slam_toolbox__rosidl_typesupport_cpp.dir/rosidl_typesupport_cpp/slam_toolbox/msg/graph_node__type_support.cpp.o
[7.649s] [ 56%] Building CXX object CMakeFiles/slam_toolbox__rosidl_typesupport_fastrtps_cpp.dir/rosidl_typesupport_fastrtps_cpp/slam_toolbox/srv/detail/dds_fastrtps/deserialize_pose_graph__type_support.cpp.o
[7.711s] [ 57%] Building CXX object CMakeFiles/slam_toolbox__rosidl_typesupport_introspection_cpp.dir/rosidl_typesupport_introspection_cpp/slam_toolbox/srv/detail/deserialize_pose_graph__type_support.cpp.o
[7.738s] [ 57%] Building CXX object CMakeFiles/slam_toolbox__rosidl_typesupport_introspection_cpp.dir/rosidl_typesupport_introspection_cpp/slam_toolbox/srv/detail/serialize_pose_graph__type_support.cpp.o
[7.760s] [ 57%] Building CXX object CMakeFiles/slam_toolbox__rosidl_typesupport_cpp.dir/rosidl_typesupport_cpp/slam_toolbox/msg/graph_edge__type_support.cpp.o
[7.860s] [ 57%] Building CXX object CMakeFiles/slam_toolbox__rosidl_typesupport_fastrtps_c.dir/rosidl_typesupport_fastrtps_c/slam_toolbox/msg/detail/new_node_event__type_support_c.cpp.o
[7.915s] [ 58%] Building CXX object CMakeFiles/slam_toolbox__rosidl_typesupport_fastrtps_c.dir/rosidl_typesupport_fastrtps_c/slam_toolbox/msg/detail/loop_closure_event__type_support_c.cpp.o
[8.006s] [ 59%] Building CXX object CMakeFiles/slam_toolbox__rosidl_typesupport_cpp.dir/rosidl_typesupport_cpp/slam_toolbox/msg/pose_graph__type_support.cpp.o
[8.046s] [ 59%] Building CXX object CMakeFiles/slam_toolbox__rosidl_typesupport_fastrtps_cpp.dir/rosidl_typesupport_fastrtps_cpp/slam_toolbox/srv/detail/dds_fastrtps/serialize_pose_graph__type_support.cpp.o
[8.077s] [ 59%] Building CXX object CMakeFiles/slam_toolbox__rosidl_typesupport_fastrtps_c.dir/rosidl_typesupport_fastrtps_c/slam_toolbox/msg/detail/graph_node__type_support_c.cpp.o
[8.105s] [ 60%] Building CXX object CMakeFiles/slam_toolbox__rosidl_typesupport_introspection_cpp.dir/rosidl_typesupport_introspection_cpp/slam_toolbox/msg/detail/new_node_event__type_support.cpp.o
[8.173s] [ 60%] Building CXX object CMakeFiles/slam_toolbox__rosidl_typesupport_introspection_cpp.dir/rosidl_typesupport_introspection_cpp/slam_toolbox/msg/detail/loop_closure_event__type_support.cpp.o
[8.246s] [ 61%] Building CXX object CMakeFiles/slam_toolbox__rosidl_typesupport_fastrtps_cpp.dir/rosidl_typesupport_fastrtps_cpp/slam_toolbox/msg/detail/dds_fastrtps/new_node_event__type_support.cpp.o
[8.253s] [ 61%] Linking CXX shared library libslam_toolbox__rosidl_typesupport_cpp.so
[8.301s] [ 61%] Built target slam_toolbox__rosidl_typesupport_cpp
[8.310s] [ 61%] Generating rviz_plugin/moc_slam_toolbox_rviz_plugin.cpp
[8.334s] [ 61%] Building CXX object CMakeFiles/SlamToolboxPlugin.dir/rviz_plugin/slam_toolbox_rviz_plugin.cpp.o
[8.381s] [ 62%] Building CXX object CMakeFiles/slam_toolbox__rosidl_typesupport_fastrtps_c.dir/rosidl_typesupport_fastrtps_c/slam_toolbox/msg/detail/graph_edge__type_support_c.cpp.o
[8.465s] [ 62%] Building CXX object CMakeFiles/slam_toolbox__rosidl_typesupport_fastrtps_cpp.dir/rosidl_typesupport_fastrtps_cpp/slam_toolbox/msg/detail/dds_fastrtps/loop_closure_event__type_support.cpp.o
[8.492s] [ 63%] Building CXX object CMakeFiles/slam_toolbox__rosidl_typesupport_introspection_cpp.dir/rosidl_typesupport_introspection_cpp/slam_toolbox/msg/detail/graph_node__type_support.cpp.o
[8.512s] [ 64%] Building CXX object CMakeFiles/SlamToolboxPlugin.dir/rviz_plugin/moc_slam_toolbox_rviz_plugin.cpp.o
[8.640s] [ 64%] Building CXX object CMakeFiles/slam_toolbox__rosidl_typesupport_introspection_cpp.dir/rosidl_typesupport_introspection_cpp/slam_toolbox/msg/detail/graph_edge__type_support.cpp.o
[8.686s] [ 64%] Building CXX object CMakeFiles/slam_toolbox__rosidl_typesupport_fastrtps_c.dir/rosidl_typesupport_fastrtps_c/slam_toolbox/msg/detail/pose_graph__type_support_c.cpp.o
[8.822s] [ 65%] Building CXX object CMakeFiles/slam_toolbox__rosidl_typesupport_introspection_cpp.dir/rosidl_typesupport_introspection_cpp/slam_toolbox/msg/detail/pose_graph__type_support.cpp.o
[8.832s] [ 66%] Building CXX object CMakeFiles/slam_toolbox__rosidl_typesupport_fastrtps_cpp.dir/rosidl_typesupport_fastrtps_cpp/slam_toolbox/msg/detail/dds_fastrtps/graph_node__type_support.cpp.o
[9.008s] [ 67%] Linking CXX shared library libslam_toolbox__rosidl_typesupport_fastrtps_c.so
[9.074s] [ 67%] Building CXX object CMakeFiles/slam_toolbox__rosidl_typesupport_fastrtps_cpp.dir/rosidl_typesupport_fastrtps_cpp/slam_toolbox/msg/detail/dds_fastrtps/graph_edge__type_support.cpp.o
[9.107s] [ 67%] Built target slam_toolbox__rosidl_typesupport_fastrtps_c
[9.115s] [ 68%] Building CXX object CMakeFiles/slam_toolbox__rosidl_typesupport_fastrtps_cpp.dir/rosidl_typesupport_fastrtps_cpp/slam_toolbox/msg/detail/dds_fastrtps/pose_graph__type_support.cpp.o
[9.320s] [ 68%] Linking CXX shared library libslam_toolbox__rosidl_typesupport_introspection_cpp.so
[9.405s] [ 68%] Built target slam_toolbox__rosidl_typesupport_introspection_cpp
[9.550s] [ 68%] Linking CXX shared library libslam_toolbox__rosidl_typesupport_fastrtps_cpp.so
[9.632s] [ 68%] Built target slam_toolbox__rosidl_typesupport_fastrtps_cpp
[9.649s] [ 68%] Built target slam_toolbox
[9.665s] [ 69%] Generating Python code for ROS interfaces
[11.832s] [ 69%] Built target slam_toolbox__py
[11.850s] [ 70%] Building C object CMakeFiles/slam_toolbox__rosidl_generator_py.dir/rosidl_generator_py/slam_toolbox/srv/_reset_s.c.o
[11.850s] [ 70%] Building C object CMakeFiles/slam_toolbox__rosidl_generator_py.dir/rosidl_generator_py/slam_toolbox/srv/_clear_queue_s.c.o
[11.854s] [ 70%] Building C object CMakeFiles/slam_toolbox__rosidl_generator_py.dir/rosidl_generator_py/slam_toolbox/srv/_pause_s.c.o
[11.854s] [ 72%] Building C object CMakeFiles/slam_toolbox__rosidl_generator_py.dir/rosidl_generator_py/slam_toolbox/msg/_localized_laser_scan_s.c.o
[11.854s] [ 72%] Building C object CMakeFiles/slam_toolbox__rosidl_generator_py.dir/rosidl_generator_py/slam_toolbox/srv/_toggle_interactive_s.c.o
[11.978s] [ 72%] Building C object CMakeFiles/slam_toolbox__rosidl_generator_py.dir/rosidl_generator_py/slam_toolbox/srv/_clear_s.c.o
[11.980s] [ 73%] Building C object CMakeFiles/slam_toolbox__rosidl_generator_py.dir/rosidl_generator_py/slam_toolbox/srv/_save_map_s.c.o
[11.982s] [ 74%] Building C object CMakeFiles/slam_toolbox__rosidl_generator_py.dir/rosidl_generator_py/slam_toolbox/srv/_merge_maps_s.c.o
[11.983s] [ 74%] Building C object CMakeFiles/slam_toolbox__rosidl_generator_py.dir/rosidl_generator_py/slam_toolbox/srv/_loop_closure_s.c.o
[11.991s] [ 74%] Building C object CMakeFiles/slam_toolbox__rosidl_generator_py.dir/rosidl_generator_py/slam_toolbox/srv/_add_submap_s.c.o
[12.092s] [ 75%] Building C object CMakeFiles/slam_toolbox__rosidl_generator_py.dir/rosidl_generator_py/slam_toolbox/srv/_deserialize_pose_graph_s.c.o
[12.099s] [ 75%] Building C object CMakeFiles/slam_toolbox__rosidl_generator_py.dir/rosidl_generator_py/slam_toolbox/srv/_serialize_pose_graph_s.c.o
[12.100s] [ 76%] Building C object CMakeFiles/slam_toolbox__rosidl_generator_py.dir/rosidl_generator_py/slam_toolbox/msg/_loop_closure_event_s.c.o
[12.100s] [ 76%] Building C object CMakeFiles/slam_toolbox__rosidl_generator_py.dir/rosidl_generator_py/slam_toolbox/msg/_new_node_event_s.c.o
[12.108s] [ 77%] Building C object CMakeFiles/slam_toolbox__rosidl_generator_py.dir/rosidl_generator_py/slam_toolbox/msg/_graph_node_s.c.o
[12.207s] [ 77%] Building C object CMakeFiles/slam_toolbox__rosidl_generator_py.dir/rosidl_generator_py/slam_toolbox/msg/_graph_edge_s.c.o
[12.219s] [ 78%] Building C object CMakeFiles/slam_toolbox__rosidl_generator_py.dir/rosidl_generator_py/slam_toolbox/msg/_pose_graph_s.c.o
[12.341s] [ 78%] Linking C shared library rosidl_generator_py/slam_toolbox/libslam_toolbox__rosidl_generator_py.so
[12.382s] [ 78%] Built target slam_toolbox__rosidl_generator_py
[12.398s] [ 78%] Building C object CMakeFiles/slam_toolbox__rosidl_typesupport_c__pyext.dir/rosidl_generator_py/slam_toolbox/_slam_toolbox_s.ep.rosidl_typesupport_c.c.o
[12.399s] [ 78%] Building C object CMakeFiles/slam_toolbox__rosidl_typesupport_introspection_c__pyext.dir/rosidl_generator_py/slam_toolbox/_slam_toolbox_s.ep.rosidl_typesupport_introspection_c.c.o
[12.399s] [ 78%] Building C object CMakeFiles/slam_toolbox__rosidl_typesupport_fastrtps_c__pyext.dir/rosidl_generator_py/slam_toolbox/_slam_toolbox_s.ep.rosidl_typesupport_fastrtps_c.c.o
[12.769s] [ 80%] Linking C shared library rosidl_generator_py/slam_toolbox/slam_toolbox_s__rosidl_typesupport_c.cpython-310-x86_64-linux-gnu.so
[12.769s] [ 80%] Linking C shared library rosidl_generator_py/slam_toolbox/slam_toolbox_s__rosidl_typesupport_fastrtps_c.cpython-310-x86_64-linux-gnu.so
[12.777s] [ 81%] Linking C shared library rosidl_generator_py/slam_toolbox/slam_toolbox_s__rosidl_typesupport_introspection_c.cpython-310-x86_64-linux-gnu.so
[12.815s] [ 81%] Built target slam_toolbox__rosidl_typesupport_fastrtps_c__pyext
[12.816s] [ 81%] Built target slam_toolbox__rosidl_typesupport_c__pyext
[12.821s] [ 81%] Built target slam_toolbox__rosidl_typesupport_introspection_c__pyext
[19.279s] [ 82%] Linking CXX shared library libkartoSlamToolbox.so
[19.611s] [ 82%] Built target kartoSlamToolbox
[19.628s] [ 85%] Building CXX object CMakeFiles/toolbox_common.dir/src/loop_closure_assistant.cpp.o
[19.628s] [ 85%] Building CXX object CMakeFiles/toolbox_common.dir/src/slam_toolbox_common.cpp.o
[19.628s] [ 85%] Building CXX object CMakeFiles/toolbox_common.dir/src/map_saver.cpp.o
[19.628s] [ 85%] Building CXX object CMakeFiles/toolbox_common.dir/src/loop_closure_listener.cpp.o
[19.629s] [ 85%] Building CXX object CMakeFiles/ceres_solver_plugin.dir/solvers/ceres_solver.cpp.o
[19.641s] [ 86%] Building CXX object CMakeFiles/toolbox_common.dir/src/laser_utils.cpp.o
[19.642s] [ 86%] Building CXX object CMakeFiles/toolbox_common.dir/src/slam_mapper.cpp.o
[21.159s] In file included from /home/malik/controller-benchmarks/ros2/slam_toolbox/solvers/ceres_solver.hpp:17,
[21.159s]                  from /home/malik/controller-benchmarks/ros2/slam_toolbox/solvers/ceres_solver.cpp:9:
[21.159s] /home/malik/controller-benchmarks/ros2/slam_toolbox/solvers/ceres_utils.h:10:10: fatal error: ceres/autodiff_manifold.h: No such file or directory
[21.159s]    10 | #include <ceres/autodiff_manifold.h>
[21.159s]       |          ^~~~~~~~~~~~~~~~~~~~~~~~~~~
[21.159s] compilation terminated.
[21.167s] gmake[2]: *** [CMakeFiles/ceres_solver_plugin.dir/build.make:76: CMakeFiles/ceres_solver_plugin.dir/solvers/ceres_solver.cpp.o] Error 1
[21.168s] gmake[1]: *** [CMakeFiles/Makefile2:669: CMakeFiles/ceres_solver_plugin.dir/all] Error 2
[21.169s] gmake[1]: *** Waiting for unfinished jobs....
[26.787s] In file included from /usr/include/c++/11/memory:76,
[26.788s]                  from /home/malik/controller-benchmarks/ros2/slam_toolbox/src/slam_toolbox_common.cpp:19:
[26.788s] /usr/include/c++/11/bits/unique_ptr.h: In instantiation of ‘typename std::_MakeUniq<_Tp>::__single_object std::make_unique(_Args&& ...) [with _Tp = message_filters::Subscriber<sensor_msgs::msg::LaserScan_<std::allocator<void> > >; _Args = {rclcpp_lifecycle::LifecycleNode*, std::__cxx11::basic_string<char, std::char_traits<char>, std::allocator<char> >&, rclcpp::SensorDataQoS}; typename std::_MakeUniq<_Tp>::__single_object = std::unique_ptr<message_filters::Subscriber<sensor_msgs::msg::LaserScan_<std::allocator<void> > > >]’:
[26.788s] /home/malik/controller-benchmarks/ros2/slam_toolbox/src/slam_toolbox_common.cpp:502:79:   required from here
[26.788s] /usr/include/c++/11/bits/unique_ptr.h:962:30: error: no matching function for call to ‘message_filters::Subscriber<sensor_msgs::msg::LaserScan_<std::allocator<void> > >::Subscriber(rclcpp_lifecycle::LifecycleNode*, std::__cxx11::basic_string<char>&, rclcpp::SensorDataQoS)’
[26.788s]   962 |     { return unique_ptr<_Tp>(new _Tp(std::forward<_Args>(__args)...)); }
[26.788s]       |                              ^~~~~~~~~~~~~~~~~~~~~~~~~~~~~~~~~~~~~~~
[26.788s] In file included from /opt/ros/humble/include/message_filters/message_filters/subscriber.hpp:32,
[26.788s]                  from /home/malik/controller-benchmarks/ros2/slam_toolbox/include/slam_toolbox/slam_toolbox_common.hpp:39,
[26.788s]                  from /home/malik/controller-benchmarks/ros2/slam_toolbox/src/slam_toolbox_common.cpp:23:
[26.788s] /opt/ros/humble/include/message_filters/message_filters/subscriber.h:203:3: note: candidate: ‘message_filters::Subscriber<M, NodeType>::Subscriber() [with M = sensor_msgs::msg::LaserScan_<std::allocator<void> >; NodeType = rclcpp::Node]’
[26.788s]   203 |   Subscriber() = default;
[26.788s]       |   ^~~~~~~~~~
[26.788s] /opt/ros/humble/include/message_filters/message_filters/subscriber.h:203:3: note:   candidate expects 0 arguments, 3 provided
[26.788s] /opt/ros/humble/include/message_filters/message_filters/subscriber.h:191:3: note: candidate: ‘message_filters::Subscriber<M, NodeType>::Subscriber(NodeType*, const string&, rmw_qos_profile_t, rclcpp::SubscriptionOptions) [with M = sensor_msgs::msg::LaserScan_<std::allocator<void> >; NodeType = rclcpp::Node; std::string = std::__cxx11::basic_string<char>; rmw_qos_profile_t = rmw_qos_profile_s; rclcpp::SubscriptionOptions = rclcpp::SubscriptionOptionsWithAllocator<std::allocator<void> >]’
[26.788s]   191 |   Subscriber(
[26.788s]       |   ^~~~~~~~~~
[26.788s] /opt/ros/humble/include/message_filters/message_filters/subscriber.h:191:3: note:   candidate expects 4 arguments, 3 provided
[26.789s] /opt/ros/humble/include/message_filters/message_filters/subscriber.h:182:3: note: candidate: ‘message_filters::Subscriber<M, NodeType>::Subscriber(message_filters::Subscriber<M, NodeType>::NodePtr, const string&, rmw_qos_profile_t, rclcpp::SubscriptionOptions) [with M = sensor_msgs::msg::LaserScan_<std::allocator<void> >; NodeType = rclcpp::Node; message_filters::Subscriber<M, NodeType>::NodePtr = std::shared_ptr<rclcpp::Node>; std::string = std::__cxx11::basic_string<char>; rmw_qos_profile_t = rmw_qos_profile_s; rclcpp::SubscriptionOptions = rclcpp::SubscriptionOptionsWithAllocator<std::allocator<void> >]’
[26.789s]   182 |   Subscriber(
[26.789s]       |   ^~~~~~~~~~
[26.789s] /opt/ros/humble/include/message_filters/message_filters/subscriber.h:182:3: note:   candidate expects 4 arguments, 3 provided
[26.789s] /opt/ros/humble/include/message_filters/message_filters/subscriber.h:167:3: note: candidate: ‘message_filters::Subscriber<M, NodeType>::Subscriber(NodeType*, const string&, rmw_qos_profile_t) [with M = sensor_msgs::msg::LaserScan_<std::allocator<void> >; NodeType = rclcpp::Node; std::string = std::__cxx11::basic_string<char>; rmw_qos_profile_t = rmw_qos_profile_s]’
[26.789s]   167 |   Subscriber(NodeType * node, const std::string& topic, const rmw_qos_profile_t qos = rmw_qos_profile_default)
[26.789s]       |   ^~~~~~~~~~
[26.789s] /opt/ros/humble/include/message_filters/message_filters/subscriber.h:167:25: note:   no known conversion for argument 1 from ‘rclcpp_lifecycle::LifecycleNode*’ to ‘rclcpp::Node*’
[26.789s]   167 |   Subscriber(NodeType * node, const std::string& topic, const rmw_qos_profile_t qos = rmw_qos_profile_default)
[26.789s]       |              ~~~~~~~~~~~^~~~
[26.789s] /opt/ros/humble/include/message_filters/message_filters/subscriber.h:162:3: note: candidate: ‘message_filters::Subscriber<M, NodeType>::Subscriber(message_filters::Subscriber<M, NodeType>::NodePtr, const string&, rmw_qos_profile_t) [with M = sensor_msgs::msg::LaserScan_<std::allocator<void> >; NodeType = rclcpp::Node; message_filters::Subscriber<M, NodeType>::NodePtr = std::shared_ptr<rclcpp::Node>; std::string = std::__cxx11::basic_string<char>; rmw_qos_profile_t = rmw_qos_profile_s]’
[26.789s]   162 |   Subscriber(NodePtr node, const std::string& topic, const rmw_qos_profile_t qos = rmw_qos_profile_default)
[26.789s]       |   ^~~~~~~~~~
[26.789s] /opt/ros/humble/include/message_filters/message_filters/subscriber.h:162:22: note:   no known conversion for argument 1 from ‘rclcpp_lifecycle::LifecycleNode*’ to ‘message_filters::Subscriber<sensor_msgs::msg::LaserScan_<std::allocator<void> > >::NodePtr’ {aka ‘std::shared_ptr<rclcpp::Node>’}
[26.789s]   162 |   Subscriber(NodePtr node, const std::string& topic, const rmw_qos_profile_t qos = rmw_qos_profile_default)
[26.789s]       |              ~~~~~~~~^~~~
[27.745s] [ 86%] Linking CXX shared library libSlamToolboxPlugin.so
[29.821s] [ 86%] Built target SlamToolboxPlugin
[33.970s] gmake[2]: *** [CMakeFiles/toolbox_common.dir/build.make:76: CMakeFiles/toolbox_common.dir/src/slam_toolbox_common.cpp.o] Error 1
[33.970s] gmake[2]: *** Waiting for unfinished jobs....
[35.667s] gmake[1]: *** [CMakeFiles/Makefile2:697: CMakeFiles/toolbox_common.dir/all] Error 2
[35.667s] gmake: *** [Makefile:146: all] Error 2
[60.028s] Invoked command in '/home/malik/controller-benchmarks/ros2/build/slam_toolbox' returned '2': CMAKE_PREFIX_PATH=/home/malik/ros2_ws/install/autodrive_nigel:/home/malik/ros2_ws/install/autodrive_f1tenth:/opt/ros/humble /usr/bin/cmake --build /home/malik/controller-benchmarks/ros2/build/slam_toolbox -- -j8 -l8
