[90.094s] Invoking command in '/home/malik/controller-benchmarks/ros2/autodrive_f1tenth': PYTHONPATH=/home/malik/controller-benchmarks/ros2/build/autodrive_f1tenth/prefix_override:/usr/lib/python3/dist-packages/colcon_core/task/python/colcon_distutils_commands:/home/malik/controller-benchmarks/ros2/install/autodrive_f1tenth/lib/python3.10/site-packages:${PYTHONPATH} /usr/bin/python3 -W ignore:setup.py install is deprecated -W ignore:easy_install command is deprecated setup.py egg_info --egg-base ../build/autodrive_f1tenth build --build-base /home/malik/controller-benchmarks/ros2/build/autodrive_f1tenth/build install --record /home/malik/controller-benchmarks/ros2/build/autodrive_f1tenth/install.log --single-version-externally-managed install_data
[90.338s] running egg_info
[90.338s] writing ../build/autodrive_f1tenth/autodrive_f1tenth.egg-info/PKG-INFO
[90.340s] writing dependency_links to ../build/autodrive_f1tenth/autodrive_f1tenth.egg-info/dependency_links.txt
[90.341s] writing entry points to ../build/autodrive_f1tenth/autodrive_f1tenth.egg-info/entry_points.txt
[90.341s] writing requirements to ../build/autodrive_f1tenth/autodrive_f1tenth.egg-info/requires.txt
[90.341s] writing top-level names to ../build/autodrive_f1tenth/autodrive_f1tenth.egg-info/top_level.txt
[90.342s] reading manifest file '../build/autodrive_f1tenth/autodrive_f1tenth.egg-info/SOURCES.txt'
[90.345s] writing manifest file '../build/autodrive_f1tenth/autodrive_f1tenth.egg-info/SOURCES.txt'
[90.345s] running build
[90.345s] running build_py
[90.345s] copying autodrive_f1tenth/dl_slot.py -> /home/malik/controller-benchmarks/ros2/build/autodrive_f1tenth/build/lib/autodrive_f1tenth
[90.345s] running install
[90.345s] running install_lib
[90.345s] copying /home/malik/controller-benchmarks/ros2/build/autodrive_f1tenth/build/lib/autodrive_f1tenth/dl_slot.py -> /home/malik/controller-benchmarks/ros2/install/autodrive_f1tenth/lib/python3.10/site-packages/autodrive_f1tenth
[90.347s] byte-compiling /home/malik/controller-benchmarks/ros2/install/autodrive_f1tenth/lib/python3.10/site-packages/autodrive_f1tenth/dl_slot.py to dl_slot.cpython-310.pyc
[90.349s] running install_data
[90.349s] running install_egg_info
[90.352s] removing '/home/malik/controller-benchmarks/ros2/install/autodrive_f1tenth/lib/python3.10/site-packages/autodrive_f1tenth-0.1.0-py3.10.egg-info' (and everything under it)
[90.352s] Copying ../build/autodrive_f1tenth/autodrive_f1tenth.egg-info to /home/malik/controller-benchmarks/ros2/install/autodrive_f1tenth/lib/python3.10/site-packages/autodrive_f1tenth-0.1.0-py3.10.egg-info
[90.352s] running install_scripts
[90.369s] Installing dl_slot script to /home/malik/controller-benchmarks/ros2/install/autodrive_f1tenth/lib/autodrive_f1tenth
[90.369s] Installing plot_pure_pursuit_runs script to /home/malik/controller-benchmarks/ros2/install/autodrive_f1tenth/lib/autodrive_f1tenth
[90.369s] Installing pure_pursuit_ethz_scaled script to /home/malik/controller-benchmarks/ros2/install/autodrive_f1tenth/lib/autodrive_f1tenth
[90.369s] writing list of installed files to '/home/malik/controller-benchmarks/ros2/build/autodrive_f1tenth/install.log'
[90.407s] Invoked command in '/home/malik/controller-benchmarks/ros2/autodrive_f1tenth' returned '0': PYTHONPATH=/home/malik/controller-benchmarks/ros2/build/autodrive_f1tenth/prefix_override:/usr/lib/python3/dist-packages/colcon_core/task/python/colcon_distutils_commands:/home/malik/controller-benchmarks/ros2/install/autodrive_f1tenth/lib/python3.10/site-packages:${PYTHONPATH} /usr/bin/python3 -W ignore:setup.py install is deprecated -W ignore:easy_install command is deprecated setup.py egg_info --egg-base ../build/autodrive_f1tenth build --build-base /home/malik/controller-benchmarks/ros2/build/autodrive_f1tenth/build install --record /home/malik/controller-benchmarks/ros2/build/autodrive_f1tenth/install.log --single-version-externally-managed install_data
