[0.680s] Invoking command in '/home/malik/ros2_ws/build/autodrive_nigel': PYTHONPATH=/home/malik/ros2_ws/build/autodrive_nigel/prefix_override:/usr/lib/python3/dist-packages/colcon_core/task/python/colcon_distutils_commands:/home/malik/ros2_ws/install/autodrive_nigel/lib/python3.10/site-packages:${PYTHONPATH} /usr/bin/python3 -W ignore:setup.py install is deprecated -W ignore:easy_install command is deprecated setup.py develop --editable --build-directory /home/malik/ros2_ws/build/autodrive_nigel/build --no-deps symlink_data --force
[0.885s] /usr/lib/python3/dist-packages/setuptools/dist.py:723: UserWarning: Usage of dash-separated 'script-dir' will not be supported in future versions. Please use the underscore name 'script_dir' instead
[0.885s]   warnings.warn(
[0.908s] running develop
[1.063s] running egg_info
[1.063s] writing autodrive_nigel.egg-info/PKG-INFO
[1.064s] writing dependency_links to autodrive_nigel.egg-info/dependency_links.txt
[1.065s] writing entry points to autodrive_nigel.egg-info/entry_points.txt
[1.065s] writing requirements to autodrive_nigel.egg-info/requires.txt
[1.065s] writing top-level names to autodrive_nigel.egg-info/top_level.txt
[1.066s] reading manifest file 'autodrive_nigel.egg-info/SOURCES.txt'
[1.067s] writing manifest file 'autodrive_nigel.egg-info/SOURCES.txt'
[1.068s] running build_ext
[1.068s] Creating /home/malik/ros2_ws/install/autodrive_nigel/lib/python3.10/site-packages/autodrive-nigel.egg-link (link to .)
[1.069s] Installing autodrive_incoming_bridge script to /home/malik/ros2_ws/install/autodrive_nigel/lib/autodrive_nigel
[1.069s] Installing autodrive_outgoing_bridge script to /home/malik/ros2_ws/install/autodrive_nigel/lib/autodrive_nigel
[1.069s] Installing teleop_keyboard script to /home/malik/ros2_ws/install/autodrive_nigel/lib/autodrive_nigel
[1.069s] 
[1.069s] Installed /home/malik/ros2_ws/build/autodrive_nigel
[1.069s] running symlink_data
[1.069s] symbolically linking /home/malik/ros2_ws/build/autodrive_nigel/resource/autodrive_nigel -> /home/malik/ros2_ws/install/autodrive_nigel/share/ament_index/resource_index/packages
[1.069s] symbolically linking /home/malik/ros2_ws/build/autodrive_nigel/package.xml -> /home/malik/ros2_ws/install/autodrive_nigel/share/autodrive_nigel
[1.070s] symbolically linking /home/malik/ros2_ws/build/autodrive_nigel/launch/simulator/simulator_bringup_rviz.launch.py -> /home/malik/ros2_ws/install/autodrive_nigel/share/autodrive_nigel/launch/simulator
[1.070s] symbolically linking /home/malik/ros2_ws/build/autodrive_nigel/launch/simulator/simulator_bringup_headless.launch.py -> /home/malik/ros2_ws/install/autodrive_nigel/share/autodrive_nigel/launch/simulator
[1.070s] symbolically linking /home/malik/ros2_ws/build/autodrive_nigel/rviz/simulator/simulator.rviz -> /home/malik/ros2_ws/install/autodrive_nigel/share/autodrive_nigel/rviz/simulator
[1.100s] Invoked command in '/home/malik/ros2_ws/build/autodrive_nigel' returned '0': PYTHONPATH=/home/malik/ros2_ws/build/autodrive_nigel/prefix_override:/usr/lib/python3/dist-packages/colcon_core/task/python/colcon_distutils_commands:/home/malik/ros2_ws/install/autodrive_nigel/lib/python3.10/site-packages:${PYTHONPATH} /usr/bin/python3 -W ignore:setup.py install is deprecated -W ignore:easy_install command is deprecated setup.py develop --editable --build-directory /home/malik/ros2_ws/build/autodrive_nigel/build --no-deps symlink_data --force
