[0.600s] Invoking command in '/home/malik/ros2_ws/build/autodrive_nigel': PS1=\[\e[38;5;81m\]\u@\h \[\e[38;5;226m\]\w \[\e[0m\]$ PYTHONPATH=/home/malik/ros2_ws/build/autodrive_nigel/prefix_override:/usr/lib/python3/dist-packages/colcon_core/task/python/colcon_distutils_commands:/home/malik/ros2_ws/install/autodrive_nigel/lib/python3.10/site-packages:${PYTHONPATH} /usr/bin/python3 -W ignore:setup.py install is deprecated -W ignore:easy_install command is deprecated setup.py develop --editable --build-directory /home/malik/ros2_ws/build/autodrive_nigel/build --no-deps symlink_data
[0.785s] /usr/lib/python3/dist-packages/setuptools/dist.py:723: UserWarning: Usage of dash-separated 'script-dir' will not be supported in future versions. Please use the underscore name 'script_dir' instead
[0.785s]   warnings.warn(
[0.805s] running develop
[0.947s] running egg_info
[0.948s] writing autodrive_nigel.egg-info/PKG-INFO
[0.948s] writing dependency_links to autodrive_nigel.egg-info/dependency_links.txt
[0.948s] writing entry points to autodrive_nigel.egg-info/entry_points.txt
[0.948s] writing requirements to autodrive_nigel.egg-info/requires.txt
[0.948s] writing top-level names to autodrive_nigel.egg-info/top_level.txt
[0.949s] reading manifest file 'autodrive_nigel.egg-info/SOURCES.txt'
[0.950s] writing manifest file 'autodrive_nigel.egg-info/SOURCES.txt'
[0.951s] running build_ext
[0.951s] Creating /home/malik/ros2_ws/install/autodrive_nigel/lib/python3.10/site-packages/autodrive-nigel.egg-link (link to .)
[0.951s] Installing autodrive_incoming_bridge script to /home/malik/ros2_ws/install/autodrive_nigel/lib/autodrive_nigel
[0.951s] Installing autodrive_outgoing_bridge script to /home/malik/ros2_ws/install/autodrive_nigel/lib/autodrive_nigel
[0.952s] Installing teleop_keyboard script to /home/malik/ros2_ws/install/autodrive_nigel/lib/autodrive_nigel
[0.952s] 
[0.952s] Installed /home/malik/ros2_ws/build/autodrive_nigel
[0.952s] running symlink_data
[0.971s] Invoked command in '/home/malik/ros2_ws/build/autodrive_nigel' returned '0': PS1=\[\e[38;5;81m\]\u@\h \[\e[38;5;226m\]\w \[\e[0m\]$ PYTHONPATH=/home/malik/ros2_ws/build/autodrive_nigel/prefix_override:/usr/lib/python3/dist-packages/colcon_core/task/python/colcon_distutils_commands:/home/malik/ros2_ws/install/autodrive_nigel/lib/python3.10/site-packages:${PYTHONPATH} /usr/bin/python3 -W ignore:setup.py install is deprecated -W ignore:easy_install command is deprecated setup.py develop --editable --build-directory /home/malik/ros2_ws/build/autodrive_nigel/build --no-deps symlink_data
