[0.718s] Invoking command in '/home/malik/ros2_ws/src/autodrive_ros2/autodrive_f1tenth': PS1=\[\e[38;5;81m\]\u@\h \[\e[38;5;226m\]\w \[\e[0m\]$ PYTHONPATH=/home/malik/ros2_ws/build/autodrive_f1tenth/prefix_override:/usr/lib/python3/dist-packages/colcon_core/task/python/colcon_distutils_commands:/home/malik/ros2_ws/install/autodrive_f1tenth/lib/python3.10/site-packages:${PYTHONPATH} /usr/bin/python3 -W ignore:setup.py install is deprecated -W ignore:easy_install command is deprecated setup.py egg_info --egg-base ../../../build/autodrive_f1tenth build --build-base /home/malik/ros2_ws/build/autodrive_f1tenth/build install --record /home/malik/ros2_ws/build/autodrive_f1tenth/install.log --install-scripts $base/lib/autodrive_f1tenth --single-version-externally-managed install_data
[0.905s] /usr/lib/python3/dist-packages/setuptools/dist.py:723: UserWarning: Usage of dash-separated 'script-dir' will not be supported in future versions. Please use the underscore name 'script_dir' instead
[0.905s]   warnings.warn(
[0.912s] running egg_info
[0.913s] writing ../../../build/autodrive_f1tenth/autodrive_f1tenth.egg-info/PKG-INFO
[0.913s] writing dependency_links to ../../../build/autodrive_f1tenth/autodrive_f1tenth.egg-info/dependency_links.txt
[0.913s] writing entry points to ../../../build/autodrive_f1tenth/autodrive_f1tenth.egg-info/entry_points.txt
[0.913s] writing requirements to ../../../build/autodrive_f1tenth/autodrive_f1tenth.egg-info/requires.txt
[0.913s] writing top-level names to ../../../build/autodrive_f1tenth/autodrive_f1tenth.egg-info/top_level.txt
[0.915s] reading manifest file '../../../build/autodrive_f1tenth/autodrive_f1tenth.egg-info/SOURCES.txt'
[0.916s] writing manifest file '../../../build/autodrive_f1tenth/autodrive_f1tenth.egg-info/SOURCES.txt'
[0.916s] running build
[0.916s] running build_py
[0.916s] copying autodrive_f1tenth/pure_pursuit.py -> /home/malik/ros2_ws/build/autodrive_f1tenth/build/lib/autodrive_f1tenth
[0.916s] copying autodrive_f1tenth/thesis.py -> /home/malik/ros2_ws/build/autodrive_f1tenth/build/lib/autodrive_f1tenth
[0.916s] copying autodrive_f1tenth/autodrive_outgoing_bridge.py -> /home/malik/ros2_ws/build/autodrive_f1tenth/build/lib/autodrive_f1tenth
[0.917s] copying autodrive_f1tenth/autodrive_incoming_bridge.py -> /home/malik/ros2_ws/build/autodrive_f1tenth/build/lib/autodrive_f1tenth
[0.917s] running install
[0.917s] running install_lib
[0.918s] copying /home/malik/ros2_ws/build/autodrive_f1tenth/build/lib/autodrive_f1tenth/pure_pursuit.py -> /home/malik/ros2_ws/install/autodrive_f1tenth/lib/python3.10/site-packages/autodrive_f1tenth
[0.918s] copying /home/malik/ros2_ws/build/autodrive_f1tenth/build/lib/autodrive_f1tenth/thesis.py -> /home/malik/ros2_ws/install/autodrive_f1tenth/lib/python3.10/site-packages/autodrive_f1tenth
[0.918s] copying /home/malik/ros2_ws/build/autodrive_f1tenth/build/lib/autodrive_f1tenth/autodrive_outgoing_bridge.py -> /home/malik/ros2_ws/install/autodrive_f1tenth/lib/python3.10/site-packages/autodrive_f1tenth
[0.918s] copying /home/malik/ros2_ws/build/autodrive_f1tenth/build/lib/autodrive_f1tenth/autodrive_incoming_bridge.py -> /home/malik/ros2_ws/install/autodrive_f1tenth/lib/python3.10/site-packages/autodrive_f1tenth
[0.919s] byte-compiling /home/malik/ros2_ws/install/autodrive_f1tenth/lib/python3.10/site-packages/autodrive_f1tenth/pure_pursuit.py to pure_pursuit.cpython-310.pyc
[0.920s] byte-compiling /home/malik/ros2_ws/install/autodrive_f1tenth/lib/python3.10/site-packages/autodrive_f1tenth/thesis.py to thesis.cpython-310.pyc
[0.921s] byte-compiling /home/malik/ros2_ws/install/autodrive_f1tenth/lib/python3.10/site-packages/autodrive_f1tenth/autodrive_outgoing_bridge.py to autodrive_outgoing_bridge.cpython-310.pyc
[0.921s] byte-compiling /home/malik/ros2_ws/install/autodrive_f1tenth/lib/python3.10/site-packages/autodrive_f1tenth/autodrive_incoming_bridge.py to autodrive_incoming_bridge.cpython-310.pyc
[0.922s] running install_data
[0.923s] running install_egg_info
[0.924s] removing '/home/malik/ros2_ws/install/autodrive_f1tenth/lib/python3.10/site-packages/autodrive_f1tenth-0.1.0-py3.10.egg-info' (and everything under it)
[0.924s] Copying ../../../build/autodrive_f1tenth/autodrive_f1tenth.egg-info to /home/malik/ros2_ws/install/autodrive_f1tenth/lib/python3.10/site-packages/autodrive_f1tenth-0.1.0-py3.10.egg-info
[0.925s] running install_scripts
[0.940s] Installing autodrive_incoming_bridge script to /home/malik/ros2_ws/install/autodrive_f1tenth/lib/autodrive_f1tenth
[0.940s] Installing autodrive_incoming_bridge_2 script to /home/malik/ros2_ws/install/autodrive_f1tenth/lib/autodrive_f1tenth
[0.940s] Installing autodrive_outgoing_bridge script to /home/malik/ros2_ws/install/autodrive_f1tenth/lib/autodrive_f1tenth
[0.940s] Installing autodrive_outgoing_bridge_2 script to /home/malik/ros2_ws/install/autodrive_f1tenth/lib/autodrive_f1tenth
[0.940s] Installing pure_pursuit script to /home/malik/ros2_ws/install/autodrive_f1tenth/lib/autodrive_f1tenth
[0.940s] Installing teleop_keyboard script to /home/malik/ros2_ws/install/autodrive_f1tenth/lib/autodrive_f1tenth
[0.940s] Installing thesis script to /home/malik/ros2_ws/install/autodrive_f1tenth/lib/autodrive_f1tenth
[0.941s] writing list of installed files to '/home/malik/ros2_ws/build/autodrive_f1tenth/install.log'
[0.962s] Invoked command in '/home/malik/ros2_ws/src/autodrive_ros2/autodrive_f1tenth' returned '0': PS1=\[\e[38;5;81m\]\u@\h \[\e[38;5;226m\]\w \[\e[0m\]$ PYTHONPATH=/home/malik/ros2_ws/build/autodrive_f1tenth/prefix_override:/usr/lib/python3/dist-packages/colcon_core/task/python/colcon_distutils_commands:/home/malik/ros2_ws/install/autodrive_f1tenth/lib/python3.10/site-packages:${PYTHONPATH} /usr/bin/python3 -W ignore:setup.py install is deprecated -W ignore:easy_install command is deprecated setup.py egg_info --egg-base ../../../build/autodrive_f1tenth build --build-base /home/malik/ros2_ws/build/autodrive_f1tenth/build install --record /home/malik/ros2_ws/build/autodrive_f1tenth/install.log --install-scripts $base/lib/autodrive_f1tenth --single-version-externally-managed install_data
