running develop
running egg_info
creating autodrive_f1tenth.egg-info
writing autodrive_f1tenth.egg-info/PKG-INFO
writing dependency_links to autodrive_f1tenth.egg-info/dependency_links.txt
writing entry points to autodrive_f1tenth.egg-info/entry_points.txt
writing requirements to autodrive_f1tenth.egg-info/requires.txt
writing top-level names to autodrive_f1tenth.egg-info/top_level.txt
writing manifest file 'autodrive_f1tenth.egg-info/SOURCES.txt'
reading manifest file 'autodrive_f1tenth.egg-info/SOURCES.txt'
writing manifest file 'autodrive_f1tenth.egg-info/SOURCES.txt'
running build_ext
Creating /home/malik/ros2_ws/install/autodrive_f1tenth/lib/python3.10/site-packages/autodrive-f1tenth.egg-link (link to .)
Installing autodrive_incoming_bridge script to /home/malik/ros2_ws/install/autodrive_f1tenth/lib/autodrive_f1tenth
Installing autodrive_incoming_bridge_2 script to /home/malik/ros2_ws/install/autodrive_f1tenth/lib/autodrive_f1tenth
Installing autodrive_outgoing_bridge script to /home/malik/ros2_ws/install/autodrive_f1tenth/lib/autodrive_f1tenth
Installing autodrive_outgoing_bridge_2 script to /home/malik/ros2_ws/install/autodrive_f1tenth/lib/autodrive_f1tenth
Installing confidence_log script to /home/malik/ros2_ws/install/autodrive_f1tenth/lib/autodrive_f1tenth
Installing dl_slot script to /home/malik/ros2_ws/install/autodrive_f1tenth/lib/autodrive_f1tenth
Installing dl_slot_scan script to /home/malik/ros2_ws/install/autodrive_f1tenth/lib/autodrive_f1tenth
Installing follow_stack script to /home/malik/ros2_ws/install/autodrive_f1tenth/lib/autodrive_f1tenth
Installing gap_follow script to /home/malik/ros2_ws/install/autodrive_f1tenth/lib/autodrive_f1tenth
Installing overtake_decision script to /home/malik/ros2_ws/install/autodrive_f1tenth/lib/autodrive_f1tenth
Installing plot_pure_pursuit_runs script to /home/malik/ros2_ws/install/autodrive_f1tenth/lib/autodrive_f1tenth
Installing predictive_spliner_decision script to /home/malik/ros2_ws/install/autodrive_f1tenth/lib/autodrive_f1tenth
Installing pure_pursuit script to /home/malik/ros2_ws/install/autodrive_f1tenth/lib/autodrive_f1tenth
Installing pure_pursuit_target script to /home/malik/ros2_ws/install/autodrive_f1tenth/lib/autodrive_f1tenth
Installing safety script to /home/malik/ros2_ws/install/autodrive_f1tenth/lib/autodrive_f1tenth
Installing slam script to /home/malik/ros2_ws/install/autodrive_f1tenth/lib/autodrive_f1tenth
Installing slam_tf_logger script to /home/malik/ros2_ws/install/autodrive_f1tenth/lib/autodrive_f1tenth
Installing slam_toolbox_bridge script to /home/malik/ros2_ws/install/autodrive_f1tenth/lib/autodrive_f1tenth
Installing slam_toolbox_map_logger script to /home/malik/ros2_ws/install/autodrive_f1tenth/lib/autodrive_f1tenth
Installing target_vehicle_tracker script to /home/malik/ros2_ws/install/autodrive_f1tenth/lib/autodrive_f1tenth
Installing target_vehicle_tracker_foreground script to /home/malik/ros2_ws/install/autodrive_f1tenth/lib/autodrive_f1tenth
Installing teleop_keyboard script to /home/malik/ros2_ws/install/autodrive_f1tenth/lib/autodrive_f1tenth
Installing thesis script to /home/malik/ros2_ws/install/autodrive_f1tenth/lib/autodrive_f1tenth

Installed /home/malik/ros2_ws/build/autodrive_f1tenth
running symlink_data
creating /home/malik/ros2_ws/install/autodrive_f1tenth/share/ament_index
creating /home/malik/ros2_ws/install/autodrive_f1tenth/share/ament_index/resource_index
creating /home/malik/ros2_ws/install/autodrive_f1tenth/share/ament_index/resource_index/packages
symbolically linking /home/malik/ros2_ws/build/autodrive_f1tenth/resource/autodrive_f1tenth -> /home/malik/ros2_ws/install/autodrive_f1tenth/share/ament_index/resource_index/packages
symbolically linking /home/malik/ros2_ws/build/autodrive_f1tenth/package.xml -> /home/malik/ros2_ws/install/autodrive_f1tenth/share/autodrive_f1tenth
creating /home/malik/ros2_ws/install/autodrive_f1tenth/share/autodrive_f1tenth/launch
symbolically linking /home/malik/ros2_ws/build/autodrive_f1tenth/launch/physical_tracking.launch.py -> /home/malik/ros2_ws/install/autodrive_f1tenth/share/autodrive_f1tenth/launch
symbolically linking /home/malik/ros2_ws/build/autodrive_f1tenth/launch/slam_stack.launch.py -> /home/malik/ros2_ws/install/autodrive_f1tenth/share/autodrive_f1tenth/launch
symbolically linking /home/malik/ros2_ws/build/autodrive_f1tenth/launch/simulator_bringup_rviz.launch.py -> /home/malik/ros2_ws/install/autodrive_f1tenth/share/autodrive_f1tenth/launch
symbolically linking /home/malik/ros2_ws/build/autodrive_f1tenth/launch/physical_slam.launch.py -> /home/malik/ros2_ws/install/autodrive_f1tenth/share/autodrive_f1tenth/launch
symbolically linking /home/malik/ros2_ws/build/autodrive_f1tenth/launch/slam_toolbox_physical.launch.py -> /home/malik/ros2_ws/install/autodrive_f1tenth/share/autodrive_f1tenth/launch
symbolically linking /home/malik/ros2_ws/build/autodrive_f1tenth/launch/follow_stack.launch.py -> /home/malik/ros2_ws/install/autodrive_f1tenth/share/autodrive_f1tenth/launch
symbolically linking /home/malik/ros2_ws/build/autodrive_f1tenth/launch/simulator_bringup_rviz_2.launch.py -> /home/malik/ros2_ws/install/autodrive_f1tenth/share/autodrive_f1tenth/launch
symbolically linking /home/malik/ros2_ws/build/autodrive_f1tenth/launch/thesis.launch.py -> /home/malik/ros2_ws/install/autodrive_f1tenth/share/autodrive_f1tenth/launch
symbolically linking /home/malik/ros2_ws/build/autodrive_f1tenth/launch/gap_follow.launch.py -> /home/malik/ros2_ws/install/autodrive_f1tenth/share/autodrive_f1tenth/launch
symbolically linking /home/malik/ros2_ws/build/autodrive_f1tenth/launch/slam_toolbox_stack.launch.py -> /home/malik/ros2_ws/install/autodrive_f1tenth/share/autodrive_f1tenth/launch
symbolically linking /home/malik/ros2_ws/build/autodrive_f1tenth/launch/predictive_spliner.launch.py -> /home/malik/ros2_ws/install/autodrive_f1tenth/share/autodrive_f1tenth/launch
symbolically linking /home/malik/ros2_ws/build/autodrive_f1tenth/launch/simulator_bringup_headless.launch.py -> /home/malik/ros2_ws/install/autodrive_f1tenth/share/autodrive_f1tenth/launch
creating /home/malik/ros2_ws/install/autodrive_f1tenth/share/autodrive_f1tenth/config
symbolically linking /home/malik/ros2_ws/build/autodrive_f1tenth/config/slam_toolbox_f1tenth.yaml -> /home/malik/ros2_ws/install/autodrive_f1tenth/share/autodrive_f1tenth/config
creating /home/malik/ros2_ws/install/autodrive_f1tenth/share/autodrive_f1tenth/rviz
symbolically linking /home/malik/ros2_ws/build/autodrive_f1tenth/rviz/simulator.rviz -> /home/malik/ros2_ws/install/autodrive_f1tenth/share/autodrive_f1tenth/rviz
symbolically linking /home/malik/ros2_ws/build/autodrive_f1tenth/rviz/simulator_2.rviz -> /home/malik/ros2_ws/install/autodrive_f1tenth/share/autodrive_f1tenth/rviz
