/usr/lib/python3/dist-packages/setuptools/dist.py:723: UserWarning: Usage of dash-separated 'script-dir' will not be supported in future versions. Please use the underscore name 'script_dir' instead
  warnings.warn(
running develop
Removing /home/malik/ros2_ws/install/autodrive_f1tenth/lib/python3.10/site-packages/autodrive-f1tenth.egg-link (link to .)
/usr/lib/python3/dist-packages/setuptools/dist.py:723: UserWarning: Usage of dash-separated 'script-dir' will not be supported in future versions. Please use the underscore name 'script_dir' instead
  warnings.warn(
running egg_info
writing ../../../build/autodrive_f1tenth/autodrive_f1tenth.egg-info/PKG-INFO
writing dependency_links to ../../../build/autodrive_f1tenth/autodrive_f1tenth.egg-info/dependency_links.txt
writing entry points to ../../../build/autodrive_f1tenth/autodrive_f1tenth.egg-info/entry_points.txt
writing requirements to ../../../build/autodrive_f1tenth/autodrive_f1tenth.egg-info/requires.txt
writing top-level names to ../../../build/autodrive_f1tenth/autodrive_f1tenth.egg-info/top_level.txt
reading manifest file '../../../build/autodrive_f1tenth/autodrive_f1tenth.egg-info/SOURCES.txt'
writing manifest file '../../../build/autodrive_f1tenth/autodrive_f1tenth.egg-info/SOURCES.txt'
running build
running build_py
copying autodrive_f1tenth/lepavd_control.py -> /home/malik/ros2_ws/build/autodrive_f1tenth/build/lib/autodrive_f1tenth
copying autodrive_f1tenth/data_recorder.py -> /home/malik/ros2_ws/build/autodrive_f1tenth/build/lib/autodrive_f1tenth
copying autodrive_f1tenth/plot_results.py -> /home/malik/ros2_ws/build/autodrive_f1tenth/build/lib/autodrive_f1tenth
copying autodrive_f1tenth/pure_pursuit_1lap.py -> /home/malik/ros2_ws/build/autodrive_f1tenth/build/lib/autodrive_f1tenth
running install
running install_lib
creating /home/malik/ros2_ws/install/autodrive_f1tenth/lib/python3.10/site-packages/autodrive_f1tenth
copying /home/malik/ros2_ws/build/autodrive_f1tenth/build/lib/autodrive_f1tenth/lepavd_control.py -> /home/malik/ros2_ws/install/autodrive_f1tenth/lib/python3.10/site-packages/autodrive_f1tenth
copying /home/malik/ros2_ws/build/autodrive_f1tenth/build/lib/autodrive_f1tenth/autodrive_outgoing_bridge_2.py -> /home/malik/ros2_ws/install/autodrive_f1tenth/lib/python3.10/site-packages/autodrive_f1tenth
copying /home/malik/ros2_ws/build/autodrive_f1tenth/build/lib/autodrive_f1tenth/__init__.py -> /home/malik/ros2_ws/install/autodrive_f1tenth/lib/python3.10/site-packages/autodrive_f1tenth
copying /home/malik/ros2_ws/build/autodrive_f1tenth/build/lib/autodrive_f1tenth/pure_pursuit.py -> /home/malik/ros2_ws/install/autodrive_f1tenth/lib/python3.10/site-packages/autodrive_f1tenth
copying /home/malik/ros2_ws/build/autodrive_f1tenth/build/lib/autodrive_f1tenth/data_recorder.py -> /home/malik/ros2_ws/install/autodrive_f1tenth/lib/python3.10/site-packages/autodrive_f1tenth
copying /home/malik/ros2_ws/build/autodrive_f1tenth/build/lib/autodrive_f1tenth/plot_results.py -> /home/malik/ros2_ws/install/autodrive_f1tenth/lib/python3.10/site-packages/autodrive_f1tenth
copying /home/malik/ros2_ws/build/autodrive_f1tenth/build/lib/autodrive_f1tenth/pure_pursuit_1lap.py -> /home/malik/ros2_ws/install/autodrive_f1tenth/lib/python3.10/site-packages/autodrive_f1tenth
copying /home/malik/ros2_ws/build/autodrive_f1tenth/build/lib/autodrive_f1tenth/teleop_keyboard.py -> /home/malik/ros2_ws/install/autodrive_f1tenth/lib/python3.10/site-packages/autodrive_f1tenth
copying /home/malik/ros2_ws/build/autodrive_f1tenth/build/lib/autodrive_f1tenth/thesis.py -> /home/malik/ros2_ws/install/autodrive_f1tenth/lib/python3.10/site-packages/autodrive_f1tenth
copying /home/malik/ros2_ws/build/autodrive_f1tenth/build/lib/autodrive_f1tenth/config_2.py -> /home/malik/ros2_ws/install/autodrive_f1tenth/lib/python3.10/site-packages/autodrive_f1tenth
copying /home/malik/ros2_ws/build/autodrive_f1tenth/build/lib/autodrive_f1tenth/config.py -> /home/malik/ros2_ws/install/autodrive_f1tenth/lib/python3.10/site-packages/autodrive_f1tenth
copying /home/malik/ros2_ws/build/autodrive_f1tenth/build/lib/autodrive_f1tenth/autodrive_outgoing_bridge.py -> /home/malik/ros2_ws/install/autodrive_f1tenth/lib/python3.10/site-packages/autodrive_f1tenth
copying /home/malik/ros2_ws/build/autodrive_f1tenth/build/lib/autodrive_f1tenth/autodrive_incoming_bridge_2.py -> /home/malik/ros2_ws/install/autodrive_f1tenth/lib/python3.10/site-packages/autodrive_f1tenth
copying /home/malik/ros2_ws/build/autodrive_f1tenth/build/lib/autodrive_f1tenth/pid_controller.py -> /home/malik/ros2_ws/install/autodrive_f1tenth/lib/python3.10/site-packages/autodrive_f1tenth
copying /home/malik/ros2_ws/build/autodrive_f1tenth/build/lib/autodrive_f1tenth/autodrive_incoming_bridge.py -> /home/malik/ros2_ws/install/autodrive_f1tenth/lib/python3.10/site-packages/autodrive_f1tenth
byte-compiling /home/malik/ros2_ws/install/autodrive_f1tenth/lib/python3.10/site-packages/autodrive_f1tenth/lepavd_control.py to lepavd_control.cpython-310.pyc
byte-compiling /home/malik/ros2_ws/install/autodrive_f1tenth/lib/python3.10/site-packages/autodrive_f1tenth/autodrive_outgoing_bridge_2.py to autodrive_outgoing_bridge_2.cpython-310.pyc
byte-compiling /home/malik/ros2_ws/install/autodrive_f1tenth/lib/python3.10/site-packages/autodrive_f1tenth/__init__.py to __init__.cpython-310.pyc
byte-compiling /home/malik/ros2_ws/install/autodrive_f1tenth/lib/python3.10/site-packages/autodrive_f1tenth/pure_pursuit.py to pure_pursuit.cpython-310.pyc
byte-compiling /home/malik/ros2_ws/install/autodrive_f1tenth/lib/python3.10/site-packages/autodrive_f1tenth/data_recorder.py to data_recorder.cpython-310.pyc
byte-compiling /home/malik/ros2_ws/install/autodrive_f1tenth/lib/python3.10/site-packages/autodrive_f1tenth/plot_results.py to plot_results.cpython-310.pyc
byte-compiling /home/malik/ros2_ws/install/autodrive_f1tenth/lib/python3.10/site-packages/autodrive_f1tenth/pure_pursuit_1lap.py to pure_pursuit_1lap.cpython-310.pyc
byte-compiling /home/malik/ros2_ws/install/autodrive_f1tenth/lib/python3.10/site-packages/autodrive_f1tenth/teleop_keyboard.py to teleop_keyboard.cpython-310.pyc
byte-compiling /home/malik/ros2_ws/install/autodrive_f1tenth/lib/python3.10/site-packages/autodrive_f1tenth/thesis.py to thesis.cpython-310.pyc
byte-compiling /home/malik/ros2_ws/install/autodrive_f1tenth/lib/python3.10/site-packages/autodrive_f1tenth/config_2.py to config_2.cpython-310.pyc
byte-compiling /home/malik/ros2_ws/install/autodrive_f1tenth/lib/python3.10/site-packages/autodrive_f1tenth/config.py to config.cpython-310.pyc
byte-compiling /home/malik/ros2_ws/install/autodrive_f1tenth/lib/python3.10/site-packages/autodrive_f1tenth/autodrive_outgoing_bridge.py to autodrive_outgoing_bridge.cpython-310.pyc
byte-compiling /home/malik/ros2_ws/install/autodrive_f1tenth/lib/python3.10/site-packages/autodrive_f1tenth/autodrive_incoming_bridge_2.py to autodrive_incoming_bridge_2.cpython-310.pyc
byte-compiling /home/malik/ros2_ws/install/autodrive_f1tenth/lib/python3.10/site-packages/autodrive_f1tenth/pid_controller.py to pid_controller.cpython-310.pyc
byte-compiling /home/malik/ros2_ws/install/autodrive_f1tenth/lib/python3.10/site-packages/autodrive_f1tenth/autodrive_incoming_bridge.py to autodrive_incoming_bridge.cpython-310.pyc
running install_data
copying resource/autodrive_f1tenth -> /home/malik/ros2_ws/install/autodrive_f1tenth/share/ament_index/resource_index/packages
copying package.xml -> /home/malik/ros2_ws/install/autodrive_f1tenth/share/autodrive_f1tenth
copying launch/simulator_bringup_rviz.launch.py -> /home/malik/ros2_ws/install/autodrive_f1tenth/share/autodrive_f1tenth/launch
copying launch/simulator_bringup_rviz_2.launch.py -> /home/malik/ros2_ws/install/autodrive_f1tenth/share/autodrive_f1tenth/launch
copying launch/thesis.launch.py -> /home/malik/ros2_ws/install/autodrive_f1tenth/share/autodrive_f1tenth/launch
copying launch/simulator_bringup_headless.launch.py -> /home/malik/ros2_ws/install/autodrive_f1tenth/share/autodrive_f1tenth/launch
copying rviz/simulator.rviz -> /home/malik/ros2_ws/install/autodrive_f1tenth/share/autodrive_f1tenth/rviz
copying rviz/simulator_2.rviz -> /home/malik/ros2_ws/install/autodrive_f1tenth/share/autodrive_f1tenth/rviz
running install_egg_info
Copying ../../../build/autodrive_f1tenth/autodrive_f1tenth.egg-info to /home/malik/ros2_ws/install/autodrive_f1tenth/lib/python3.10/site-packages/autodrive_f1tenth-0.1.0-py3.10.egg-info
running install_scripts
Installing autodrive_incoming_bridge script to /home/malik/ros2_ws/install/autodrive_f1tenth/lib/autodrive_f1tenth
Installing autodrive_incoming_bridge_2 script to /home/malik/ros2_ws/install/autodrive_f1tenth/lib/autodrive_f1tenth
Installing autodrive_outgoing_bridge script to /home/malik/ros2_ws/install/autodrive_f1tenth/lib/autodrive_f1tenth
Installing autodrive_outgoing_bridge_2 script to /home/malik/ros2_ws/install/autodrive_f1tenth/lib/autodrive_f1tenth
Installing pure_pursuit script to /home/malik/ros2_ws/install/autodrive_f1tenth/lib/autodrive_f1tenth
Installing teleop_keyboard script to /home/malik/ros2_ws/install/autodrive_f1tenth/lib/autodrive_f1tenth
Installing thesis script to /home/malik/ros2_ws/install/autodrive_f1tenth/lib/autodrive_f1tenth
writing list of installed files to '/home/malik/ros2_ws/build/autodrive_f1tenth/install.log'
