[0.828s] Invoking command in '/home/malik/ros2_ws/build/autodrive_f1tenth': PS1=\[\e[38;5;81m\]\u@\h \[\e[38;5;226m\]\w \[\e[0m\]$ PYTHONPATH=/home/malik/ros2_ws/build/autodrive_f1tenth/prefix_override:/usr/lib/python3/dist-packages/colcon_core/task/python/colcon_distutils_commands:/home/malik/ros2_ws/install/autodrive_f1tenth/lib/python3.10/site-packages:${PYTHONPATH} /usr/bin/python3 -W ignore:setup.py install is deprecated -W ignore:easy_install command is deprecated setup.py develop --uninstall --editable --build-directory /home/malik/ros2_ws/build/autodrive_f1tenth/build
[1.049s] /usr/lib/python3/dist-packages/setuptools/dist.py:723: UserWarning: Usage of dash-separated 'script-dir' will not be supported in future versions. Please use the underscore name 'script_dir' instead
[1.049s]   warnings.warn(
[1.075s] running develop
[1.236s] Removing /home/malik/ros2_ws/install/autodrive_f1tenth/lib/python3.10/site-packages/autodrive-f1tenth.egg-link (link to .)
[1.280s] Invoked command in '/home/malik/ros2_ws/build/autodrive_f1tenth' returned '0': PS1=\[\e[38;5;81m\]\u@\h \[\e[38;5;226m\]\w \[\e[0m\]$ PYTHONPATH=/home/malik/ros2_ws/build/autodrive_f1tenth/prefix_override:/usr/lib/python3/dist-packages/colcon_core/task/python/colcon_distutils_commands:/home/malik/ros2_ws/install/autodrive_f1tenth/lib/python3.10/site-packages:${PYTHONPATH} /usr/bin/python3 -W ignore:setup.py install is deprecated -W ignore:easy_install command is deprecated setup.py develop --uninstall --editable --build-directory /home/malik/ros2_ws/build/autodrive_f1tenth/build
[1.282s] Invoking command in '/home/malik/ros2_ws/src/autodrive_ros2/autodrive_f1tenth': PS1=\[\e[38;5;81m\]\u@\h \[\e[38;5;226m\]\w \[\e[0m\]$ PYTHONPATH=/home/malik/ros2_ws/build/autodrive_f1tenth/prefix_override:/usr/lib/python3/dist-packages/colcon_core/task/python/colcon_distutils_commands:/home/malik/ros2_ws/install/autodrive_f1tenth/lib/python3.10/site-packages:${PYTHONPATH} /usr/bin/python3 -W ignore:setup.py install is deprecated -W ignore:easy_install command is deprecated setup.py egg_info --egg-base ../../../build/autodrive_f1tenth build --build-base /home/malik/ros2_ws/build/autodrive_f1tenth/build install --record /home/malik/ros2_ws/build/autodrive_f1tenth/install.log --install-scripts $base/lib/autodrive_f1tenth --single-version-externally-managed install_data --force
[1.505s] /usr/lib/python3/dist-packages/setuptools/dist.py:723: UserWarning: Usage of dash-separated 'script-dir' will not be supported in future versions. Please use the underscore name 'script_dir' instead
[1.506s]   warnings.warn(
[1.516s] running egg_info
[1.516s] writing ../../../build/autodrive_f1tenth/autodrive_f1tenth.egg-info/PKG-INFO
[1.516s] writing dependency_links to ../../../build/autodrive_f1tenth/autodrive_f1tenth.egg-info/dependency_links.txt
[1.516s] writing entry points to ../../../build/autodrive_f1tenth/autodrive_f1tenth.egg-info/entry_points.txt
[1.517s] writing requirements to ../../../build/autodrive_f1tenth/autodrive_f1tenth.egg-info/requires.txt
[1.517s] writing top-level names to ../../../build/autodrive_f1tenth/autodrive_f1tenth.egg-info/top_level.txt
[1.520s] reading manifest file '../../../build/autodrive_f1tenth/autodrive_f1tenth.egg-info/SOURCES.txt'
[1.520s] writing manifest file '../../../build/autodrive_f1tenth/autodrive_f1tenth.egg-info/SOURCES.txt'
[1.520s] running build
[1.520s] running build_py
[1.520s] copying autodrive_f1tenth/lepavd_control.py -> /home/malik/ros2_ws/build/autodrive_f1tenth/build/lib/autodrive_f1tenth
[1.521s] copying autodrive_f1tenth/data_recorder.py -> /home/malik/ros2_ws/build/autodrive_f1tenth/build/lib/autodrive_f1tenth
[1.521s] copying autodrive_f1tenth/plot_results.py -> /home/malik/ros2_ws/build/autodrive_f1tenth/build/lib/autodrive_f1tenth
[1.521s] copying autodrive_f1tenth/pure_pursuit_1lap.py -> /home/malik/ros2_ws/build/autodrive_f1tenth/build/lib/autodrive_f1tenth
[1.521s] running install
[1.522s] running install_lib
[1.522s] creating /home/malik/ros2_ws/install/autodrive_f1tenth/lib/python3.10/site-packages/autodrive_f1tenth
[1.522s] copying /home/malik/ros2_ws/build/autodrive_f1tenth/build/lib/autodrive_f1tenth/lepavd_control.py -> /home/malik/ros2_ws/install/autodrive_f1tenth/lib/python3.10/site-packages/autodrive_f1tenth
[1.522s] copying /home/malik/ros2_ws/build/autodrive_f1tenth/build/lib/autodrive_f1tenth/autodrive_outgoing_bridge_2.py -> /home/malik/ros2_ws/install/autodrive_f1tenth/lib/python3.10/site-packages/autodrive_f1tenth
[1.523s] copying /home/malik/ros2_ws/build/autodrive_f1tenth/build/lib/autodrive_f1tenth/__init__.py -> /home/malik/ros2_ws/install/autodrive_f1tenth/lib/python3.10/site-packages/autodrive_f1tenth
[1.523s] copying /home/malik/ros2_ws/build/autodrive_f1tenth/build/lib/autodrive_f1tenth/pure_pursuit.py -> /home/malik/ros2_ws/install/autodrive_f1tenth/lib/python3.10/site-packages/autodrive_f1tenth
[1.523s] copying /home/malik/ros2_ws/build/autodrive_f1tenth/build/lib/autodrive_f1tenth/data_recorder.py -> /home/malik/ros2_ws/install/autodrive_f1tenth/lib/python3.10/site-packages/autodrive_f1tenth
[1.523s] copying /home/malik/ros2_ws/build/autodrive_f1tenth/build/lib/autodrive_f1tenth/plot_results.py -> /home/malik/ros2_ws/install/autodrive_f1tenth/lib/python3.10/site-packages/autodrive_f1tenth
[1.523s] copying /home/malik/ros2_ws/build/autodrive_f1tenth/build/lib/autodrive_f1tenth/pure_pursuit_1lap.py -> /home/malik/ros2_ws/install/autodrive_f1tenth/lib/python3.10/site-packages/autodrive_f1tenth
[1.523s] copying /home/malik/ros2_ws/build/autodrive_f1tenth/build/lib/autodrive_f1tenth/teleop_keyboard.py -> /home/malik/ros2_ws/install/autodrive_f1tenth/lib/python3.10/site-packages/autodrive_f1tenth
[1.524s] copying /home/malik/ros2_ws/build/autodrive_f1tenth/build/lib/autodrive_f1tenth/thesis.py -> /home/malik/ros2_ws/install/autodrive_f1tenth/lib/python3.10/site-packages/autodrive_f1tenth
[1.524s] copying /home/malik/ros2_ws/build/autodrive_f1tenth/build/lib/autodrive_f1tenth/config_2.py -> /home/malik/ros2_ws/install/autodrive_f1tenth/lib/python3.10/site-packages/autodrive_f1tenth
[1.524s] copying /home/malik/ros2_ws/build/autodrive_f1tenth/build/lib/autodrive_f1tenth/config.py -> /home/malik/ros2_ws/install/autodrive_f1tenth/lib/python3.10/site-packages/autodrive_f1tenth
[1.524s] copying /home/malik/ros2_ws/build/autodrive_f1tenth/build/lib/autodrive_f1tenth/autodrive_outgoing_bridge.py -> /home/malik/ros2_ws/install/autodrive_f1tenth/lib/python3.10/site-packages/autodrive_f1tenth
[1.524s] copying /home/malik/ros2_ws/build/autodrive_f1tenth/build/lib/autodrive_f1tenth/autodrive_incoming_bridge_2.py -> /home/malik/ros2_ws/install/autodrive_f1tenth/lib/python3.10/site-packages/autodrive_f1tenth
[1.525s] copying /home/malik/ros2_ws/build/autodrive_f1tenth/build/lib/autodrive_f1tenth/pid_controller.py -> /home/malik/ros2_ws/install/autodrive_f1tenth/lib/python3.10/site-packages/autodrive_f1tenth
[1.525s] copying /home/malik/ros2_ws/build/autodrive_f1tenth/build/lib/autodrive_f1tenth/autodrive_incoming_bridge.py -> /home/malik/ros2_ws/install/autodrive_f1tenth/lib/python3.10/site-packages/autodrive_f1tenth
[1.526s] byte-compiling /home/malik/ros2_ws/install/autodrive_f1tenth/lib/python3.10/site-packages/autodrive_f1tenth/lepavd_control.py to lepavd_control.cpython-310.pyc
[1.528s] byte-compiling /home/malik/ros2_ws/install/autodrive_f1tenth/lib/python3.10/site-packages/autodrive_f1tenth/autodrive_outgoing_bridge_2.py to autodrive_outgoing_bridge_2.cpython-310.pyc
[1.529s] byte-compiling /home/malik/ros2_ws/install/autodrive_f1tenth/lib/python3.10/site-packages/autodrive_f1tenth/__init__.py to __init__.cpython-310.pyc
[1.530s] byte-compiling /home/malik/ros2_ws/install/autodrive_f1tenth/lib/python3.10/site-packages/autodrive_f1tenth/pure_pursuit.py to pure_pursuit.cpython-310.pyc
[1.530s] byte-compiling /home/malik/ros2_ws/install/autodrive_f1tenth/lib/python3.10/site-packages/autodrive_f1tenth/data_recorder.py to data_recorder.cpython-310.pyc
[1.531s] byte-compiling /home/malik/ros2_ws/install/autodrive_f1tenth/lib/python3.10/site-packages/autodrive_f1tenth/plot_results.py to plot_results.cpython-310.pyc
[1.533s] byte-compiling /home/malik/ros2_ws/install/autodrive_f1tenth/lib/python3.10/site-packages/autodrive_f1tenth/pure_pursuit_1lap.py to pure_pursuit_1lap.cpython-310.pyc
[1.533s] byte-compiling /home/malik/ros2_ws/install/autodrive_f1tenth/lib/python3.10/site-packages/autodrive_f1tenth/teleop_keyboard.py to teleop_keyboard.cpython-310.pyc
[1.534s] byte-compiling /home/malik/ros2_ws/install/autodrive_f1tenth/lib/python3.10/site-packages/autodrive_f1tenth/thesis.py to thesis.cpython-310.pyc
[1.535s] byte-compiling /home/malik/ros2_ws/install/autodrive_f1tenth/lib/python3.10/site-packages/autodrive_f1tenth/config_2.py to config_2.cpython-310.pyc
[1.535s] byte-compiling /home/malik/ros2_ws/install/autodrive_f1tenth/lib/python3.10/site-packages/autodrive_f1tenth/config.py to config.cpython-310.pyc
[1.535s] byte-compiling /home/malik/ros2_ws/install/autodrive_f1tenth/lib/python3.10/site-packages/autodrive_f1tenth/autodrive_outgoing_bridge.py to autodrive_outgoing_bridge.cpython-310.pyc
[1.536s] byte-compiling /home/malik/ros2_ws/install/autodrive_f1tenth/lib/python3.10/site-packages/autodrive_f1tenth/autodrive_incoming_bridge_2.py to autodrive_incoming_bridge_2.cpython-310.pyc
[1.538s] byte-compiling /home/malik/ros2_ws/install/autodrive_f1tenth/lib/python3.10/site-packages/autodrive_f1tenth/pid_controller.py to pid_controller.cpython-310.pyc
[1.539s] byte-compiling /home/malik/ros2_ws/install/autodrive_f1tenth/lib/python3.10/site-packages/autodrive_f1tenth/autodrive_incoming_bridge.py to autodrive_incoming_bridge.cpython-310.pyc
[1.540s] running install_data
[1.540s] copying resource/autodrive_f1tenth -> /home/malik/ros2_ws/install/autodrive_f1tenth/share/ament_index/resource_index/packages
[1.541s] copying package.xml -> /home/malik/ros2_ws/install/autodrive_f1tenth/share/autodrive_f1tenth
[1.541s] copying launch/simulator_bringup_rviz.launch.py -> /home/malik/ros2_ws/install/autodrive_f1tenth/share/autodrive_f1tenth/launch
[1.541s] copying launch/simulator_bringup_rviz_2.launch.py -> /home/malik/ros2_ws/install/autodrive_f1tenth/share/autodrive_f1tenth/launch
[1.541s] copying launch/thesis.launch.py -> /home/malik/ros2_ws/install/autodrive_f1tenth/share/autodrive_f1tenth/launch
[1.541s] copying launch/simulator_bringup_headless.launch.py -> /home/malik/ros2_ws/install/autodrive_f1tenth/share/autodrive_f1tenth/launch
[1.541s] copying rviz/simulator.rviz -> /home/malik/ros2_ws/install/autodrive_f1tenth/share/autodrive_f1tenth/rviz
[1.541s] copying rviz/simulator_2.rviz -> /home/malik/ros2_ws/install/autodrive_f1tenth/share/autodrive_f1tenth/rviz
[1.541s] running install_egg_info
[1.543s] Copying ../../../build/autodrive_f1tenth/autodrive_f1tenth.egg-info to /home/malik/ros2_ws/install/autodrive_f1tenth/lib/python3.10/site-packages/autodrive_f1tenth-0.1.0-py3.10.egg-info
[1.544s] running install_scripts
[1.563s] Installing autodrive_incoming_bridge script to /home/malik/ros2_ws/install/autodrive_f1tenth/lib/autodrive_f1tenth
[1.563s] Installing autodrive_incoming_bridge_2 script to /home/malik/ros2_ws/install/autodrive_f1tenth/lib/autodrive_f1tenth
[1.563s] Installing autodrive_outgoing_bridge script to /home/malik/ros2_ws/install/autodrive_f1tenth/lib/autodrive_f1tenth
[1.563s] Installing autodrive_outgoing_bridge_2 script to /home/malik/ros2_ws/install/autodrive_f1tenth/lib/autodrive_f1tenth
[1.563s] Installing pure_pursuit script to /home/malik/ros2_ws/install/autodrive_f1tenth/lib/autodrive_f1tenth
[1.564s] Installing teleop_keyboard script to /home/malik/ros2_ws/install/autodrive_f1tenth/lib/autodrive_f1tenth
[1.564s] Installing thesis script to /home/malik/ros2_ws/install/autodrive_f1tenth/lib/autodrive_f1tenth
[1.564s] writing list of installed files to '/home/malik/ros2_ws/build/autodrive_f1tenth/install.log'
[1.599s] Invoked command in '/home/malik/ros2_ws/src/autodrive_ros2/autodrive_f1tenth' returned '0': PS1=\[\e[38;5;81m\]\u@\h \[\e[38;5;226m\]\w \[\e[0m\]$ PYTHONPATH=/home/malik/ros2_ws/build/autodrive_f1tenth/prefix_override:/usr/lib/python3/dist-packages/colcon_core/task/python/colcon_distutils_commands:/home/malik/ros2_ws/install/autodrive_f1tenth/lib/python3.10/site-packages:${PYTHONPATH} /usr/bin/python3 -W ignore:setup.py install is deprecated -W ignore:easy_install command is deprecated setup.py egg_info --egg-base ../../../build/autodrive_f1tenth build --build-base /home/malik/ros2_ws/build/autodrive_f1tenth/build install --record /home/malik/ros2_ws/build/autodrive_f1tenth/install.log --install-scripts $base/lib/autodrive_f1tenth --single-version-externally-managed install_data --force
