[0.564s] Invoking command in '/home/malik/controller-benchmarks/ros2/build/autodrive_f1tenth': PS1=\[\e[38;5;81m\]\u@\h \[\e[38;5;226m\]\w \[\e[0m\]$ PYTHONPATH=/home/malik/controller-benchmarks/ros2/build/autodrive_f1tenth/prefix_override:/usr/lib/python3/dist-packages/colcon_core/task/python/colcon_distutils_commands:/home/malik/controller-benchmarks/ros2/install/autodrive_f1tenth/lib/python3.10/site-packages:${PYTHONPATH} /usr/bin/python3 -W ignore:setup.py install is deprecated -W ignore:easy_install command is deprecated setup.py develop --editable --build-directory /home/malik/controller-benchmarks/ros2/build/autodrive_f1tenth/build --no-deps symlink_data --force
[0.812s] running develop
[0.965s] running egg_info
[0.965s] writing autodrive_f1tenth.egg-info/PKG-INFO
[0.965s] writing dependency_links to autodrive_f1tenth.egg-info/dependency_links.txt
[0.965s] writing entry points to autodrive_f1tenth.egg-info/entry_points.txt
[0.965s] writing requirements to autodrive_f1tenth.egg-info/requires.txt
[0.965s] writing top-level names to autodrive_f1tenth.egg-info/top_level.txt
[0.965s] reading manifest file 'autodrive_f1tenth.egg-info/SOURCES.txt'
[0.967s] writing manifest file 'autodrive_f1tenth.egg-info/SOURCES.txt'
[0.967s] running build_ext
[0.967s] Creating /home/malik/controller-benchmarks/ros2/install/autodrive_f1tenth/lib/python3.10/site-packages/autodrive-f1tenth.egg-link (link to .)
[0.968s] Installing plot_ethz_scaled_reference script to /home/malik/controller-benchmarks/ros2/install/autodrive_f1tenth/lib/autodrive_f1tenth
[0.968s] Installing pure_pursuit_ethz_scaled script to /home/malik/controller-benchmarks/ros2/install/autodrive_f1tenth/lib/autodrive_f1tenth
[0.968s] 
[0.968s] Installed /home/malik/controller-benchmarks/ros2/build/autodrive_f1tenth
[0.969s] running symlink_data
[0.969s] symbolically linking /home/malik/controller-benchmarks/ros2/build/autodrive_f1tenth/resource/autodrive_f1tenth -> /home/malik/controller-benchmarks/ros2/install/autodrive_f1tenth/share/ament_index/resource_index/packages
[0.969s] symbolically linking /home/malik/controller-benchmarks/ros2/build/autodrive_f1tenth/package.xml -> /home/malik/controller-benchmarks/ros2/install/autodrive_f1tenth/share/autodrive_f1tenth
[1.008s] Invoked command in '/home/malik/controller-benchmarks/ros2/build/autodrive_f1tenth' returned '0': PS1=\[\e[38;5;81m\]\u@\h \[\e[38;5;226m\]\w \[\e[0m\]$ PYTHONPATH=/home/malik/controller-benchmarks/ros2/build/autodrive_f1tenth/prefix_override:/usr/lib/python3/dist-packages/colcon_core/task/python/colcon_distutils_commands:/home/malik/controller-benchmarks/ros2/install/autodrive_f1tenth/lib/python3.10/site-packages:${PYTHONPATH} /usr/bin/python3 -W ignore:setup.py install is deprecated -W ignore:easy_install command is deprecated setup.py develop --editable --build-directory /home/malik/controller-benchmarks/ros2/build/autodrive_f1tenth/build --no-deps symlink_data --force
