[60.461s] Invoking command in '/home/malik/controller-benchmarks/ros2/build/autodrive_f1tenth': AMENT_PREFIX_PATH=/home/malik/controller-benchmarks/ros2/install/slam_toolbox:${AMENT_PREFIX_PATH} CMAKE_PREFIX_PATH=/home/malik/controller-benchmarks/ros2/install/slam_toolbox LD_LIBRARY_PATH=/home/malik/controller-benchmarks/ros2/install/slam_toolbox/lib:${LD_LIBRARY_PATH} PYTHONPATH=/home/malik/controller-benchmarks/ros2/build/autodrive_f1tenth/prefix_override:/usr/lib/python3/dist-packages/colcon_core/task/python/colcon_distutils_commands:/home/malik/controller-benchmarks/ros2/install/autodrive_f1tenth/lib/python3.10/site-packages:/home/malik/controller-benchmarks/ros2/install/slam_toolbox/local/lib/python3.10/dist-packages:${PYTHONPATH} /usr/bin/python3 -W ignore:setup.py install is deprecated -W ignore:easy_install command is deprecated setup.py develop --editable --build-directory /home/malik/controller-benchmarks/ros2/build/autodrive_f1tenth/build --no-deps symlink_data
[60.739s] running develop
[60.917s] running egg_info
[60.918s] writing autodrive_f1tenth_bench.egg-info/PKG-INFO
[60.918s] writing dependency_links to autodrive_f1tenth_bench.egg-info/dependency_links.txt
[60.918s] writing entry points to autodrive_f1tenth_bench.egg-info/entry_points.txt
[60.918s] writing requirements to autodrive_f1tenth_bench.egg-info/requires.txt
[60.918s] writing top-level names to autodrive_f1tenth_bench.egg-info/top_level.txt
[60.922s] reading manifest file 'autodrive_f1tenth_bench.egg-info/SOURCES.txt'
[60.923s] writing manifest file 'autodrive_f1tenth_bench.egg-info/SOURCES.txt'
[60.925s] running build_ext
[60.925s] Creating /home/malik/controller-benchmarks/ros2/install/autodrive_f1tenth/lib/python3.10/site-packages/autodrive-f1tenth-bench.egg-link (link to .)
[60.926s] Installing confidence_log script to /home/malik/controller-benchmarks/ros2/install/autodrive_f1tenth/lib/autodrive_f1tenth
[60.926s] Installing dl_slot script to /home/malik/controller-benchmarks/ros2/install/autodrive_f1tenth/lib/autodrive_f1tenth
[60.927s] Installing dl_slot_scan script to /home/malik/controller-benchmarks/ros2/install/autodrive_f1tenth/lib/autodrive_f1tenth
[60.927s] Installing follow_stack script to /home/malik/controller-benchmarks/ros2/install/autodrive_f1tenth/lib/autodrive_f1tenth
[60.927s] Installing plot_pure_pursuit_runs script to /home/malik/controller-benchmarks/ros2/install/autodrive_f1tenth/lib/autodrive_f1tenth
[60.927s] Installing pure_pursuit script to /home/malik/controller-benchmarks/ros2/install/autodrive_f1tenth/lib/autodrive_f1tenth
[60.927s] Installing pure_pursuit_target script to /home/malik/controller-benchmarks/ros2/install/autodrive_f1tenth/lib/autodrive_f1tenth
[60.927s] Installing safety script to /home/malik/controller-benchmarks/ros2/install/autodrive_f1tenth/lib/autodrive_f1tenth
[60.927s] Installing slam script to /home/malik/controller-benchmarks/ros2/install/autodrive_f1tenth/lib/autodrive_f1tenth
[60.927s] Installing slam_map_exporter script to /home/malik/controller-benchmarks/ros2/install/autodrive_f1tenth/lib/autodrive_f1tenth
[60.928s] Installing slam_toolbox_bridge script to /home/malik/controller-benchmarks/ros2/install/autodrive_f1tenth/lib/autodrive_f1tenth
[60.928s] Installing target_vehicle_tracker script to /home/malik/controller-benchmarks/ros2/install/autodrive_f1tenth/lib/autodrive_f1tenth
[60.928s] 
[60.928s] Installed /home/malik/controller-benchmarks/ros2/build/autodrive_f1tenth
[60.928s] running symlink_data
[60.977s] Invoked command in '/home/malik/controller-benchmarks/ros2/build/autodrive_f1tenth' returned '0': AMENT_PREFIX_PATH=/home/malik/controller-benchmarks/ros2/install/slam_toolbox:${AMENT_PREFIX_PATH} CMAKE_PREFIX_PATH=/home/malik/controller-benchmarks/ros2/install/slam_toolbox LD_LIBRARY_PATH=/home/malik/controller-benchmarks/ros2/install/slam_toolbox/lib:${LD_LIBRARY_PATH} PYTHONPATH=/home/malik/controller-benchmarks/ros2/build/autodrive_f1tenth/prefix_override:/usr/lib/python3/dist-packages/colcon_core/task/python/colcon_distutils_commands:/home/malik/controller-benchmarks/ros2/install/autodrive_f1tenth/lib/python3.10/site-packages:/home/malik/controller-benchmarks/ros2/install/slam_toolbox/local/lib/python3.10/dist-packages:${PYTHONPATH} /usr/bin/python3 -W ignore:setup.py install is deprecated -W ignore:easy_install command is deprecated setup.py develop --editable --build-directory /home/malik/controller-benchmarks/ros2/build/autodrive_f1tenth/build --no-deps symlink_data
