[0.090s] DEBUG:colcon:Command line arguments: ['/usr/bin/colcon', 'build', '--symlink-install']
[0.090s] DEBUG:colcon:Parsed command line arguments: Namespace(log_base=None, log_level=None, verb_name='build', build_base='build', install_base='install', merge_install=False, symlink_install=True, test_result_base=None, continue_on_error=False, executor='parallel', parallel_workers=8, event_handlers=None, ignore_user_meta=False, metas=['./colcon.meta'], base_paths=['.'], packages_ignore=None, packages_ignore_regex=None, paths=None, packages_up_to=None, packages_up_to_regex=None, packages_above=None, packages_above_and_dependencies=None, packages_above_depth=None, packages_select_by_dep=None, packages_skip_by_dep=None, packages_skip_up_to=None, packages_select_build_failed=False, packages_skip_build_finished=False, packages_select_test_failures=False, packages_skip_test_passed=False, packages_select=None, packages_skip=None, packages_select_regex=None, packages_skip_regex=None, packages_start=None, packages_end=None, allow_overriding=[], cmake_args=None, cmake_target=None, cmake_target_skip_unavailable=False, cmake_clean_cache=False, cmake_clean_first=False, cmake_force_configure=False, ament_cmake_args=None, catkin_cmake_args=None, catkin_skip_building_tests=False, mixin_files=None, mixin=None, verb_parser=<colcon_mixin.mixin.mixin_argument.MixinArgumentDecorator object at 0x7d9a7636be50>, verb_extension=<colcon_core.verb.build.BuildVerb object at 0x7d9a7636b9a0>, main=<bound method BuildVerb.main of <colcon_core.verb.build.BuildVerb object at 0x7d9a7636b9a0>>, mixin_verb=('build',))
[0.243s] Level 1:colcon.colcon_core.package_discovery:discover_packages(colcon_meta) check parameters
[0.243s] Level 1:colcon.colcon_core.package_discovery:discover_packages(recursive) check parameters
[0.243s] Level 1:colcon.colcon_core.package_discovery:discover_packages(ignore) check parameters
[0.243s] Level 1:colcon.colcon_core.package_discovery:discover_packages(path) check parameters
[0.243s] Level 1:colcon.colcon_core.package_discovery:discover_packages(colcon_meta) discover
[0.243s] Level 1:colcon.colcon_core.package_discovery:discover_packages(recursive) discover
[0.243s] INFO:colcon.colcon_core.package_discovery:Crawling recursively for packages in '/home/malik/ros2_ws'
[0.243s] Level 1:colcon.colcon_core.package_identification:_identify(.) by extensions ['ignore', 'ignore_ament_install']
[0.244s] Level 1:colcon.colcon_core.package_identification:_identify(.) by extension 'ignore'
[0.244s] Level 1:colcon.colcon_core.package_identification:_identify(.) by extension 'ignore_ament_install'
[0.244s] Level 1:colcon.colcon_core.package_identification:_identify(.) by extensions ['colcon_pkg']
[0.244s] Level 1:colcon.colcon_core.package_identification:_identify(.) by extension 'colcon_pkg'
[0.244s] Level 1:colcon.colcon_core.package_identification:_identify(.) by extensions ['colcon_meta']
[0.244s] Level 1:colcon.colcon_core.package_identification:_identify(.) by extension 'colcon_meta'
[0.244s] Level 1:colcon.colcon_core.package_identification:_identify(.) by extensions ['ros']
[0.244s] Level 1:colcon.colcon_core.package_identification:_identify(.) by extension 'ros'
[0.252s] Level 1:colcon.colcon_core.package_identification:_identify(.) by extensions ['cmake', 'python']
[0.252s] Level 1:colcon.colcon_core.package_identification:_identify(.) by extension 'cmake'
[0.252s] Level 1:colcon.colcon_core.package_identification:_identify(.) by extension 'python'
[0.252s] Level 1:colcon.colcon_core.package_identification:_identify(.) by extensions ['python_setup_py']
[0.252s] Level 1:colcon.colcon_core.package_identification:_identify(.) by extension 'python_setup_py'
[0.252s] Level 1:colcon.colcon_core.package_identification:_identify(build) by extensions ['ignore', 'ignore_ament_install']
[0.252s] Level 1:colcon.colcon_core.package_identification:_identify(build) by extension 'ignore'
[0.252s] Level 1:colcon.colcon_core.package_identification:_identify(build) ignored
[0.253s] Level 1:colcon.colcon_core.package_identification:_identify(install) by extensions ['ignore', 'ignore_ament_install']
[0.253s] Level 1:colcon.colcon_core.package_identification:_identify(install) by extension 'ignore'
[0.253s] Level 1:colcon.colcon_core.package_identification:_identify(install) ignored
[0.253s] Level 1:colcon.colcon_core.package_identification:_identify(log) by extensions ['ignore', 'ignore_ament_install']
[0.253s] Level 1:colcon.colcon_core.package_identification:_identify(log) by extension 'ignore'
[0.253s] Level 1:colcon.colcon_core.package_identification:_identify(log) ignored
[0.253s] Level 1:colcon.colcon_core.package_identification:_identify(slam_toolbox) by extensions ['ignore', 'ignore_ament_install']
[0.253s] Level 1:colcon.colcon_core.package_identification:_identify(slam_toolbox) by extension 'ignore'
[0.253s] Level 1:colcon.colcon_core.package_identification:_identify(slam_toolbox) by extension 'ignore_ament_install'
[0.253s] Level 1:colcon.colcon_core.package_identification:_identify(slam_toolbox) by extensions ['colcon_pkg']
[0.253s] Level 1:colcon.colcon_core.package_identification:_identify(slam_toolbox) by extension 'colcon_pkg'
[0.253s] Level 1:colcon.colcon_core.package_identification:_identify(slam_toolbox) by extensions ['colcon_meta']
[0.253s] Level 1:colcon.colcon_core.package_identification:_identify(slam_toolbox) by extension 'colcon_meta'
[0.253s] Level 1:colcon.colcon_core.package_identification:_identify(slam_toolbox) by extensions ['ros']
[0.253s] Level 1:colcon.colcon_core.package_identification:_identify(slam_toolbox) by extension 'ros'
[0.257s] DEBUG:colcon.colcon_core.package_identification:Package 'slam_toolbox' with type 'ros.ament_cmake' and name 'slam_toolbox'
[0.257s] Level 1:colcon.colcon_core.package_identification:_identify(src) by extensions ['ignore', 'ignore_ament_install']
[0.257s] Level 1:colcon.colcon_core.package_identification:_identify(src) by extension 'ignore'
[0.257s] Level 1:colcon.colcon_core.package_identification:_identify(src) by extension 'ignore_ament_install'
[0.257s] Level 1:colcon.colcon_core.package_identification:_identify(src) by extensions ['colcon_pkg']
[0.257s] Level 1:colcon.colcon_core.package_identification:_identify(src) by extension 'colcon_pkg'
[0.257s] Level 1:colcon.colcon_core.package_identification:_identify(src) by extensions ['colcon_meta']
[0.257s] Level 1:colcon.colcon_core.package_identification:_identify(src) by extension 'colcon_meta'
[0.258s] Level 1:colcon.colcon_core.package_identification:_identify(src) by extensions ['ros']
[0.258s] Level 1:colcon.colcon_core.package_identification:_identify(src) by extension 'ros'
[0.258s] Level 1:colcon.colcon_core.package_identification:_identify(src) by extensions ['cmake', 'python']
[0.258s] Level 1:colcon.colcon_core.package_identification:_identify(src) by extension 'cmake'
[0.258s] Level 1:colcon.colcon_core.package_identification:_identify(src) by extension 'python'
[0.258s] Level 1:colcon.colcon_core.package_identification:_identify(src) by extensions ['python_setup_py']
[0.258s] Level 1:colcon.colcon_core.package_identification:_identify(src) by extension 'python_setup_py'
[0.258s] Level 1:colcon.colcon_core.package_identification:_identify(src/autodrive_ros2) by extensions ['ignore', 'ignore_ament_install']
[0.258s] Level 1:colcon.colcon_core.package_identification:_identify(src/autodrive_ros2) by extension 'ignore'
[0.258s] Level 1:colcon.colcon_core.package_identification:_identify(src/autodrive_ros2) by extension 'ignore_ament_install'
[0.258s] Level 1:colcon.colcon_core.package_identification:_identify(src/autodrive_ros2) by extensions ['colcon_pkg']
[0.258s] Level 1:colcon.colcon_core.package_identification:_identify(src/autodrive_ros2) by extension 'colcon_pkg'
[0.258s] Level 1:colcon.colcon_core.package_identification:_identify(src/autodrive_ros2) by extensions ['colcon_meta']
[0.258s] Level 1:colcon.colcon_core.package_identification:_identify(src/autodrive_ros2) by extension 'colcon_meta'
[0.258s] Level 1:colcon.colcon_core.package_identification:_identify(src/autodrive_ros2) by extensions ['ros']
[0.258s] Level 1:colcon.colcon_core.package_identification:_identify(src/autodrive_ros2) by extension 'ros'
[0.258s] Level 1:colcon.colcon_core.package_identification:_identify(src/autodrive_ros2) by extensions ['cmake', 'python']
[0.258s] Level 1:colcon.colcon_core.package_identification:_identify(src/autodrive_ros2) by extension 'cmake'
[0.258s] Level 1:colcon.colcon_core.package_identification:_identify(src/autodrive_ros2) by extension 'python'
[0.258s] Level 1:colcon.colcon_core.package_identification:_identify(src/autodrive_ros2) by extensions ['python_setup_py']
[0.258s] Level 1:colcon.colcon_core.package_identification:_identify(src/autodrive_ros2) by extension 'python_setup_py'
[0.258s] Level 1:colcon.colcon_core.package_identification:_identify(src/autodrive_ros2/autodrive_f1tenth) by extensions ['ignore', 'ignore_ament_install']
[0.258s] Level 1:colcon.colcon_core.package_identification:_identify(src/autodrive_ros2/autodrive_f1tenth) by extension 'ignore'
[0.258s] Level 1:colcon.colcon_core.package_identification:_identify(src/autodrive_ros2/autodrive_f1tenth) by extension 'ignore_ament_install'
[0.258s] Level 1:colcon.colcon_core.package_identification:_identify(src/autodrive_ros2/autodrive_f1tenth) by extensions ['colcon_pkg']
[0.259s] Level 1:colcon.colcon_core.package_identification:_identify(src/autodrive_ros2/autodrive_f1tenth) by extension 'colcon_pkg'
[0.259s] Level 1:colcon.colcon_core.package_identification:_identify(src/autodrive_ros2/autodrive_f1tenth) by extensions ['colcon_meta']
[0.259s] Level 1:colcon.colcon_core.package_identification:_identify(src/autodrive_ros2/autodrive_f1tenth) by extension 'colcon_meta'
[0.259s] Level 1:colcon.colcon_core.package_identification:_identify(src/autodrive_ros2/autodrive_f1tenth) by extensions ['ros']
[0.259s] Level 1:colcon.colcon_core.package_identification:_identify(src/autodrive_ros2/autodrive_f1tenth) by extension 'ros'
[0.267s] DEBUG:colcon.colcon_core.package_identification:Package 'src/autodrive_ros2/autodrive_f1tenth' with type 'ros.ament_python' and name 'autodrive_f1tenth'
[0.267s] Level 1:colcon.colcon_core.package_identification:_identify(src/autodrive_ros2/autodrive_nigel) by extensions ['ignore', 'ignore_ament_install']
[0.267s] Level 1:colcon.colcon_core.package_identification:_identify(src/autodrive_ros2/autodrive_nigel) by extension 'ignore'
[0.267s] Level 1:colcon.colcon_core.package_identification:_identify(src/autodrive_ros2/autodrive_nigel) by extension 'ignore_ament_install'
[0.267s] Level 1:colcon.colcon_core.package_identification:_identify(src/autodrive_ros2/autodrive_nigel) by extensions ['colcon_pkg']
[0.267s] Level 1:colcon.colcon_core.package_identification:_identify(src/autodrive_ros2/autodrive_nigel) by extension 'colcon_pkg'
[0.268s] Level 1:colcon.colcon_core.package_identification:_identify(src/autodrive_ros2/autodrive_nigel) by extensions ['colcon_meta']
[0.268s] Level 1:colcon.colcon_core.package_identification:_identify(src/autodrive_ros2/autodrive_nigel) by extension 'colcon_meta'
[0.268s] Level 1:colcon.colcon_core.package_identification:_identify(src/autodrive_ros2/autodrive_nigel) by extensions ['ros']
[0.268s] Level 1:colcon.colcon_core.package_identification:_identify(src/autodrive_ros2/autodrive_nigel) by extension 'ros'
[0.268s] DEBUG:colcon.colcon_core.package_identification:Package 'src/autodrive_ros2/autodrive_nigel' with type 'ros.ament_python' and name 'autodrive_nigel'
[0.268s] Level 1:colcon.colcon_core.package_discovery:discover_packages(recursive) using defaults
[0.268s] Level 1:colcon.colcon_core.package_discovery:discover_packages(ignore) discover
[0.268s] Level 1:colcon.colcon_core.package_discovery:discover_packages(ignore) using defaults
[0.268s] Level 1:colcon.colcon_core.package_discovery:discover_packages(path) discover
[0.268s] Level 1:colcon.colcon_core.package_discovery:discover_packages(path) using defaults
[0.284s] Level 1:colcon.colcon_core.package_discovery:discover_packages(prefix_path) check parameters
[0.284s] Level 1:colcon.colcon_core.package_discovery:discover_packages(prefix_path) discover
[0.286s] DEBUG:colcon.colcon_installed_package_information.package_discovery:Found 3 installed packages in /home/malik/ros2_ws/install
[0.287s] DEBUG:colcon.colcon_installed_package_information.package_discovery:Found 305 installed packages in /opt/ros/humble
[0.288s] Level 1:colcon.colcon_core.package_discovery:discover_packages(prefix_path) using defaults
[0.319s] Level 5:colcon.colcon_core.verb:set package 'autodrive_nigel' build argument 'cmake_args' from command line to 'None'
[0.319s] Level 5:colcon.colcon_core.verb:set package 'autodrive_nigel' build argument 'cmake_target' from command line to 'None'
[0.319s] Level 5:colcon.colcon_core.verb:set package 'autodrive_nigel' build argument 'cmake_target_skip_unavailable' from command line to 'False'
[0.319s] Level 5:colcon.colcon_core.verb:set package 'autodrive_nigel' build argument 'cmake_clean_cache' from command line to 'False'
[0.320s] Level 5:colcon.colcon_core.verb:set package 'autodrive_nigel' build argument 'cmake_clean_first' from command line to 'False'
[0.320s] Level 5:colcon.colcon_core.verb:set package 'autodrive_nigel' build argument 'cmake_force_configure' from command line to 'False'
[0.320s] Level 5:colcon.colcon_core.verb:set package 'autodrive_nigel' build argument 'ament_cmake_args' from command line to 'None'
[0.320s] Level 5:colcon.colcon_core.verb:set package 'autodrive_nigel' build argument 'catkin_cmake_args' from command line to 'None'
[0.320s] Level 5:colcon.colcon_core.verb:set package 'autodrive_nigel' build argument 'catkin_skip_building_tests' from command line to 'False'
[0.320s] DEBUG:colcon.colcon_core.verb:Building package 'autodrive_nigel' with the following arguments: {'ament_cmake_args': None, 'build_base': '/home/malik/ros2_ws/build/autodrive_nigel', 'catkin_cmake_args': None, 'catkin_skip_building_tests': False, 'cmake_args': None, 'cmake_clean_cache': False, 'cmake_clean_first': False, 'cmake_force_configure': False, 'cmake_target': None, 'cmake_target_skip_unavailable': False, 'install_base': '/home/malik/ros2_ws/install/autodrive_nigel', 'merge_install': False, 'path': '/home/malik/ros2_ws/src/autodrive_ros2/autodrive_nigel', 'symlink_install': True, 'test_result_base': None}
[0.320s] Level 5:colcon.colcon_core.verb:set package 'slam_toolbox' build argument 'cmake_args' from command line to 'None'
[0.320s] Level 5:colcon.colcon_core.verb:set package 'slam_toolbox' build argument 'cmake_target' from command line to 'None'
[0.320s] Level 5:colcon.colcon_core.verb:set package 'slam_toolbox' build argument 'cmake_target_skip_unavailable' from command line to 'False'
[0.320s] Level 5:colcon.colcon_core.verb:set package 'slam_toolbox' build argument 'cmake_clean_cache' from command line to 'False'
[0.320s] Level 5:colcon.colcon_core.verb:set package 'slam_toolbox' build argument 'cmake_clean_first' from command line to 'False'
[0.320s] Level 5:colcon.colcon_core.verb:set package 'slam_toolbox' build argument 'cmake_force_configure' from command line to 'False'
[0.320s] Level 5:colcon.colcon_core.verb:set package 'slam_toolbox' build argument 'ament_cmake_args' from command line to 'None'
[0.320s] Level 5:colcon.colcon_core.verb:set package 'slam_toolbox' build argument 'catkin_cmake_args' from command line to 'None'
[0.320s] Level 5:colcon.colcon_core.verb:set package 'slam_toolbox' build argument 'catkin_skip_building_tests' from command line to 'False'
[0.320s] DEBUG:colcon.colcon_core.verb:Building package 'slam_toolbox' with the following arguments: {'ament_cmake_args': None, 'build_base': '/home/malik/ros2_ws/build/slam_toolbox', 'catkin_cmake_args': None, 'catkin_skip_building_tests': False, 'cmake_args': None, 'cmake_clean_cache': False, 'cmake_clean_first': False, 'cmake_force_configure': False, 'cmake_target': None, 'cmake_target_skip_unavailable': False, 'install_base': '/home/malik/ros2_ws/install/slam_toolbox', 'merge_install': False, 'path': '/home/malik/ros2_ws/slam_toolbox', 'symlink_install': True, 'test_result_base': None}
[0.320s] Level 5:colcon.colcon_core.verb:set package 'autodrive_f1tenth' build argument 'cmake_args' from command line to 'None'
[0.320s] Level 5:colcon.colcon_core.verb:set package 'autodrive_f1tenth' build argument 'cmake_target' from command line to 'None'
[0.320s] Level 5:colcon.colcon_core.verb:set package 'autodrive_f1tenth' build argument 'cmake_target_skip_unavailable' from command line to 'False'
[0.320s] Level 5:colcon.colcon_core.verb:set package 'autodrive_f1tenth' build argument 'cmake_clean_cache' from command line to 'False'
[0.320s] Level 5:colcon.colcon_core.verb:set package 'autodrive_f1tenth' build argument 'cmake_clean_first' from command line to 'False'
[0.320s] Level 5:colcon.colcon_core.verb:set package 'autodrive_f1tenth' build argument 'cmake_force_configure' from command line to 'False'
[0.320s] Level 5:colcon.colcon_core.verb:set package 'autodrive_f1tenth' build argument 'ament_cmake_args' from command line to 'None'
[0.320s] Level 5:colcon.colcon_core.verb:set package 'autodrive_f1tenth' build argument 'catkin_cmake_args' from command line to 'None'
[0.320s] Level 5:colcon.colcon_core.verb:set package 'autodrive_f1tenth' build argument 'catkin_skip_building_tests' from command line to 'False'
[0.321s] DEBUG:colcon.colcon_core.verb:Building package 'autodrive_f1tenth' with the following arguments: {'ament_cmake_args': None, 'build_base': '/home/malik/ros2_ws/build/autodrive_f1tenth', 'catkin_cmake_args': None, 'catkin_skip_building_tests': False, 'cmake_args': None, 'cmake_clean_cache': False, 'cmake_clean_first': False, 'cmake_force_configure': False, 'cmake_target': None, 'cmake_target_skip_unavailable': False, 'install_base': '/home/malik/ros2_ws/install/autodrive_f1tenth', 'merge_install': False, 'path': '/home/malik/ros2_ws/src/autodrive_ros2/autodrive_f1tenth', 'symlink_install': True, 'test_result_base': None}
[0.321s] INFO:colcon.colcon_core.executor:Executing jobs using 'parallel' executor
[0.322s] DEBUG:colcon.colcon_parallel_executor.executor.parallel:run_until_complete
[0.322s] INFO:colcon.colcon_ros.task.ament_cmake.build:Building ROS package in '/home/malik/ros2_ws/slam_toolbox' with build type 'ament_cmake'
[0.322s] INFO:colcon.colcon_cmake.task.cmake.build:Building CMake package in '/home/malik/ros2_ws/slam_toolbox'
[0.332s] INFO:colcon.colcon_core.plugin_system:Skipping extension 'colcon_core.shell.bat': Not used on non-Windows systems
[0.332s] INFO:colcon.colcon_core.shell:Skip shell extension 'powershell' for command environment: Not usable outside of PowerShell
[0.332s] DEBUG:colcon.colcon_core.shell:Skip shell extension 'dsv' for command environment
[0.335s] INFO:colcon.colcon_ros.task.ament_python.build:Building ROS package in '/home/malik/ros2_ws/src/autodrive_ros2/autodrive_nigel' with build type 'ament_python'
[0.335s] Level 1:colcon.colcon_core.shell:create_environment_hook('autodrive_nigel', 'ament_prefix_path')
[0.335s] INFO:colcon.colcon_core.shell:Creating environment hook '/home/malik/ros2_ws/install/autodrive_nigel/share/autodrive_nigel/hook/ament_prefix_path.ps1'
[0.336s] INFO:colcon.colcon_core.shell:Creating environment descriptor '/home/malik/ros2_ws/install/autodrive_nigel/share/autodrive_nigel/hook/ament_prefix_path.dsv'
[0.336s] INFO:colcon.colcon_core.shell:Creating environment hook '/home/malik/ros2_ws/install/autodrive_nigel/share/autodrive_nigel/hook/ament_prefix_path.sh'
[0.337s] INFO:colcon.colcon_core.shell:Skip shell extension 'powershell' for command environment: Not usable outside of PowerShell
[0.337s] DEBUG:colcon.colcon_core.shell:Skip shell extension 'dsv' for command environment
[0.343s] DEBUG:colcon.colcon_core.event_handler.log_command:Invoking command in '/home/malik/ros2_ws/build/slam_toolbox': CMAKE_PREFIX_PATH=/home/malik/ros2_ws/install/autodrive_nigel:/home/malik/ros2_ws/install/autodrive_f1tenth:/opt/ros/humble /usr/bin/cmake --build /home/malik/ros2_ws/build/slam_toolbox -- -j8 -l8
[0.587s] INFO:colcon.colcon_core.task.python.build:Building Python package in '/home/malik/ros2_ws/src/autodrive_ros2/autodrive_nigel'
[0.587s] INFO:colcon.colcon_core.shell:Skip shell extension 'powershell' for command environment: Not usable outside of PowerShell
[0.587s] DEBUG:colcon.colcon_core.shell:Skip shell extension 'dsv' for command environment
[0.673s] DEBUG:colcon.colcon_core.event_handler.log_command:Invoked command in '/home/malik/ros2_ws/build/slam_toolbox' returned '0': CMAKE_PREFIX_PATH=/home/malik/ros2_ws/install/autodrive_nigel:/home/malik/ros2_ws/install/autodrive_f1tenth:/opt/ros/humble /usr/bin/cmake --build /home/malik/ros2_ws/build/slam_toolbox -- -j8 -l8
[0.680s] DEBUG:colcon.colcon_core.event_handler.log_command:Invoking command in '/home/malik/ros2_ws/build/slam_toolbox': CMAKE_PREFIX_PATH=/home/malik/ros2_ws/install/autodrive_nigel:/home/malik/ros2_ws/install/autodrive_f1tenth:/opt/ros/humble /usr/bin/cmake --install /home/malik/ros2_ws/build/slam_toolbox
[0.763s] Level 1:colcon.colcon_core.environment:create_environment_scripts_only(slam_toolbox)
[0.763s] DEBUG:colcon.colcon_core.event_handler.log_command:Invoked command in '/home/malik/ros2_ws/build/slam_toolbox' returned '0': CMAKE_PREFIX_PATH=/home/malik/ros2_ws/install/autodrive_nigel:/home/malik/ros2_ws/install/autodrive_f1tenth:/opt/ros/humble /usr/bin/cmake --install /home/malik/ros2_ws/build/slam_toolbox
[0.766s] Level 1:colcon.colcon_core.environment:checking '/home/malik/ros2_ws/install/slam_toolbox' for CMake module files
[0.767s] Level 1:colcon.colcon_core.environment:checking '/home/malik/ros2_ws/install/slam_toolbox' for CMake config files
[0.769s] Level 1:colcon.colcon_core.shell:create_environment_hook('slam_toolbox', 'cmake_prefix_path')
[0.770s] INFO:colcon.colcon_core.shell:Creating environment hook '/home/malik/ros2_ws/install/slam_toolbox/share/slam_toolbox/hook/cmake_prefix_path.ps1'
[0.770s] INFO:colcon.colcon_core.shell:Creating environment descriptor '/home/malik/ros2_ws/install/slam_toolbox/share/slam_toolbox/hook/cmake_prefix_path.dsv'
[0.770s] INFO:colcon.colcon_core.shell:Creating environment hook '/home/malik/ros2_ws/install/slam_toolbox/share/slam_toolbox/hook/cmake_prefix_path.sh'
[0.771s] Level 1:colcon.colcon_core.environment:checking '/home/malik/ros2_ws/install/slam_toolbox/lib'
[0.771s] Level 1:colcon.colcon_core.shell:create_environment_hook('slam_toolbox', 'ld_library_path_lib')
[0.771s] INFO:colcon.colcon_core.shell:Creating environment hook '/home/malik/ros2_ws/install/slam_toolbox/share/slam_toolbox/hook/ld_library_path_lib.ps1'
[0.771s] INFO:colcon.colcon_core.shell:Creating environment descriptor '/home/malik/ros2_ws/install/slam_toolbox/share/slam_toolbox/hook/ld_library_path_lib.dsv'
[0.771s] INFO:colcon.colcon_core.shell:Creating environment hook '/home/malik/ros2_ws/install/slam_toolbox/share/slam_toolbox/hook/ld_library_path_lib.sh'
[0.772s] Level 1:colcon.colcon_core.environment:checking '/home/malik/ros2_ws/install/slam_toolbox/bin'
[0.772s] Level 1:colcon.colcon_core.environment:checking '/home/malik/ros2_ws/install/slam_toolbox/lib/pkgconfig/slam_toolbox.pc'
[0.772s] Level 1:colcon.colcon_core.environment:checking '/home/malik/ros2_ws/install/slam_toolbox/lib/python3.10/site-packages'
[0.772s] Level 1:colcon.colcon_core.environment:checking '/home/malik/ros2_ws/install/slam_toolbox/bin'
[0.772s] INFO:colcon.colcon_core.shell:Creating package script '/home/malik/ros2_ws/install/slam_toolbox/share/slam_toolbox/package.ps1'
[0.773s] INFO:colcon.colcon_core.shell:Creating package descriptor '/home/malik/ros2_ws/install/slam_toolbox/share/slam_toolbox/package.dsv'
[0.773s] INFO:colcon.colcon_core.shell:Creating package script '/home/malik/ros2_ws/install/slam_toolbox/share/slam_toolbox/package.sh'
[0.774s] INFO:colcon.colcon_core.shell:Creating package script '/home/malik/ros2_ws/install/slam_toolbox/share/slam_toolbox/package.bash'
[0.775s] INFO:colcon.colcon_core.shell:Creating package script '/home/malik/ros2_ws/install/slam_toolbox/share/slam_toolbox/package.zsh'
[0.775s] Level 1:colcon.colcon_core.environment:create_file_with_runtime_dependencies(/home/malik/ros2_ws/install/slam_toolbox/share/colcon-core/packages/slam_toolbox)
[0.776s] Level 1:colcon.colcon_core.environment:create_environment_scripts_only(slam_toolbox)
[0.776s] Level 1:colcon.colcon_core.environment:checking '/home/malik/ros2_ws/install/slam_toolbox' for CMake module files
[0.777s] Level 1:colcon.colcon_core.environment:checking '/home/malik/ros2_ws/install/slam_toolbox' for CMake config files
[0.779s] Level 1:colcon.colcon_core.shell:create_environment_hook('slam_toolbox', 'cmake_prefix_path')
[0.779s] INFO:colcon.colcon_core.shell:Creating environment hook '/home/malik/ros2_ws/install/slam_toolbox/share/slam_toolbox/hook/cmake_prefix_path.ps1'
[0.779s] INFO:colcon.colcon_core.shell:Creating environment descriptor '/home/malik/ros2_ws/install/slam_toolbox/share/slam_toolbox/hook/cmake_prefix_path.dsv'
[0.779s] INFO:colcon.colcon_core.shell:Creating environment hook '/home/malik/ros2_ws/install/slam_toolbox/share/slam_toolbox/hook/cmake_prefix_path.sh'
[0.780s] Level 1:colcon.colcon_core.environment:checking '/home/malik/ros2_ws/install/slam_toolbox/lib'
[0.780s] Level 1:colcon.colcon_core.shell:create_environment_hook('slam_toolbox', 'ld_library_path_lib')
[0.780s] INFO:colcon.colcon_core.shell:Creating environment hook '/home/malik/ros2_ws/install/slam_toolbox/share/slam_toolbox/hook/ld_library_path_lib.ps1'
[0.780s] INFO:colcon.colcon_core.shell:Creating environment descriptor '/home/malik/ros2_ws/install/slam_toolbox/share/slam_toolbox/hook/ld_library_path_lib.dsv'
[0.781s] INFO:colcon.colcon_core.shell:Creating environment hook '/home/malik/ros2_ws/install/slam_toolbox/share/slam_toolbox/hook/ld_library_path_lib.sh'
[0.781s] Level 1:colcon.colcon_core.environment:checking '/home/malik/ros2_ws/install/slam_toolbox/bin'
[0.781s] Level 1:colcon.colcon_core.environment:checking '/home/malik/ros2_ws/install/slam_toolbox/lib/pkgconfig/slam_toolbox.pc'
[0.781s] Level 1:colcon.colcon_core.environment:checking '/home/malik/ros2_ws/install/slam_toolbox/lib/python3.10/site-packages'
[0.781s] Level 1:colcon.colcon_core.environment:checking '/home/malik/ros2_ws/install/slam_toolbox/bin'
[0.781s] INFO:colcon.colcon_core.shell:Creating package script '/home/malik/ros2_ws/install/slam_toolbox/share/slam_toolbox/package.ps1'
[0.782s] INFO:colcon.colcon_core.shell:Creating package descriptor '/home/malik/ros2_ws/install/slam_toolbox/share/slam_toolbox/package.dsv'
[0.782s] INFO:colcon.colcon_core.shell:Creating package script '/home/malik/ros2_ws/install/slam_toolbox/share/slam_toolbox/package.sh'
[0.782s] INFO:colcon.colcon_core.shell:Creating package script '/home/malik/ros2_ws/install/slam_toolbox/share/slam_toolbox/package.bash'
[0.783s] INFO:colcon.colcon_core.shell:Creating package script '/home/malik/ros2_ws/install/slam_toolbox/share/slam_toolbox/package.zsh'
[0.783s] Level 1:colcon.colcon_core.environment:create_file_with_runtime_dependencies(/home/malik/ros2_ws/install/slam_toolbox/share/colcon-core/packages/slam_toolbox)
[0.783s] INFO:colcon.colcon_ros.task.ament_python.build:Building ROS package in '/home/malik/ros2_ws/src/autodrive_ros2/autodrive_f1tenth' with build type 'ament_python'
[0.783s] Level 1:colcon.colcon_core.shell:create_environment_hook('autodrive_f1tenth', 'ament_prefix_path')
[0.784s] INFO:colcon.colcon_core.shell:Creating environment hook '/home/malik/ros2_ws/install/autodrive_f1tenth/share/autodrive_f1tenth/hook/ament_prefix_path.ps1'
[0.784s] INFO:colcon.colcon_core.shell:Creating environment descriptor '/home/malik/ros2_ws/install/autodrive_f1tenth/share/autodrive_f1tenth/hook/ament_prefix_path.dsv'
[0.784s] INFO:colcon.colcon_core.shell:Creating environment hook '/home/malik/ros2_ws/install/autodrive_f1tenth/share/autodrive_f1tenth/hook/ament_prefix_path.sh'
[0.785s] INFO:colcon.colcon_core.shell:Skip shell extension 'powershell' for command environment: Not usable outside of PowerShell
[0.785s] DEBUG:colcon.colcon_core.shell:Skip shell extension 'dsv' for command environment
[1.007s] INFO:colcon.colcon_core.task.python.build:Building Python package in '/home/malik/ros2_ws/src/autodrive_ros2/autodrive_f1tenth'
[1.007s] INFO:colcon.colcon_core.shell:Skip shell extension 'powershell' for command environment: Not usable outside of PowerShell
[1.007s] DEBUG:colcon.colcon_core.shell:Skip shell extension 'dsv' for command environment
[1.010s] DEBUG:colcon.colcon_core.task.python.build:While undoing a previous installation files outside the Python library path are being ignored: /home/malik/ros2_ws/install/autodrive_nigel/share/ament_index/resource_index/packages/autodrive_nigel
[1.010s] DEBUG:colcon.colcon_core.task.python.build:While undoing a previous installation files outside the Python library path are being ignored: /home/malik/ros2_ws/install/autodrive_nigel/share/autodrive_nigel/package.xml
[1.011s] DEBUG:colcon.colcon_core.task.python.build:While undoing a previous installation files outside the Python library path are being ignored: /home/malik/ros2_ws/install/autodrive_nigel/share/autodrive_nigel/launch/simulator/simulator_bringup_rviz.launch.py
[1.011s] DEBUG:colcon.colcon_core.task.python.build:While undoing a previous installation files outside the Python library path are being ignored: /home/malik/ros2_ws/install/autodrive_nigel/share/autodrive_nigel/launch/simulator/simulator_bringup_headless.launch.py
[1.011s] DEBUG:colcon.colcon_core.task.python.build:While undoing a previous installation files outside the Python library path are being ignored: /home/malik/ros2_ws/install/autodrive_nigel/share/autodrive_nigel/launch/testbed
[1.011s] DEBUG:colcon.colcon_core.task.python.build:While undoing a previous installation files outside the Python library path are being ignored: /home/malik/ros2_ws/install/autodrive_nigel/share/autodrive_nigel/rviz/simulator/simulator.rviz
[1.011s] DEBUG:colcon.colcon_core.task.python.build:While undoing a previous installation files outside the Python library path are being ignored: /home/malik/ros2_ws/install/autodrive_nigel/share/autodrive_nigel/rviz/testbed
[1.011s] DEBUG:colcon.colcon_core.task.python.build:While undoing a previous installation files outside the Python library path are being ignored: /home/malik/ros2_ws/install/autodrive_nigel/lib/autodrive_nigel/autodrive_incoming_bridge
[1.011s] DEBUG:colcon.colcon_core.task.python.build:While undoing a previous installation files outside the Python library path are being ignored: /home/malik/ros2_ws/install/autodrive_nigel/lib/autodrive_nigel/autodrive_outgoing_bridge
[1.011s] DEBUG:colcon.colcon_core.task.python.build:While undoing a previous installation files outside the Python library path are being ignored: /home/malik/ros2_ws/install/autodrive_nigel/lib/autodrive_nigel/teleop_keyboard
[1.015s] DEBUG:colcon.colcon_core.event_handler.log_command:Invoking command in '/home/malik/ros2_ws/build/autodrive_nigel': PYTHONPATH=/home/malik/ros2_ws/build/autodrive_nigel/prefix_override:/usr/lib/python3/dist-packages/colcon_core/task/python/colcon_distutils_commands:/home/malik/ros2_ws/install/autodrive_nigel/lib/python3.10/site-packages:${PYTHONPATH} /usr/bin/python3 -W ignore:setup.py install is deprecated -W ignore:easy_install command is deprecated setup.py develop --editable --build-directory /home/malik/ros2_ws/build/autodrive_nigel/build --no-deps symlink_data --force
[1.292s] DEBUG:colcon.colcon_core.event_handler.log_command:Invoking command in '/home/malik/ros2_ws/build/autodrive_f1tenth': AMENT_PREFIX_PATH=/home/malik/controller-benchmarks/ros2/install/slam_toolbox:${AMENT_PREFIX_PATH} CMAKE_PREFIX_PATH=/home/malik/ros2_ws/install/slam_toolbox LD_LIBRARY_PATH=/home/malik/controller-benchmarks/ros2/install/slam_toolbox/lib:/home/malik/ros2_ws/install/slam_toolbox/lib:${LD_LIBRARY_PATH} PYTHONPATH=/home/malik/ros2_ws/build/autodrive_f1tenth/prefix_override:/usr/lib/python3/dist-packages/colcon_core/task/python/colcon_distutils_commands:/home/malik/ros2_ws/install/autodrive_f1tenth/lib/python3.10/site-packages:/home/malik/controller-benchmarks/ros2/install/slam_toolbox/local/lib/python3.10/dist-packages:${PYTHONPATH} /usr/bin/python3 -W ignore:setup.py install is deprecated -W ignore:easy_install command is deprecated setup.py develop --editable --build-directory /home/malik/ros2_ws/build/autodrive_f1tenth/build --no-deps symlink_data
[1.434s] Level 1:colcon.colcon_core.shell:create_environment_hook('autodrive_nigel', 'pythonpath_develop')
[1.435s] INFO:colcon.colcon_core.shell:Creating environment hook '/home/malik/ros2_ws/build/autodrive_nigel/share/autodrive_nigel/hook/pythonpath_develop.ps1'
[1.435s] DEBUG:colcon.colcon_core.event_handler.log_command:Invoked command in '/home/malik/ros2_ws/build/autodrive_nigel' returned '0': PYTHONPATH=/home/malik/ros2_ws/build/autodrive_nigel/prefix_override:/usr/lib/python3/dist-packages/colcon_core/task/python/colcon_distutils_commands:/home/malik/ros2_ws/install/autodrive_nigel/lib/python3.10/site-packages:${PYTHONPATH} /usr/bin/python3 -W ignore:setup.py install is deprecated -W ignore:easy_install command is deprecated setup.py develop --editable --build-directory /home/malik/ros2_ws/build/autodrive_nigel/build --no-deps symlink_data --force
[1.436s] INFO:colcon.colcon_core.shell:Creating environment descriptor '/home/malik/ros2_ws/build/autodrive_nigel/share/autodrive_nigel/hook/pythonpath_develop.dsv'
[1.436s] INFO:colcon.colcon_core.shell:Creating environment hook '/home/malik/ros2_ws/build/autodrive_nigel/share/autodrive_nigel/hook/pythonpath_develop.sh'
[1.436s] Level 1:colcon.colcon_core.environment:checking '/home/malik/ros2_ws/install/autodrive_nigel' for CMake module files
[1.437s] Level 1:colcon.colcon_core.environment:checking '/home/malik/ros2_ws/install/autodrive_nigel' for CMake config files
[1.437s] Level 1:colcon.colcon_core.environment:checking '/home/malik/ros2_ws/install/autodrive_nigel/lib'
[1.437s] Level 1:colcon.colcon_core.environment:checking '/home/malik/ros2_ws/install/autodrive_nigel/bin'
[1.437s] Level 1:colcon.colcon_core.environment:checking '/home/malik/ros2_ws/install/autodrive_nigel/lib/pkgconfig/autodrive_nigel.pc'
[1.438s] Level 1:colcon.colcon_core.environment:checking '/home/malik/ros2_ws/install/autodrive_nigel/lib/python3.10/site-packages'
[1.438s] Level 1:colcon.colcon_core.shell:create_environment_hook('autodrive_nigel', 'pythonpath')
[1.438s] INFO:colcon.colcon_core.shell:Creating environment hook '/home/malik/ros2_ws/install/autodrive_nigel/share/autodrive_nigel/hook/pythonpath.ps1'
[1.438s] INFO:colcon.colcon_core.shell:Creating environment descriptor '/home/malik/ros2_ws/install/autodrive_nigel/share/autodrive_nigel/hook/pythonpath.dsv'
[1.438s] INFO:colcon.colcon_core.shell:Creating environment hook '/home/malik/ros2_ws/install/autodrive_nigel/share/autodrive_nigel/hook/pythonpath.sh'
[1.439s] Level 1:colcon.colcon_core.environment:checking '/home/malik/ros2_ws/install/autodrive_nigel/bin'
[1.439s] Level 1:colcon.colcon_core.environment:create_environment_scripts_only(autodrive_nigel)
[1.439s] INFO:colcon.colcon_core.shell:Creating package script '/home/malik/ros2_ws/install/autodrive_nigel/share/autodrive_nigel/package.ps1'
[1.439s] INFO:colcon.colcon_core.shell:Creating package descriptor '/home/malik/ros2_ws/install/autodrive_nigel/share/autodrive_nigel/package.dsv'
[1.440s] INFO:colcon.colcon_core.shell:Creating package script '/home/malik/ros2_ws/install/autodrive_nigel/share/autodrive_nigel/package.sh'
[1.440s] INFO:colcon.colcon_core.shell:Creating package script '/home/malik/ros2_ws/install/autodrive_nigel/share/autodrive_nigel/package.bash'
[1.440s] INFO:colcon.colcon_core.shell:Creating package script '/home/malik/ros2_ws/install/autodrive_nigel/share/autodrive_nigel/package.zsh'
[1.441s] Level 1:colcon.colcon_core.environment:create_file_with_runtime_dependencies(/home/malik/ros2_ws/install/autodrive_nigel/share/colcon-core/packages/autodrive_nigel)
[1.698s] Level 1:colcon.colcon_core.shell:create_environment_hook('autodrive_f1tenth', 'pythonpath_develop')
[1.698s] INFO:colcon.colcon_core.shell:Creating environment hook '/home/malik/ros2_ws/build/autodrive_f1tenth/share/autodrive_f1tenth/hook/pythonpath_develop.ps1'
[1.699s] DEBUG:colcon.colcon_core.event_handler.log_command:Invoked command in '/home/malik/ros2_ws/build/autodrive_f1tenth' returned '0': AMENT_PREFIX_PATH=/home/malik/controller-benchmarks/ros2/install/slam_toolbox:${AMENT_PREFIX_PATH} CMAKE_PREFIX_PATH=/home/malik/ros2_ws/install/slam_toolbox LD_LIBRARY_PATH=/home/malik/controller-benchmarks/ros2/install/slam_toolbox/lib:/home/malik/ros2_ws/install/slam_toolbox/lib:${LD_LIBRARY_PATH} PYTHONPATH=/home/malik/ros2_ws/build/autodrive_f1tenth/prefix_override:/usr/lib/python3/dist-packages/colcon_core/task/python/colcon_distutils_commands:/home/malik/ros2_ws/install/autodrive_f1tenth/lib/python3.10/site-packages:/home/malik/controller-benchmarks/ros2/install/slam_toolbox/local/lib/python3.10/dist-packages:${PYTHONPATH} /usr/bin/python3 -W ignore:setup.py install is deprecated -W ignore:easy_install command is deprecated setup.py develop --editable --build-directory /home/malik/ros2_ws/build/autodrive_f1tenth/build --no-deps symlink_data
[1.699s] INFO:colcon.colcon_core.shell:Creating environment descriptor '/home/malik/ros2_ws/build/autodrive_f1tenth/share/autodrive_f1tenth/hook/pythonpath_develop.dsv'
[1.699s] INFO:colcon.colcon_core.shell:Creating environment hook '/home/malik/ros2_ws/build/autodrive_f1tenth/share/autodrive_f1tenth/hook/pythonpath_develop.sh'
[1.700s] Level 1:colcon.colcon_core.environment:checking '/home/malik/ros2_ws/install/autodrive_f1tenth' for CMake module files
[1.700s] Level 1:colcon.colcon_core.environment:checking '/home/malik/ros2_ws/install/autodrive_f1tenth' for CMake config files
[1.701s] Level 1:colcon.colcon_core.environment:checking '/home/malik/ros2_ws/install/autodrive_f1tenth/lib'
[1.701s] Level 1:colcon.colcon_core.environment:checking '/home/malik/ros2_ws/install/autodrive_f1tenth/bin'
[1.701s] Level 1:colcon.colcon_core.environment:checking '/home/malik/ros2_ws/install/autodrive_f1tenth/lib/pkgconfig/autodrive_f1tenth.pc'
[1.702s] Level 1:colcon.colcon_core.environment:checking '/home/malik/ros2_ws/install/autodrive_f1tenth/lib/python3.10/site-packages'
[1.702s] Level 1:colcon.colcon_core.shell:create_environment_hook('autodrive_f1tenth', 'pythonpath')
[1.702s] INFO:colcon.colcon_core.shell:Creating environment hook '/home/malik/ros2_ws/install/autodrive_f1tenth/share/autodrive_f1tenth/hook/pythonpath.ps1'
[1.702s] INFO:colcon.colcon_core.shell:Creating environment descriptor '/home/malik/ros2_ws/install/autodrive_f1tenth/share/autodrive_f1tenth/hook/pythonpath.dsv'
[1.702s] INFO:colcon.colcon_core.shell:Creating environment hook '/home/malik/ros2_ws/install/autodrive_f1tenth/share/autodrive_f1tenth/hook/pythonpath.sh'
[1.703s] Level 1:colcon.colcon_core.environment:checking '/home/malik/ros2_ws/install/autodrive_f1tenth/bin'
[1.703s] Level 1:colcon.colcon_core.environment:create_environment_scripts_only(autodrive_f1tenth)
[1.703s] INFO:colcon.colcon_core.shell:Creating package script '/home/malik/ros2_ws/install/autodrive_f1tenth/share/autodrive_f1tenth/package.ps1'
[1.703s] INFO:colcon.colcon_core.shell:Creating package descriptor '/home/malik/ros2_ws/install/autodrive_f1tenth/share/autodrive_f1tenth/package.dsv'
[1.704s] INFO:colcon.colcon_core.shell:Creating package script '/home/malik/ros2_ws/install/autodrive_f1tenth/share/autodrive_f1tenth/package.sh'
[1.704s] INFO:colcon.colcon_core.shell:Creating package script '/home/malik/ros2_ws/install/autodrive_f1tenth/share/autodrive_f1tenth/package.bash'
[1.704s] INFO:colcon.colcon_core.shell:Creating package script '/home/malik/ros2_ws/install/autodrive_f1tenth/share/autodrive_f1tenth/package.zsh'
[1.705s] Level 1:colcon.colcon_core.environment:create_file_with_runtime_dependencies(/home/malik/ros2_ws/install/autodrive_f1tenth/share/colcon-core/packages/autodrive_f1tenth)
[1.705s] DEBUG:colcon.colcon_parallel_executor.executor.parallel:closing loop
[1.705s] DEBUG:colcon.colcon_parallel_executor.executor.parallel:loop closed
[1.705s] DEBUG:colcon.colcon_parallel_executor.executor.parallel:run_until_complete finished with '0'
[1.705s] DEBUG:colcon.colcon_core.event_reactor:joining thread
[1.710s] INFO:colcon.colcon_core.plugin_system:Skipping extension 'colcon_notification.desktop_notification.terminal_notifier': Not used on non-Darwin systems
[1.710s] INFO:colcon.colcon_core.plugin_system:Skipping extension 'colcon_notification.desktop_notification.win32': Not used on non-Windows systems
[1.710s] INFO:colcon.colcon_notification.desktop_notification:Sending desktop notification using 'notify2'
[1.726s] DEBUG:colcon.colcon_core.event_reactor:joined thread
[1.727s] INFO:colcon.colcon_core.shell:Creating prefix script '/home/malik/ros2_ws/install/local_setup.ps1'
[1.728s] INFO:colcon.colcon_core.shell:Creating prefix util module '/home/malik/ros2_ws/install/_local_setup_util_ps1.py'
[1.729s] INFO:colcon.colcon_core.shell:Creating prefix chain script '/home/malik/ros2_ws/install/setup.ps1'
[1.730s] INFO:colcon.colcon_core.shell:Creating prefix script '/home/malik/ros2_ws/install/local_setup.sh'
[1.730s] INFO:colcon.colcon_core.shell:Creating prefix util module '/home/malik/ros2_ws/install/_local_setup_util_sh.py'
[1.730s] INFO:colcon.colcon_core.shell:Creating prefix chain script '/home/malik/ros2_ws/install/setup.sh'
[1.731s] INFO:colcon.colcon_core.shell:Creating prefix script '/home/malik/ros2_ws/install/local_setup.bash'
[1.732s] INFO:colcon.colcon_core.shell:Creating prefix chain script '/home/malik/ros2_ws/install/setup.bash'
[1.733s] INFO:colcon.colcon_core.shell:Creating prefix script '/home/malik/ros2_ws/install/local_setup.zsh'
[1.733s] INFO:colcon.colcon_core.shell:Creating prefix chain script '/home/malik/ros2_ws/install/setup.zsh'
