[0.006s] Invoking command in '/home/malik/ros2_ws/build/slam_toolbox': CMAKE_PREFIX_PATH=/home/malik/ros2_ws/install/autodrive_nigel:/home/malik/ros2_ws/install/autodrive_f1tenth:/opt/ros/humble PS1=\[\e[38;5;81m\]\u@\h \[\e[38;5;226m\]\w \[\e[0m\]$ /usr/bin/cmake /home/malik/ros2_ws/slam_toolbox -DAMENT_CMAKE_SYMLINK_INSTALL=1 -DCMAKE_INSTALL_PREFIX=/home/malik/ros2_ws/install/slam_toolbox
[0.076s] -- The C compiler identification is GNU 11.4.0
[0.175s] -- The CXX compiler identification is GNU 11.4.0
[0.184s] -- Detecting C compiler ABI info
[0.234s] -- Detecting C compiler ABI info - done
[0.240s] -- Check for working C compiler: /usr/bin/cc - skipped
[0.240s] -- Detecting C compile features
[0.240s] -- Detecting C compile features - done
[0.243s] -- Detecting CXX compiler ABI info
[0.311s] -- Detecting CXX compiler ABI info - done
[0.320s] -- Check for working CXX compiler: /usr/bin/c++ - skipped
[0.321s] -- Detecting CXX compile features
[0.321s] -- Detecting CXX compile features - done
[0.324s] -- Found ament_cmake: 1.3.12 (/opt/ros/humble/share/ament_cmake/cmake)
[0.449s] -- Found Python3: /usr/bin/python3 (found version "3.10.12") found components: Interpreter 
[0.500s] -- Override CMake install command with custom implementation using symlinks instead of copying resources
[0.524s] -- Found message_filters: 4.3.8 (/opt/ros/humble/share/message_filters/cmake)
[0.564s] -- Found rosidl_generator_c: 3.1.7 (/opt/ros/humble/share/rosidl_generator_c/cmake)
[0.569s] -- Found rosidl_adapter: 3.1.7 (/opt/ros/humble/share/rosidl_adapter/cmake)
[0.577s] -- Found rosidl_generator_cpp: 3.1.7 (/opt/ros/humble/share/rosidl_generator_cpp/cmake)
[0.589s] -- Using all available rosidl_typesupport_c: rosidl_typesupport_fastrtps_c;rosidl_typesupport_introspection_c
[0.603s] -- Using all available rosidl_typesupport_cpp: rosidl_typesupport_fastrtps_cpp;rosidl_typesupport_introspection_cpp
[0.642s] -- Found rmw_implementation_cmake: 6.1.2 (/opt/ros/humble/share/rmw_implementation_cmake/cmake)
[0.645s] -- Found rmw_fastrtps_cpp: 6.2.8 (/opt/ros/humble/share/rmw_fastrtps_cpp/cmake)
[0.704s] -- Found OpenSSL: /usr/lib/x86_64-linux-gnu/libcrypto.so (found version "3.0.2")  
[0.723s] -- Found FastRTPS: /opt/ros/humble/include  
[0.752s] -- Using RMW implementation 'rmw_fastrtps_cpp' as default
[0.760s] -- Looking for pthread.h
[0.812s] -- Looking for pthread.h - found
[0.812s] -- Performing Test CMAKE_HAVE_LIBC_PTHREAD
[0.861s] -- Performing Test CMAKE_HAVE_LIBC_PTHREAD - Success
[0.862s] -- Found Threads: TRUE  
[0.916s] -- Found nav_msgs: 4.9.0 (/opt/ros/humble/share/nav_msgs/cmake)
[0.944s] -- Found sensor_msgs: 4.9.0 (/opt/ros/humble/share/sensor_msgs/cmake)
[0.961s] -- Found tf2: 0.25.16 (/opt/ros/humble/share/tf2/cmake)
[0.970s] -- Found tf2_ros: 0.25.16 (/opt/ros/humble/share/tf2_ros/cmake)
[1.050s] -- Found visualization_msgs: 4.9.0 (/opt/ros/humble/share/visualization_msgs/cmake)
[1.067s] -- Found pluginlib: 5.1.0 (/opt/ros/humble/share/pluginlib/cmake)
[1.079s] -- Found tf2_geometry_msgs: 0.25.16 (/opt/ros/humble/share/tf2_geometry_msgs/cmake)
[1.089s] -- Found eigen3_cmake_module: 0.1.1 (/opt/ros/humble/share/eigen3_cmake_module/cmake)
[1.090s] -- Found Eigen3: TRUE (found version "3.4.0") 
[1.090s] -- Ensuring Eigen3 include directory is part of orocos-kdl CMake target
[1.092s] -- Found tf2_sensor_msgs: 0.25.16 (/opt/ros/humble/share/tf2_sensor_msgs/cmake)
[1.097s] -- Found std_srvs: 4.9.0 (/opt/ros/humble/share/std_srvs/cmake)
[1.107s] -- Found rosidl_default_generators: 1.2.0 (/opt/ros/humble/share/rosidl_default_generators/cmake)
[1.115s] -- Found rviz_common: 11.2.19 (/opt/ros/humble/share/rviz_common/cmake)
[1.134s] -- Setting assimp_DIR to: '/opt/ros/humble/share/rviz_assimp_vendor/cmake/../../../opt/rviz_assimp_vendor/lib/cmake/assimp-4.1'
[1.139s] -- Setting OGRE_DIR to: '/opt/ros/humble/share/rviz_ogre_vendor/cmake/../../../opt/rviz_ogre_vendor/lib/OGRE/cmake'
[1.141s] -- Found OGRE
[1.141s] --   static     : OFF
[1.141s] --   components : HLMS;MeshLodGenerator;Overlay;Paging;Property;RTShaderSystem;Terrain;Volume
[1.141s] --   plugins    : Plugin_BSPSceneManager;Plugin_OctreeSceneManager;Plugin_PCZSceneManager;Plugin_ParticleFX;RenderSystem_GL;RenderSystem_GL3Plus;Codec_STBI
[1.141s] --   media      : /opt/ros/humble/opt/rviz_ogre_vendor/share/OGRE/Media
[1.141s] -- OGRE_LIBRARIES: OgreHLMS;OgreMeshLodGenerator;OgreOverlay;OgrePaging;OgreProperty;OgreRTShaderSystem;OgreTerrain;OgreVolume;OgreMain
[1.141s] -- OGRE_LIBRARY_DIRS: /opt/ros/humble/opt/rviz_ogre_vendor/lib
[1.141s] -- OGRE_PLUGINS: Plugin_BSPSceneManager;Plugin_OctreeSceneManager;Plugin_PCZSceneManager;Plugin_ParticleFX;RenderSystem_GL;RenderSystem_GL3Plus;Codec_STBI
[1.141s] -- OGRE_PLUGIN_DIR: /opt/ros/humble/opt/rviz_ogre_vendor/lib/OGRE
[1.141s] -- rviz_ogre_vendor::OgreOverlay for IMPORTED_LOCATION_RELEASE: /opt/ros/humble/opt/rviz_ogre_vendor/lib/libOgreOverlay.so
[1.141s] -- rviz_ogre_vendor::OgreOverlay for IMPORTED_LOCATION_DEBUG: /opt/ros/humble/opt/rviz_ogre_vendor/lib/libOgreOverlay.so
[1.141s] -- rviz_ogre_vendor::OgreMain for IMPORTED_LOCATION_RELEASE: /opt/ros/humble/opt/rviz_ogre_vendor/lib/libOgreMain.so
[1.141s] -- rviz_ogre_vendor::OgreMain for IMPORTED_LOCATION_DEBUG: /opt/ros/humble/opt/rviz_ogre_vendor/lib/libOgreMain.so
[1.142s] -- Could not find freeimage library
[1.155s] -- Found ZLIB: /usr/lib/x86_64-linux-gnu/libz.so (found version "1.2.11") 
[1.158s] -- Found OpenGL: /usr/lib/x86_64-linux-gnu/libOpenGL.so   
[1.214s] -- Found X11: /usr/include   
[1.214s] -- Looking for XOpenDisplay in /usr/lib/x86_64-linux-gnu/libX11.so;/usr/lib/x86_64-linux-gnu/libXext.so
[1.263s] -- Looking for XOpenDisplay in /usr/lib/x86_64-linux-gnu/libX11.so;/usr/lib/x86_64-linux-gnu/libXext.so - found
[1.264s] -- Looking for gethostbyname
[1.317s] -- Looking for gethostbyname - found
[1.317s] -- Looking for connect
[1.366s] -- Looking for connect - found
[1.366s] -- Looking for remove
[1.419s] -- Looking for remove - found
[1.419s] -- Looking for shmat
[1.475s] -- Looking for shmat - found
[1.475s] -- Looking for IceConnectionNumber in ICE
[1.557s] -- Looking for IceConnectionNumber in ICE - found
[1.652s] -- library: /usr/lib/x86_64-linux-gnu/libcurl.so
[1.684s] -- Found rviz_default_plugins: 11.2.19 (/opt/ros/humble/share/rviz_default_plugins/cmake)
[1.747s] -- Found Boost: /usr/lib/x86_64-linux-gnu/cmake/Boost-1.74.0/BoostConfig.cmake (found version "1.74.0") found components: system serialization filesystem thread 
[1.753s] -- Found PkgConfig: /usr/bin/pkg-config (found version "0.29.2") 
[1.759s] -- Found CHOLMOD: /usr/include/suitesparse  
[1.760s] -- Found CSparse: /usr/include/suitesparse  
[1.784s] -- Looking for sgemm_
[1.826s] -- Looking for sgemm_ - not found
[1.856s] -- Looking for sgemm_
[1.903s] -- Looking for sgemm_ - found
[1.904s] -- Found BLAS: /usr/lib/x86_64-linux-gnu/libblas.so  
[1.905s] -- Looking for cheev_
[1.966s] -- Looking for cheev_ - not found
[1.978s] -- Looking for cheev_
[2.041s] -- Looking for cheev_ - not found
[2.041s] -- Looking for cheev_
[2.151s] -- Looking for cheev_ - found
[2.152s] -- Found LAPACK: /usr/lib/x86_64-linux-gnu/liblapack.so;/usr/lib/x86_64-linux-gnu/libblas.so  
[2.157s] -- Found required Ceres dependency: Eigen version 3.4.0 in /usr/include/eigen3
[2.162s] -- Found required Ceres dependency: glog
[2.163s] -- Found required Ceres dependency: gflags
[2.164s] -- Found Ceres version: 2.0.0 installed in: /usr with components: [EigenSparse, SparseLinearAlgebraLibrary, LAPACK, SuiteSparse, CXSparse, SchurSpecializations, Multithreading]
[2.478s] -- Found ament_cmake_ros: 0.10.0 (/opt/ros/humble/share/ament_cmake_ros/cmake)
[2.850s] -- Using all available rosidl_typesupport_c: rosidl_typesupport_fastrtps_c;rosidl_typesupport_introspection_c
[2.995s] -- Using all available rosidl_typesupport_cpp: rosidl_typesupport_fastrtps_cpp;rosidl_typesupport_introspection_cpp
[3.012s] -- Found PythonInterp: /usr/bin/python3 (found suitable version "3.10.12", minimum required is "3.6") 
[3.013s] -- Found python_cmake_module: 0.10.0 (/opt/ros/humble/share/python_cmake_module/cmake)
[3.032s] -- Found PythonLibs: /usr/lib/x86_64-linux-gnu/libpython3.10.so (found suitable version "3.10.12", minimum required is "3.5") 
[3.032s] -- Using PYTHON_EXECUTABLE: /usr/bin/python3
[3.032s] -- Using PYTHON_INCLUDE_DIRS: /usr/include/python3.10
[3.033s] -- Using PYTHON_LIBRARIES: /usr/lib/x86_64-linux-gnu/libpython3.10.so
[3.048s] -- Found PythonExtra: .so  
[3.145s] -- Configuring done
[3.321s] -- Generating done
[3.365s] -- Build files have been written to: /home/malik/ros2_ws/build/slam_toolbox
[3.379s] Invoked command in '/home/malik/ros2_ws/build/slam_toolbox' returned '0': CMAKE_PREFIX_PATH=/home/malik/ros2_ws/install/autodrive_nigel:/home/malik/ros2_ws/install/autodrive_f1tenth:/opt/ros/humble PS1=\[\e[38;5;81m\]\u@\h \[\e[38;5;226m\]\w \[\e[0m\]$ /usr/bin/cmake /home/malik/ros2_ws/slam_toolbox -DAMENT_CMAKE_SYMLINK_INSTALL=1 -DCMAKE_INSTALL_PREFIX=/home/malik/ros2_ws/install/slam_toolbox
[3.381s] Invoking command in '/home/malik/ros2_ws/build/slam_toolbox': CMAKE_PREFIX_PATH=/home/malik/ros2_ws/install/autodrive_nigel:/home/malik/ros2_ws/install/autodrive_f1tenth:/opt/ros/humble PS1=\[\e[38;5;81m\]\u@\h \[\e[38;5;226m\]\w \[\e[0m\]$ /usr/bin/cmake --build /home/malik/ros2_ws/build/slam_toolbox -- -j8 -l8
[3.410s] [  1%] [34m[1mGenerating C code for ROS interfaces[0m
[3.417s] [  2%] [32mBuilding CXX object lib/karto_sdk/CMakeFiles/kartoSlamToolbox.dir/src/Mapper.cpp.o[0m
[3.417s] [  2%] [32mBuilding CXX object lib/karto_sdk/CMakeFiles/kartoSlamToolbox.dir/src/Karto.cpp.o[0m
[3.418s] [  3%] [34m[1mGenerating C++ code for ROS interfaces[0m
[3.422s] [  3%] Built target ament_cmake_python_symlink_slam_toolbox
[3.625s] running egg_info
[3.626s] creating slam_toolbox.egg-info
[3.626s] writing slam_toolbox.egg-info/PKG-INFO
[3.626s] writing dependency_links to slam_toolbox.egg-info/dependency_links.txt
[3.626s] writing top-level names to slam_toolbox.egg-info/top_level.txt
[3.626s] writing manifest file 'slam_toolbox.egg-info/SOURCES.txt'
[3.628s] reading manifest file 'slam_toolbox.egg-info/SOURCES.txt'
[3.628s] writing manifest file 'slam_toolbox.egg-info/SOURCES.txt'
[3.648s] [  3%] Built target ament_cmake_python_build_slam_toolbox_egg
[4.236s] [  3%] Built target slam_toolbox__cpp
[4.247s] [  3%] [34m[1mGenerating C++ type support dispatch for ROS interfaces[0m
[4.247s] [  4%] [34m[1mGenerating C++ type support for eProsima Fast-RTPS[0m
[4.251s] [  5%] [34m[1mGenerating C++ introspection for ROS interfaces[0m
[4.278s] [  5%] [32mBuilding C object CMakeFiles/slam_toolbox__rosidl_generator_c.dir/rosidl_generator_c/slam_toolbox/srv/detail/clear_queue__functions.c.o[0m
[4.279s] [  6%] [32mBuilding C object CMakeFiles/slam_toolbox__rosidl_generator_c.dir/rosidl_generator_c/slam_toolbox/srv/detail/toggle_interactive__functions.c.o[0m
[4.280s] [  7%] [32mBuilding C object CMakeFiles/slam_toolbox__rosidl_generator_c.dir/rosidl_generator_c/slam_toolbox/srv/detail/pause__functions.c.o[0m
[4.387s] [  8%] [32mBuilding C object CMakeFiles/slam_toolbox__rosidl_generator_c.dir/rosidl_generator_c/slam_toolbox/srv/detail/save_map__functions.c.o[0m
[4.389s] [  9%] [32mBuilding C object CMakeFiles/slam_toolbox__rosidl_generator_c.dir/rosidl_generator_c/slam_toolbox/srv/detail/clear__functions.c.o[0m
[4.392s] [  9%] [32mBuilding C object CMakeFiles/slam_toolbox__rosidl_generator_c.dir/rosidl_generator_c/slam_toolbox/srv/detail/loop_closure__functions.c.o[0m
[4.488s] [ 10%] [32mBuilding C object CMakeFiles/slam_toolbox__rosidl_generator_c.dir/rosidl_generator_c/slam_toolbox/srv/detail/add_submap__functions.c.o[0m
[4.488s] [ 11%] [32mBuilding C object CMakeFiles/slam_toolbox__rosidl_generator_c.dir/rosidl_generator_c/slam_toolbox/srv/detail/merge_maps__functions.c.o[0m
[4.492s] [ 11%] [32mBuilding C object CMakeFiles/slam_toolbox__rosidl_generator_c.dir/rosidl_generator_c/slam_toolbox/srv/detail/deserialize_pose_graph__functions.c.o[0m
[4.583s] [ 12%] [32mBuilding C object CMakeFiles/slam_toolbox__rosidl_generator_c.dir/rosidl_generator_c/slam_toolbox/srv/detail/serialize_pose_graph__functions.c.o[0m
[4.682s] [ 13%] [32m[1mLinking C shared library libslam_toolbox__rosidl_generator_c.so[0m
[4.713s] [ 13%] Built target slam_toolbox__rosidl_generator_c
[4.721s] [ 14%] [34m[1mGenerating C type support dispatch for ROS interfaces[0m
[4.721s] [ 14%] [34m[1mGenerating C type support for eProsima Fast-RTPS[0m
[4.721s] [ 15%] [34m[1mGenerating C introspection for ROS interfaces[0m
[4.724s] [ 16%] [32mBuilding CXX object CMakeFiles/slam_toolbox__rosidl_typesupport_cpp.dir/rosidl_typesupport_cpp/slam_toolbox/srv/pause__type_support.cpp.o[0m
[4.933s] [ 16%] [32mBuilding CXX object CMakeFiles/slam_toolbox__rosidl_typesupport_introspection_cpp.dir/rosidl_typesupport_introspection_cpp/slam_toolbox/srv/detail/pause__type_support.cpp.o[0m
[4.951s] [ 17%] [32mBuilding CXX object CMakeFiles/slam_toolbox__rosidl_typesupport_cpp.dir/rosidl_typesupport_cpp/slam_toolbox/srv/clear_queue__type_support.cpp.o[0m
[5.043s] [ 18%] [32mBuilding CXX object CMakeFiles/slam_toolbox__rosidl_typesupport_fastrtps_cpp.dir/rosidl_typesupport_fastrtps_cpp/slam_toolbox/srv/detail/dds_fastrtps/pause__type_support.cpp.o[0m
[5.168s] [ 19%] [32mBuilding CXX object CMakeFiles/slam_toolbox__rosidl_typesupport_cpp.dir/rosidl_typesupport_cpp/slam_toolbox/srv/toggle_interactive__type_support.cpp.o[0m
[5.223s] [ 20%] [32mBuilding CXX object CMakeFiles/slam_toolbox__rosidl_typesupport_c.dir/rosidl_typesupport_c/slam_toolbox/srv/pause__type_support.cpp.o[0m
[5.249s] [ 21%] [32mBuilding CXX object CMakeFiles/slam_toolbox__rosidl_typesupport_c.dir/rosidl_typesupport_c/slam_toolbox/srv/clear_queue__type_support.cpp.o[0m
[5.255s] [ 22%] [32mBuilding CXX object CMakeFiles/slam_toolbox__rosidl_typesupport_introspection_cpp.dir/rosidl_typesupport_introspection_cpp/slam_toolbox/srv/detail/clear_queue__type_support.cpp.o[0m
[5.276s] [ 23%] [32mBuilding CXX object CMakeFiles/slam_toolbox__rosidl_typesupport_c.dir/rosidl_typesupport_c/slam_toolbox/srv/toggle_interactive__type_support.cpp.o[0m
[5.299s] [ 23%] [32mBuilding CXX object CMakeFiles/slam_toolbox__rosidl_typesupport_c.dir/rosidl_typesupport_c/slam_toolbox/srv/clear__type_support.cpp.o[0m
[5.324s] [ 24%] [32mBuilding CXX object CMakeFiles/slam_toolbox__rosidl_typesupport_c.dir/rosidl_typesupport_c/slam_toolbox/srv/save_map__type_support.cpp.o[0m
[5.351s] [ 25%] [32mBuilding CXX object CMakeFiles/slam_toolbox__rosidl_typesupport_c.dir/rosidl_typesupport_c/slam_toolbox/srv/loop_closure__type_support.cpp.o[0m
[5.377s] [ 25%] [32mBuilding CXX object CMakeFiles/slam_toolbox__rosidl_typesupport_c.dir/rosidl_typesupport_c/slam_toolbox/srv/merge_maps__type_support.cpp.o[0m
[5.391s] [ 25%] [32mBuilding CXX object CMakeFiles/slam_toolbox__rosidl_typesupport_fastrtps_cpp.dir/rosidl_typesupport_fastrtps_cpp/slam_toolbox/srv/detail/dds_fastrtps/clear_queue__type_support.cpp.o[0m
[5.392s] [ 25%] [32mBuilding CXX object CMakeFiles/slam_toolbox__rosidl_typesupport_cpp.dir/rosidl_typesupport_cpp/slam_toolbox/srv/clear__type_support.cpp.o[0m
[5.402s] [ 26%] [32mBuilding CXX object CMakeFiles/slam_toolbox__rosidl_typesupport_c.dir/rosidl_typesupport_c/slam_toolbox/srv/add_submap__type_support.cpp.o[0m
[5.428s] [ 27%] [32mBuilding CXX object CMakeFiles/slam_toolbox__rosidl_typesupport_c.dir/rosidl_typesupport_c/slam_toolbox/srv/deserialize_pose_graph__type_support.cpp.o[0m
[5.454s] [ 28%] [32mBuilding CXX object CMakeFiles/slam_toolbox__rosidl_typesupport_c.dir/rosidl_typesupport_c/slam_toolbox/srv/serialize_pose_graph__type_support.cpp.o[0m
[5.466s] [ 28%] [32mBuilding C object CMakeFiles/slam_toolbox__rosidl_typesupport_introspection_c.dir/rosidl_typesupport_introspection_c/slam_toolbox/srv/detail/pause__type_support.c.o[0m
[5.479s] [ 28%] [32m[1mLinking CXX shared library libslam_toolbox__rosidl_typesupport_c.so[0m
[5.503s] [ 29%] [32mBuilding C object CMakeFiles/slam_toolbox__rosidl_typesupport_introspection_c.dir/rosidl_typesupport_introspection_c/slam_toolbox/srv/detail/clear_queue__type_support.c.o[0m
[5.514s] [ 30%] [32mBuilding CXX object CMakeFiles/slam_toolbox__rosidl_typesupport_fastrtps_c.dir/rosidl_typesupport_fastrtps_c/slam_toolbox/srv/detail/pause__type_support_c.cpp.o[0m
[5.519s] [ 30%] Built target slam_toolbox__rosidl_typesupport_c
[5.524s] [ 31%] [32mBuilding CXX object CMakeFiles/slam_toolbox__rosidl_typesupport_cpp.dir/rosidl_typesupport_cpp/slam_toolbox/srv/save_map__type_support.cpp.o[0m
[5.539s] [ 32%] [32mBuilding C object CMakeFiles/slam_toolbox__rosidl_typesupport_introspection_c.dir/rosidl_typesupport_introspection_c/slam_toolbox/srv/detail/toggle_interactive__type_support.c.o[0m
[5.573s] [ 32%] [32mBuilding C object CMakeFiles/slam_toolbox__rosidl_typesupport_introspection_c.dir/rosidl_typesupport_introspection_c/slam_toolbox/srv/detail/clear__type_support.c.o[0m
[5.579s] [ 33%] [32mBuilding CXX object CMakeFiles/slam_toolbox__rosidl_typesupport_introspection_cpp.dir/rosidl_typesupport_introspection_cpp/slam_toolbox/srv/detail/toggle_interactive__type_support.cpp.o[0m
[5.607s] [ 34%] [32mBuilding C object CMakeFiles/slam_toolbox__rosidl_typesupport_introspection_c.dir/rosidl_typesupport_introspection_c/slam_toolbox/srv/detail/save_map__type_support.c.o[0m
[5.620s] [ 34%] [32mBuilding CXX object CMakeFiles/slam_toolbox__rosidl_typesupport_introspection_cpp.dir/rosidl_typesupport_introspection_cpp/slam_toolbox/srv/detail/clear__type_support.cpp.o[0m
[5.642s] [ 35%] [32mBuilding C object CMakeFiles/slam_toolbox__rosidl_typesupport_introspection_c.dir/rosidl_typesupport_introspection_c/slam_toolbox/srv/detail/loop_closure__type_support.c.o[0m
[5.678s] [ 36%] [32mBuilding C object CMakeFiles/slam_toolbox__rosidl_typesupport_introspection_c.dir/rosidl_typesupport_introspection_c/slam_toolbox/srv/detail/merge_maps__type_support.c.o[0m
[5.712s] [ 36%] [32mBuilding C object CMakeFiles/slam_toolbox__rosidl_typesupport_introspection_c.dir/rosidl_typesupport_introspection_c/slam_toolbox/srv/detail/add_submap__type_support.c.o[0m
[5.742s] [ 37%] [32mBuilding CXX object CMakeFiles/slam_toolbox__rosidl_typesupport_fastrtps_cpp.dir/rosidl_typesupport_fastrtps_cpp/slam_toolbox/srv/detail/dds_fastrtps/toggle_interactive__type_support.cpp.o[0m
[5.748s] [ 38%] [32mBuilding C object CMakeFiles/slam_toolbox__rosidl_typesupport_introspection_c.dir/rosidl_typesupport_introspection_c/slam_toolbox/srv/detail/deserialize_pose_graph__type_support.c.o[0m
[5.754s] [ 39%] [32mBuilding CXX object CMakeFiles/slam_toolbox__rosidl_typesupport_cpp.dir/rosidl_typesupport_cpp/slam_toolbox/srv/loop_closure__type_support.cpp.o[0m
[5.783s] [ 40%] [32mBuilding C object CMakeFiles/slam_toolbox__rosidl_typesupport_introspection_c.dir/rosidl_typesupport_introspection_c/slam_toolbox/srv/detail/serialize_pose_graph__type_support.c.o[0m
[5.815s] [ 40%] [32mBuilding CXX object CMakeFiles/slam_toolbox__rosidl_typesupport_fastrtps_c.dir/rosidl_typesupport_fastrtps_c/slam_toolbox/srv/detail/clear_queue__type_support_c.cpp.o[0m
[5.819s] [ 40%] [32m[1mLinking C shared library libslam_toolbox__rosidl_typesupport_introspection_c.so[0m
[5.848s] [ 40%] Built target slam_toolbox__rosidl_typesupport_introspection_c
[5.856s] [ 41%] [32mBuilding CXX object CMakeFiles/slam_toolbox__rosidl_typesupport_fastrtps_cpp.dir/rosidl_typesupport_fastrtps_cpp/slam_toolbox/srv/detail/dds_fastrtps/clear__type_support.cpp.o[0m
[5.899s] [ 42%] [32mBuilding CXX object CMakeFiles/slam_toolbox__rosidl_typesupport_fastrtps_c.dir/rosidl_typesupport_fastrtps_c/slam_toolbox/srv/detail/toggle_interactive__type_support_c.cpp.o[0m
[5.945s] [ 43%] [32mBuilding CXX object CMakeFiles/slam_toolbox__rosidl_typesupport_introspection_cpp.dir/rosidl_typesupport_introspection_cpp/slam_toolbox/srv/detail/save_map__type_support.cpp.o[0m
[5.980s] [ 43%] [32mBuilding CXX object CMakeFiles/slam_toolbox__rosidl_typesupport_cpp.dir/rosidl_typesupport_cpp/slam_toolbox/srv/merge_maps__type_support.cpp.o[0m
[6.084s] [ 44%] [32mBuilding CXX object CMakeFiles/slam_toolbox__rosidl_typesupport_fastrtps_c.dir/rosidl_typesupport_fastrtps_c/slam_toolbox/srv/detail/clear__type_support_c.cpp.o[0m
[6.118s] [ 45%] [32mBuilding CXX object CMakeFiles/slam_toolbox__rosidl_typesupport_introspection_cpp.dir/rosidl_typesupport_introspection_cpp/slam_toolbox/srv/detail/loop_closure__type_support.cpp.o[0m
[6.199s] [ 46%] [32mBuilding CXX object CMakeFiles/slam_toolbox__rosidl_typesupport_fastrtps_cpp.dir/rosidl_typesupport_fastrtps_cpp/slam_toolbox/srv/detail/dds_fastrtps/save_map__type_support.cpp.o[0m
[6.203s] [ 47%] [32mBuilding CXX object CMakeFiles/slam_toolbox__rosidl_typesupport_fastrtps_c.dir/rosidl_typesupport_fastrtps_c/slam_toolbox/srv/detail/save_map__type_support_c.cpp.o[0m
[6.209s] [ 48%] [32mBuilding CXX object CMakeFiles/slam_toolbox__rosidl_typesupport_cpp.dir/rosidl_typesupport_cpp/slam_toolbox/srv/add_submap__type_support.cpp.o[0m
[6.270s] [ 48%] [32mBuilding CXX object CMakeFiles/slam_toolbox__rosidl_typesupport_fastrtps_cpp.dir/rosidl_typesupport_fastrtps_cpp/slam_toolbox/srv/detail/dds_fastrtps/loop_closure__type_support.cpp.o[0m
[6.383s] [ 49%] [32mBuilding CXX object CMakeFiles/slam_toolbox__rosidl_typesupport_cpp.dir/rosidl_typesupport_cpp/slam_toolbox/srv/deserialize_pose_graph__type_support.cpp.o[0m
[6.434s] [ 50%] [32mBuilding CXX object CMakeFiles/slam_toolbox__rosidl_typesupport_cpp.dir/rosidl_typesupport_cpp/slam_toolbox/srv/serialize_pose_graph__type_support.cpp.o[0m
[6.436s] [ 51%] [32mBuilding CXX object CMakeFiles/slam_toolbox__rosidl_typesupport_introspection_cpp.dir/rosidl_typesupport_introspection_cpp/slam_toolbox/srv/detail/merge_maps__type_support.cpp.o[0m
[6.499s] [ 51%] [32mBuilding CXX object CMakeFiles/slam_toolbox__rosidl_typesupport_fastrtps_c.dir/rosidl_typesupport_fastrtps_c/slam_toolbox/srv/detail/loop_closure__type_support_c.cpp.o[0m
[6.550s] [ 51%] [32mBuilding CXX object CMakeFiles/slam_toolbox__rosidl_typesupport_introspection_cpp.dir/rosidl_typesupport_introspection_cpp/slam_toolbox/srv/detail/add_submap__type_support.cpp.o[0m
[6.608s] [ 52%] [32mBuilding CXX object CMakeFiles/slam_toolbox__rosidl_typesupport_fastrtps_cpp.dir/rosidl_typesupport_fastrtps_cpp/slam_toolbox/srv/detail/dds_fastrtps/merge_maps__type_support.cpp.o[0m
[6.619s] [ 53%] [32mBuilding CXX object CMakeFiles/slam_toolbox__rosidl_typesupport_introspection_cpp.dir/rosidl_typesupport_introspection_cpp/slam_toolbox/srv/detail/deserialize_pose_graph__type_support.cpp.o[0m
[6.665s] [ 53%] [32m[1mLinking CXX shared library libslam_toolbox__rosidl_typesupport_cpp.so[0m
[6.728s] [ 53%] Built target slam_toolbox__rosidl_typesupport_cpp
[6.739s] [ 54%] [32mBuilding CXX object CMakeFiles/slam_toolbox__rosidl_typesupport_introspection_cpp.dir/rosidl_typesupport_introspection_cpp/slam_toolbox/srv/detail/serialize_pose_graph__type_support.cpp.o[0m
[6.754s] [ 55%] [32mBuilding CXX object CMakeFiles/slam_toolbox__rosidl_typesupport_fastrtps_c.dir/rosidl_typesupport_fastrtps_c/slam_toolbox/srv/detail/merge_maps__type_support_c.cpp.o[0m
[6.797s] [ 56%] [32mBuilding CXX object CMakeFiles/slam_toolbox__rosidl_typesupport_fastrtps_cpp.dir/rosidl_typesupport_fastrtps_cpp/slam_toolbox/srv/detail/dds_fastrtps/add_submap__type_support.cpp.o[0m
[6.874s] [ 57%] [32mBuilding CXX object CMakeFiles/slam_toolbox__rosidl_typesupport_fastrtps_c.dir/rosidl_typesupport_fastrtps_c/slam_toolbox/srv/detail/add_submap__type_support_c.cpp.o[0m
[6.950s] [ 57%] [32mBuilding CXX object CMakeFiles/slam_toolbox__rosidl_typesupport_fastrtps_cpp.dir/rosidl_typesupport_fastrtps_cpp/slam_toolbox/srv/detail/dds_fastrtps/deserialize_pose_graph__type_support.cpp.o[0m
[6.954s] [ 57%] [34m[1mGenerating rviz_plugin/moc_slam_toolbox_rviz_plugin.cpp[0m
[6.984s] [ 58%] [32mBuilding CXX object CMakeFiles/SlamToolboxPlugin.dir/rviz_plugin/slam_toolbox_rviz_plugin.cpp.o[0m
[7.048s] [ 59%] [32mBuilding CXX object CMakeFiles/slam_toolbox__rosidl_typesupport_fastrtps_cpp.dir/rosidl_typesupport_fastrtps_cpp/slam_toolbox/srv/detail/dds_fastrtps/serialize_pose_graph__type_support.cpp.o[0m
[7.072s] [ 59%] [32m[1mLinking CXX shared library libslam_toolbox__rosidl_typesupport_introspection_cpp.so[0m
[7.131s] [ 59%] Built target slam_toolbox__rosidl_typesupport_introspection_cpp
[7.139s] [ 59%] [32mBuilding CXX object CMakeFiles/slam_toolbox__rosidl_typesupport_fastrtps_c.dir/rosidl_typesupport_fastrtps_c/slam_toolbox/srv/detail/deserialize_pose_graph__type_support_c.cpp.o[0m
[7.161s] [ 60%] [32mBuilding CXX object CMakeFiles/SlamToolboxPlugin.dir/rviz_plugin/moc_slam_toolbox_rviz_plugin.cpp.o[0m
[7.196s] [ 61%] [32mBuilding CXX object CMakeFiles/slam_toolbox__rosidl_typesupport_fastrtps_c.dir/rosidl_typesupport_fastrtps_c/slam_toolbox/srv/detail/serialize_pose_graph__type_support_c.cpp.o[0m
[7.407s] [ 62%] [32m[1mLinking CXX shared library libslam_toolbox__rosidl_typesupport_fastrtps_cpp.so[0m
[7.487s] [ 62%] Built target slam_toolbox__rosidl_typesupport_fastrtps_cpp
[7.528s] [ 63%] [32m[1mLinking CXX shared library libslam_toolbox__rosidl_typesupport_fastrtps_c.so[0m
[7.594s] [ 63%] Built target slam_toolbox__rosidl_typesupport_fastrtps_c
[7.608s] [ 63%] Built target slam_toolbox
[7.623s] [ 63%] [34m[1mGenerating Python code for ROS interfaces[0m
[9.048s] [ 63%] Built target slam_toolbox__py
[9.063s] [ 64%] [32mBuilding C object CMakeFiles/slam_toolbox__rosidl_generator_py.dir/rosidl_generator_py/slam_toolbox/srv/_clear_queue_s.c.o[0m
[9.063s] [ 64%] [32mBuilding C object CMakeFiles/slam_toolbox__rosidl_generator_py.dir/rosidl_generator_py/slam_toolbox/srv/_toggle_interactive_s.c.o[0m
[9.063s] [ 65%] [32mBuilding C object CMakeFiles/slam_toolbox__rosidl_generator_py.dir/rosidl_generator_py/slam_toolbox/srv/_pause_s.c.o[0m
[9.067s] [ 66%] [32mBuilding C object CMakeFiles/slam_toolbox__rosidl_generator_py.dir/rosidl_generator_py/slam_toolbox/srv/_clear_s.c.o[0m
[9.180s] [ 66%] [32mBuilding C object CMakeFiles/slam_toolbox__rosidl_generator_py.dir/rosidl_generator_py/slam_toolbox/srv/_save_map_s.c.o[0m
[9.185s] [ 67%] [32mBuilding C object CMakeFiles/slam_toolbox__rosidl_generator_py.dir/rosidl_generator_py/slam_toolbox/srv/_merge_maps_s.c.o[0m
[9.185s] [ 68%] [32mBuilding C object CMakeFiles/slam_toolbox__rosidl_generator_py.dir/rosidl_generator_py/slam_toolbox/srv/_loop_closure_s.c.o[0m
[9.186s] [ 69%] [32mBuilding C object CMakeFiles/slam_toolbox__rosidl_generator_py.dir/rosidl_generator_py/slam_toolbox/srv/_add_submap_s.c.o[0m
[9.290s] [ 69%] [32mBuilding C object CMakeFiles/slam_toolbox__rosidl_generator_py.dir/rosidl_generator_py/slam_toolbox/srv/_deserialize_pose_graph_s.c.o[0m
[9.291s] [ 70%] [32mBuilding C object CMakeFiles/slam_toolbox__rosidl_generator_py.dir/rosidl_generator_py/slam_toolbox/srv/_serialize_pose_graph_s.c.o[0m
[9.397s] [ 71%] [32m[1mLinking C shared library rosidl_generator_py/slam_toolbox/libslam_toolbox__rosidl_generator_py.so[0m
[9.431s] [ 71%] Built target slam_toolbox__rosidl_generator_py
[9.446s] [ 73%] [32mBuilding C object CMakeFiles/slam_toolbox__rosidl_typesupport_introspection_c__pyext.dir/rosidl_generator_py/slam_toolbox/_slam_toolbox_s.ep.rosidl_typesupport_introspection_c.c.o[0m
[9.447s] [ 73%] [32mBuilding C object CMakeFiles/slam_toolbox__rosidl_typesupport_c__pyext.dir/rosidl_generator_py/slam_toolbox/_slam_toolbox_s.ep.rosidl_typesupport_c.c.o[0m
[9.448s] [ 74%] [32mBuilding C object CMakeFiles/slam_toolbox__rosidl_typesupport_fastrtps_c__pyext.dir/rosidl_generator_py/slam_toolbox/_slam_toolbox_s.ep.rosidl_typesupport_fastrtps_c.c.o[0m
[9.731s] [ 76%] [32m[1mLinking C shared library rosidl_generator_py/slam_toolbox/slam_toolbox_s__rosidl_typesupport_c.cpython-310-x86_64-linux-gnu.so[0m
[9.731s] [ 76%] [32m[1mLinking C shared library rosidl_generator_py/slam_toolbox/slam_toolbox_s__rosidl_typesupport_introspection_c.cpython-310-x86_64-linux-gnu.so[0m
[9.732s] [ 76%] [32m[1mLinking C shared library rosidl_generator_py/slam_toolbox/slam_toolbox_s__rosidl_typesupport_fastrtps_c.cpython-310-x86_64-linux-gnu.so[0m
[9.768s] [ 76%] Built target slam_toolbox__rosidl_typesupport_fastrtps_c__pyext
[9.768s] [ 76%] Built target slam_toolbox__rosidl_typesupport_introspection_c__pyext
[9.772s] [ 76%] Built target slam_toolbox__rosidl_typesupport_c__pyext
[19.596s] [ 77%] [32m[1mLinking CXX shared library libkartoSlamToolbox.so[0m
[19.862s] [ 77%] Built target kartoSlamToolbox
[19.877s] [ 81%] [32mBuilding CXX object CMakeFiles/ceres_solver_plugin.dir/solvers/ceres_solver.cpp.o[0m
[19.877s] [ 81%] [32mBuilding CXX object CMakeFiles/toolbox_common.dir/src/loop_closure_assistant.cpp.o[0m
[19.877s] [ 81%] [32mBuilding CXX object CMakeFiles/toolbox_common.dir/src/slam_toolbox_common.cpp.o[0m
[19.877s] [ 81%] [32mBuilding CXX object CMakeFiles/toolbox_common.dir/src/laser_utils.cpp.o[0m
[19.877s] [ 81%] [32mBuilding CXX object CMakeFiles/toolbox_common.dir/src/map_saver.cpp.o[0m
[19.877s] [ 82%] [32mBuilding CXX object CMakeFiles/toolbox_common.dir/src/slam_mapper.cpp.o[0m
[24.061s] [ 82%] [32m[1mLinking CXX shared library libSlamToolboxPlugin.so[0m
[25.596s] [ 82%] Built target SlamToolboxPlugin
[32.376s] [ 83%] [32m[1mLinking CXX shared library libceres_solver_plugin.so[0m
[32.670s] [ 83%] Built target ceres_solver_plugin
[46.323s] [ 84%] [32m[1mLinking CXX shared library libtoolbox_common.so[0m
[46.746s] [ 84%] Built target toolbox_common
[46.761s] [ 85%] [32mBuilding CXX object CMakeFiles/localization_slam_toolbox.dir/src/slam_toolbox_localization.cpp.o[0m
[46.761s] [ 85%] [32mBuilding CXX object CMakeFiles/async_slam_toolbox.dir/src/slam_toolbox_async.cpp.o[0m
[46.761s] [ 88%] [32mBuilding CXX object CMakeFiles/sync_slam_toolbox.dir/src/slam_toolbox_sync.cpp.o[0m
[46.761s] [ 88%] [32mBuilding CXX object CMakeFiles/merge_maps_kinematic.dir/src/merge_maps_kinematic.cpp.o[0m
[46.761s] [ 88%] [32mBuilding CXX object CMakeFiles/lifelong_slam_toolbox.dir/src/experimental/slam_toolbox_lifelong.cpp.o[0m
[57.149s] [ 89%] [32m[1mLinking CXX shared library libasync_slam_toolbox.so[0m
[57.446s] [ 89%] [32m[1mLinking CXX shared library liblifelong_slam_toolbox.so[0m
[57.561s] [ 89%] Built target async_slam_toolbox
[57.576s] [ 90%] [32mBuilding CXX object CMakeFiles/async_slam_toolbox_node.dir/src/slam_toolbox_async_node.cpp.o[0m
[57.849s] [ 90%] Built target lifelong_slam_toolbox
[57.863s] [ 91%] [32mBuilding CXX object CMakeFiles/lifelong_slam_toolbox_node.dir/src/experimental/slam_toolbox_lifelong_node.cpp.o[0m
[58.048s] [ 92%] [32m[1mLinking CXX shared library libsync_slam_toolbox.so[0m
[58.437s] [ 92%] Built target sync_slam_toolbox
[58.452s] [ 93%] [32mBuilding CXX object CMakeFiles/sync_slam_toolbox_node.dir/src/slam_toolbox_sync_node.cpp.o[0m
[60.643s] [ 94%] [32m[1mLinking CXX executable merge_maps_kinematic[0m
[61.107s] [ 94%] Built target merge_maps_kinematic
[63.408s] [ 95%] [32m[1mLinking CXX shared library liblocalization_slam_toolbox.so[0m
[63.818s] [ 95%] Built target localization_slam_toolbox
[63.832s] [ 96%] [32mBuilding CXX object CMakeFiles/localization_slam_toolbox_node.dir/src/slam_toolbox_localization_node.cpp.o[0m
[63.832s] [ 96%] [32mBuilding CXX object CMakeFiles/map_and_localization_slam_toolbox.dir/src/experimental/slam_toolbox_map_and_localization.cpp.o[0m
[67.802s] [ 96%] [32m[1mLinking CXX executable async_slam_toolbox_node[0m
[68.113s] [ 96%] Built target async_slam_toolbox_node
[68.227s] [ 97%] [32m[1mLinking CXX executable lifelong_slam_toolbox_node[0m
[68.523s] [ 97%] Built target lifelong_slam_toolbox_node
[68.748s] [ 97%] [32m[1mLinking CXX executable sync_slam_toolbox_node[0m
[69.042s] [ 97%] Built target sync_slam_toolbox_node
[73.567s] [ 98%] [32m[1mLinking CXX executable localization_slam_toolbox_node[0m
[73.834s] [ 98%] Built target localization_slam_toolbox_node
[79.664s] [ 99%] [32m[1mLinking CXX shared library libmap_and_localization_slam_toolbox.so[0m
[79.988s] [ 99%] Built target map_and_localization_slam_toolbox
[80.001s] [100%] [32mBuilding CXX object CMakeFiles/map_and_localization_slam_toolbox_node.dir/src/experimental/slam_toolbox_map_and_localization_node.cpp.o[0m
[88.825s] [100%] [32m[1mLinking CXX executable map_and_localization_slam_toolbox_node[0m
[89.073s] [100%] Built target map_and_localization_slam_toolbox_node
[89.083s] Invoked command in '/home/malik/ros2_ws/build/slam_toolbox' returned '0': CMAKE_PREFIX_PATH=/home/malik/ros2_ws/install/autodrive_nigel:/home/malik/ros2_ws/install/autodrive_f1tenth:/opt/ros/humble PS1=\[\e[38;5;81m\]\u@\h \[\e[38;5;226m\]\w \[\e[0m\]$ /usr/bin/cmake --build /home/malik/ros2_ws/build/slam_toolbox -- -j8 -l8
[89.089s] Invoking command in '/home/malik/ros2_ws/build/slam_toolbox': CMAKE_PREFIX_PATH=/home/malik/ros2_ws/install/autodrive_nigel:/home/malik/ros2_ws/install/autodrive_f1tenth:/opt/ros/humble PS1=\[\e[38;5;81m\]\u@\h \[\e[38;5;226m\]\w \[\e[0m\]$ /usr/bin/cmake --install /home/malik/ros2_ws/build/slam_toolbox
[89.094s] -- Install configuration: "Release"
[89.094s] -- Execute custom install script
[89.095s] -- Symlinking: /home/malik/ros2_ws/install/slam_toolbox/include//karto_sdk/Karto.h
[89.100s] -- Symlinking: /home/malik/ros2_ws/install/slam_toolbox/include//karto_sdk/Macros.h
[89.105s] -- Symlinking: /home/malik/ros2_ws/install/slam_toolbox/include//karto_sdk/Mapper.h
[89.110s] -- Symlinking: /home/malik/ros2_ws/install/slam_toolbox/include//karto_sdk/Math.h
[89.115s] -- Symlinking: /home/malik/ros2_ws/install/slam_toolbox/include//karto_sdk/Types.h
[89.119s] -- Symlinking: /home/malik/ros2_ws/install/slam_toolbox/include//karto_sdk/nanoflann.hpp
[89.124s] -- Symlinking: /home/malik/ros2_ws/install/slam_toolbox/include//karto_sdk/nanoflann_adaptors.h
[89.129s] -- Symlinking: /home/malik/ros2_ws/install/slam_toolbox/share/ament_index/resource_index/rosidl_interfaces/slam_toolbox
[89.135s] -- Symlinking: /home/malik/ros2_ws/install/slam_toolbox/include/slam_toolbox/slam_toolbox/msg/rosidl_generator_c__visibility_control.h
[89.140s] -- Symlinking: /home/malik/ros2_ws/install/slam_toolbox/include/slam_toolbox/slam_toolbox/srv/add_submap.h
[89.145s] -- Symlinking: /home/malik/ros2_ws/install/slam_toolbox/include/slam_toolbox/slam_toolbox/srv/clear.h
[89.150s] -- Symlinking: /home/malik/ros2_ws/install/slam_toolbox/include/slam_toolbox/slam_toolbox/srv/clear_queue.h
[89.156s] -- Symlinking: /home/malik/ros2_ws/install/slam_toolbox/include/slam_toolbox/slam_toolbox/srv/deserialize_pose_graph.h
[89.161s] -- Symlinking: /home/malik/ros2_ws/install/slam_toolbox/include/slam_toolbox/slam_toolbox/srv/detail/add_submap__functions.h
[89.166s] -- Symlinking: /home/malik/ros2_ws/install/slam_toolbox/include/slam_toolbox/slam_toolbox/srv/detail/add_submap__struct.h
[89.171s] -- Symlinking: /home/malik/ros2_ws/install/slam_toolbox/include/slam_toolbox/slam_toolbox/srv/detail/add_submap__type_support.h
[89.176s] -- Symlinking: /home/malik/ros2_ws/install/slam_toolbox/include/slam_toolbox/slam_toolbox/srv/detail/clear__functions.h
[89.181s] -- Symlinking: /home/malik/ros2_ws/install/slam_toolbox/include/slam_toolbox/slam_toolbox/srv/detail/clear__struct.h
[89.186s] -- Symlinking: /home/malik/ros2_ws/install/slam_toolbox/include/slam_toolbox/slam_toolbox/srv/detail/clear__type_support.h
[89.190s] -- Symlinking: /home/malik/ros2_ws/install/slam_toolbox/include/slam_toolbox/slam_toolbox/srv/detail/clear_queue__functions.h
[89.195s] -- Symlinking: /home/malik/ros2_ws/install/slam_toolbox/include/slam_toolbox/slam_toolbox/srv/detail/clear_queue__struct.h
[89.200s] -- Symlinking: /home/malik/ros2_ws/install/slam_toolbox/include/slam_toolbox/slam_toolbox/srv/detail/clear_queue__type_support.h
[89.205s] -- Symlinking: /home/malik/ros2_ws/install/slam_toolbox/include/slam_toolbox/slam_toolbox/srv/detail/deserialize_pose_graph__functions.h
[89.210s] -- Symlinking: /home/malik/ros2_ws/install/slam_toolbox/include/slam_toolbox/slam_toolbox/srv/detail/deserialize_pose_graph__struct.h
[89.215s] -- Symlinking: /home/malik/ros2_ws/install/slam_toolbox/include/slam_toolbox/slam_toolbox/srv/detail/deserialize_pose_graph__type_support.h
[89.220s] -- Symlinking: /home/malik/ros2_ws/install/slam_toolbox/include/slam_toolbox/slam_toolbox/srv/detail/loop_closure__functions.h
[89.225s] -- Symlinking: /home/malik/ros2_ws/install/slam_toolbox/include/slam_toolbox/slam_toolbox/srv/detail/loop_closure__struct.h
[89.230s] -- Symlinking: /home/malik/ros2_ws/install/slam_toolbox/include/slam_toolbox/slam_toolbox/srv/detail/loop_closure__type_support.h
[89.235s] -- Symlinking: /home/malik/ros2_ws/install/slam_toolbox/include/slam_toolbox/slam_toolbox/srv/detail/merge_maps__functions.h
[89.240s] -- Symlinking: /home/malik/ros2_ws/install/slam_toolbox/include/slam_toolbox/slam_toolbox/srv/detail/merge_maps__struct.h
[89.245s] -- Symlinking: /home/malik/ros2_ws/install/slam_toolbox/include/slam_toolbox/slam_toolbox/srv/detail/merge_maps__type_support.h
[89.250s] -- Symlinking: /home/malik/ros2_ws/install/slam_toolbox/include/slam_toolbox/slam_toolbox/srv/detail/pause__functions.h
[89.255s] -- Symlinking: /home/malik/ros2_ws/install/slam_toolbox/include/slam_toolbox/slam_toolbox/srv/detail/pause__struct.h
[89.261s] -- Symlinking: /home/malik/ros2_ws/install/slam_toolbox/include/slam_toolbox/slam_toolbox/srv/detail/pause__type_support.h
[89.266s] -- Symlinking: /home/malik/ros2_ws/install/slam_toolbox/include/slam_toolbox/slam_toolbox/srv/detail/save_map__functions.h
[89.272s] -- Symlinking: /home/malik/ros2_ws/install/slam_toolbox/include/slam_toolbox/slam_toolbox/srv/detail/save_map__struct.h
[89.277s] -- Symlinking: /home/malik/ros2_ws/install/slam_toolbox/include/slam_toolbox/slam_toolbox/srv/detail/save_map__type_support.h
[89.282s] -- Symlinking: /home/malik/ros2_ws/install/slam_toolbox/include/slam_toolbox/slam_toolbox/srv/detail/serialize_pose_graph__functions.h
[89.287s] -- Symlinking: /home/malik/ros2_ws/install/slam_toolbox/include/slam_toolbox/slam_toolbox/srv/detail/serialize_pose_graph__struct.h
[89.293s] -- Symlinking: /home/malik/ros2_ws/install/slam_toolbox/include/slam_toolbox/slam_toolbox/srv/detail/serialize_pose_graph__type_support.h
[89.298s] -- Symlinking: /home/malik/ros2_ws/install/slam_toolbox/include/slam_toolbox/slam_toolbox/srv/detail/toggle_interactive__functions.h
[89.303s] -- Symlinking: /home/malik/ros2_ws/install/slam_toolbox/include/slam_toolbox/slam_toolbox/srv/detail/toggle_interactive__struct.h
[89.308s] -- Symlinking: /home/malik/ros2_ws/install/slam_toolbox/include/slam_toolbox/slam_toolbox/srv/detail/toggle_interactive__type_support.h
[89.313s] -- Symlinking: /home/malik/ros2_ws/install/slam_toolbox/include/slam_toolbox/slam_toolbox/srv/loop_closure.h
[89.319s] -- Symlinking: /home/malik/ros2_ws/install/slam_toolbox/include/slam_toolbox/slam_toolbox/srv/merge_maps.h
[89.324s] -- Symlinking: /home/malik/ros2_ws/install/slam_toolbox/include/slam_toolbox/slam_toolbox/srv/pause.h
[89.329s] -- Symlinking: /home/malik/ros2_ws/install/slam_toolbox/include/slam_toolbox/slam_toolbox/srv/save_map.h
[89.334s] -- Symlinking: /home/malik/ros2_ws/install/slam_toolbox/include/slam_toolbox/slam_toolbox/srv/serialize_pose_graph.h
[89.339s] -- Symlinking: /home/malik/ros2_ws/install/slam_toolbox/include/slam_toolbox/slam_toolbox/srv/toggle_interactive.h
[89.344s] -- Symlinking: /home/malik/ros2_ws/install/slam_toolbox/share/slam_toolbox/environment/library_path.sh
[89.350s] -- Symlinking: /home/malik/ros2_ws/install/slam_toolbox/share/slam_toolbox/environment/library_path.dsv
[89.357s] -- Symlinking: /home/malik/ros2_ws/install/slam_toolbox/include/slam_toolbox/slam_toolbox/msg/rosidl_typesupport_fastrtps_c__visibility_control.h
[89.363s] -- Symlinking: /home/malik/ros2_ws/install/slam_toolbox/include/slam_toolbox/slam_toolbox/srv/detail/add_submap__rosidl_typesupport_fastrtps_c.h
[89.368s] -- Symlinking: /home/malik/ros2_ws/install/slam_toolbox/include/slam_toolbox/slam_toolbox/srv/detail/clear__rosidl_typesupport_fastrtps_c.h
[89.373s] -- Symlinking: /home/malik/ros2_ws/install/slam_toolbox/include/slam_toolbox/slam_toolbox/srv/detail/clear_queue__rosidl_typesupport_fastrtps_c.h
[89.378s] -- Symlinking: /home/malik/ros2_ws/install/slam_toolbox/include/slam_toolbox/slam_toolbox/srv/detail/deserialize_pose_graph__rosidl_typesupport_fastrtps_c.h
[89.383s] -- Symlinking: /home/malik/ros2_ws/install/slam_toolbox/include/slam_toolbox/slam_toolbox/srv/detail/loop_closure__rosidl_typesupport_fastrtps_c.h
[89.389s] -- Symlinking: /home/malik/ros2_ws/install/slam_toolbox/include/slam_toolbox/slam_toolbox/srv/detail/merge_maps__rosidl_typesupport_fastrtps_c.h
[89.394s] -- Symlinking: /home/malik/ros2_ws/install/slam_toolbox/include/slam_toolbox/slam_toolbox/srv/detail/pause__rosidl_typesupport_fastrtps_c.h
[89.399s] -- Symlinking: /home/malik/ros2_ws/install/slam_toolbox/include/slam_toolbox/slam_toolbox/srv/detail/save_map__rosidl_typesupport_fastrtps_c.h
[89.404s] -- Symlinking: /home/malik/ros2_ws/install/slam_toolbox/include/slam_toolbox/slam_toolbox/srv/detail/serialize_pose_graph__rosidl_typesupport_fastrtps_c.h
[89.409s] -- Symlinking: /home/malik/ros2_ws/install/slam_toolbox/include/slam_toolbox/slam_toolbox/srv/detail/toggle_interactive__rosidl_typesupport_fastrtps_c.h
[89.415s] -- Symlinking: /home/malik/ros2_ws/install/slam_toolbox/include/slam_toolbox/slam_toolbox/msg/rosidl_generator_cpp__visibility_control.hpp
[89.420s] -- Symlinking: /home/malik/ros2_ws/install/slam_toolbox/include/slam_toolbox/slam_toolbox/srv/add_submap.hpp
[89.425s] -- Symlinking: /home/malik/ros2_ws/install/slam_toolbox/include/slam_toolbox/slam_toolbox/srv/clear.hpp
[89.431s] -- Symlinking: /home/malik/ros2_ws/install/slam_toolbox/include/slam_toolbox/slam_toolbox/srv/clear_queue.hpp
[89.436s] -- Symlinking: /home/malik/ros2_ws/install/slam_toolbox/include/slam_toolbox/slam_toolbox/srv/deserialize_pose_graph.hpp
[89.441s] -- Symlinking: /home/malik/ros2_ws/install/slam_toolbox/include/slam_toolbox/slam_toolbox/srv/detail/add_submap__builder.hpp
[89.446s] -- Symlinking: /home/malik/ros2_ws/install/slam_toolbox/include/slam_toolbox/slam_toolbox/srv/detail/add_submap__struct.hpp
[89.452s] -- Symlinking: /home/malik/ros2_ws/install/slam_toolbox/include/slam_toolbox/slam_toolbox/srv/detail/add_submap__traits.hpp
[89.457s] -- Symlinking: /home/malik/ros2_ws/install/slam_toolbox/include/slam_toolbox/slam_toolbox/srv/detail/add_submap__type_support.hpp
[89.462s] -- Symlinking: /home/malik/ros2_ws/install/slam_toolbox/include/slam_toolbox/slam_toolbox/srv/detail/clear__builder.hpp
[89.468s] -- Symlinking: /home/malik/ros2_ws/install/slam_toolbox/include/slam_toolbox/slam_toolbox/srv/detail/clear__struct.hpp
[89.473s] -- Symlinking: /home/malik/ros2_ws/install/slam_toolbox/include/slam_toolbox/slam_toolbox/srv/detail/clear__traits.hpp
[89.479s] -- Symlinking: /home/malik/ros2_ws/install/slam_toolbox/include/slam_toolbox/slam_toolbox/srv/detail/clear__type_support.hpp
[89.484s] -- Symlinking: /home/malik/ros2_ws/install/slam_toolbox/include/slam_toolbox/slam_toolbox/srv/detail/clear_queue__builder.hpp
[89.490s] -- Symlinking: /home/malik/ros2_ws/install/slam_toolbox/include/slam_toolbox/slam_toolbox/srv/detail/clear_queue__struct.hpp
[89.496s] -- Symlinking: /home/malik/ros2_ws/install/slam_toolbox/include/slam_toolbox/slam_toolbox/srv/detail/clear_queue__traits.hpp
[89.502s] -- Symlinking: /home/malik/ros2_ws/install/slam_toolbox/include/slam_toolbox/slam_toolbox/srv/detail/clear_queue__type_support.hpp
[89.507s] -- Symlinking: /home/malik/ros2_ws/install/slam_toolbox/include/slam_toolbox/slam_toolbox/srv/detail/deserialize_pose_graph__builder.hpp
[89.512s] -- Symlinking: /home/malik/ros2_ws/install/slam_toolbox/include/slam_toolbox/slam_toolbox/srv/detail/deserialize_pose_graph__struct.hpp
[89.518s] -- Symlinking: /home/malik/ros2_ws/install/slam_toolbox/include/slam_toolbox/slam_toolbox/srv/detail/deserialize_pose_graph__traits.hpp
[89.523s] -- Symlinking: /home/malik/ros2_ws/install/slam_toolbox/include/slam_toolbox/slam_toolbox/srv/detail/deserialize_pose_graph__type_support.hpp
[89.529s] -- Symlinking: /home/malik/ros2_ws/install/slam_toolbox/include/slam_toolbox/slam_toolbox/srv/detail/loop_closure__builder.hpp
[89.535s] -- Symlinking: /home/malik/ros2_ws/install/slam_toolbox/include/slam_toolbox/slam_toolbox/srv/detail/loop_closure__struct.hpp
[89.541s] -- Symlinking: /home/malik/ros2_ws/install/slam_toolbox/include/slam_toolbox/slam_toolbox/srv/detail/loop_closure__traits.hpp
[89.546s] -- Symlinking: /home/malik/ros2_ws/install/slam_toolbox/include/slam_toolbox/slam_toolbox/srv/detail/loop_closure__type_support.hpp
[89.553s] -- Symlinking: /home/malik/ros2_ws/install/slam_toolbox/include/slam_toolbox/slam_toolbox/srv/detail/merge_maps__builder.hpp
[89.559s] -- Symlinking: /home/malik/ros2_ws/install/slam_toolbox/include/slam_toolbox/slam_toolbox/srv/detail/merge_maps__struct.hpp
[89.565s] -- Symlinking: /home/malik/ros2_ws/install/slam_toolbox/include/slam_toolbox/slam_toolbox/srv/detail/merge_maps__traits.hpp
[89.570s] -- Symlinking: /home/malik/ros2_ws/install/slam_toolbox/include/slam_toolbox/slam_toolbox/srv/detail/merge_maps__type_support.hpp
[89.575s] -- Symlinking: /home/malik/ros2_ws/install/slam_toolbox/include/slam_toolbox/slam_toolbox/srv/detail/pause__builder.hpp
[89.581s] -- Symlinking: /home/malik/ros2_ws/install/slam_toolbox/include/slam_toolbox/slam_toolbox/srv/detail/pause__struct.hpp
[89.586s] -- Symlinking: /home/malik/ros2_ws/install/slam_toolbox/include/slam_toolbox/slam_toolbox/srv/detail/pause__traits.hpp
[89.592s] -- Symlinking: /home/malik/ros2_ws/install/slam_toolbox/include/slam_toolbox/slam_toolbox/srv/detail/pause__type_support.hpp
[89.597s] -- Symlinking: /home/malik/ros2_ws/install/slam_toolbox/include/slam_toolbox/slam_toolbox/srv/detail/save_map__builder.hpp
[89.603s] -- Symlinking: /home/malik/ros2_ws/install/slam_toolbox/include/slam_toolbox/slam_toolbox/srv/detail/save_map__struct.hpp
[89.608s] -- Symlinking: /home/malik/ros2_ws/install/slam_toolbox/include/slam_toolbox/slam_toolbox/srv/detail/save_map__traits.hpp
[89.615s] -- Symlinking: /home/malik/ros2_ws/install/slam_toolbox/include/slam_toolbox/slam_toolbox/srv/detail/save_map__type_support.hpp
[89.620s] -- Symlinking: /home/malik/ros2_ws/install/slam_toolbox/include/slam_toolbox/slam_toolbox/srv/detail/serialize_pose_graph__builder.hpp
[89.626s] -- Symlinking: /home/malik/ros2_ws/install/slam_toolbox/include/slam_toolbox/slam_toolbox/srv/detail/serialize_pose_graph__struct.hpp
[89.631s] -- Symlinking: /home/malik/ros2_ws/install/slam_toolbox/include/slam_toolbox/slam_toolbox/srv/detail/serialize_pose_graph__traits.hpp
[89.637s] -- Symlinking: /home/malik/ros2_ws/install/slam_toolbox/include/slam_toolbox/slam_toolbox/srv/detail/serialize_pose_graph__type_support.hpp
[89.642s] -- Symlinking: /home/malik/ros2_ws/install/slam_toolbox/include/slam_toolbox/slam_toolbox/srv/detail/toggle_interactive__builder.hpp
[89.648s] -- Symlinking: /home/malik/ros2_ws/install/slam_toolbox/include/slam_toolbox/slam_toolbox/srv/detail/toggle_interactive__struct.hpp
[89.654s] -- Symlinking: /home/malik/ros2_ws/install/slam_toolbox/include/slam_toolbox/slam_toolbox/srv/detail/toggle_interactive__traits.hpp
[89.660s] -- Symlinking: /home/malik/ros2_ws/install/slam_toolbox/include/slam_toolbox/slam_toolbox/srv/detail/toggle_interactive__type_support.hpp
[89.665s] -- Symlinking: /home/malik/ros2_ws/install/slam_toolbox/include/slam_toolbox/slam_toolbox/srv/loop_closure.hpp
[89.671s] -- Symlinking: /home/malik/ros2_ws/install/slam_toolbox/include/slam_toolbox/slam_toolbox/srv/merge_maps.hpp
[89.677s] -- Symlinking: /home/malik/ros2_ws/install/slam_toolbox/include/slam_toolbox/slam_toolbox/srv/pause.hpp
[89.682s] -- Symlinking: /home/malik/ros2_ws/install/slam_toolbox/include/slam_toolbox/slam_toolbox/srv/save_map.hpp
[89.688s] -- Symlinking: /home/malik/ros2_ws/install/slam_toolbox/include/slam_toolbox/slam_toolbox/srv/serialize_pose_graph.hpp
[89.693s] -- Symlinking: /home/malik/ros2_ws/install/slam_toolbox/include/slam_toolbox/slam_toolbox/srv/toggle_interactive.hpp
[89.699s] -- Symlinking: /home/malik/ros2_ws/install/slam_toolbox/include/slam_toolbox/slam_toolbox/msg/rosidl_typesupport_fastrtps_cpp__visibility_control.h
[89.705s] -- Symlinking: /home/malik/ros2_ws/install/slam_toolbox/include/slam_toolbox/slam_toolbox/srv/detail/add_submap__rosidl_typesupport_fastrtps_cpp.hpp
[89.711s] -- Symlinking: /home/malik/ros2_ws/install/slam_toolbox/include/slam_toolbox/slam_toolbox/srv/detail/clear__rosidl_typesupport_fastrtps_cpp.hpp
[89.716s] -- Symlinking: /home/malik/ros2_ws/install/slam_toolbox/include/slam_toolbox/slam_toolbox/srv/detail/clear_queue__rosidl_typesupport_fastrtps_cpp.hpp
[89.722s] -- Symlinking: /home/malik/ros2_ws/install/slam_toolbox/include/slam_toolbox/slam_toolbox/srv/detail/deserialize_pose_graph__rosidl_typesupport_fastrtps_cpp.hpp
[89.727s] -- Symlinking: /home/malik/ros2_ws/install/slam_toolbox/include/slam_toolbox/slam_toolbox/srv/detail/loop_closure__rosidl_typesupport_fastrtps_cpp.hpp
[89.733s] -- Symlinking: /home/malik/ros2_ws/install/slam_toolbox/include/slam_toolbox/slam_toolbox/srv/detail/merge_maps__rosidl_typesupport_fastrtps_cpp.hpp
[89.738s] -- Symlinking: /home/malik/ros2_ws/install/slam_toolbox/include/slam_toolbox/slam_toolbox/srv/detail/pause__rosidl_typesupport_fastrtps_cpp.hpp
[89.744s] -- Symlinking: /home/malik/ros2_ws/install/slam_toolbox/include/slam_toolbox/slam_toolbox/srv/detail/save_map__rosidl_typesupport_fastrtps_cpp.hpp
[89.749s] -- Symlinking: /home/malik/ros2_ws/install/slam_toolbox/include/slam_toolbox/slam_toolbox/srv/detail/serialize_pose_graph__rosidl_typesupport_fastrtps_cpp.hpp
[89.755s] -- Symlinking: /home/malik/ros2_ws/install/slam_toolbox/include/slam_toolbox/slam_toolbox/srv/detail/toggle_interactive__rosidl_typesupport_fastrtps_cpp.hpp
[89.761s] -- Symlinking: /home/malik/ros2_ws/install/slam_toolbox/include/slam_toolbox/slam_toolbox/msg/rosidl_typesupport_introspection_c__visibility_control.h
[89.767s] -- Symlinking: /home/malik/ros2_ws/install/slam_toolbox/include/slam_toolbox/slam_toolbox/srv/detail/add_submap__rosidl_typesupport_introspection_c.h
[89.772s] -- Symlinking: /home/malik/ros2_ws/install/slam_toolbox/include/slam_toolbox/slam_toolbox/srv/detail/clear__rosidl_typesupport_introspection_c.h
[89.777s] -- Symlinking: /home/malik/ros2_ws/install/slam_toolbox/include/slam_toolbox/slam_toolbox/srv/detail/clear_queue__rosidl_typesupport_introspection_c.h
[89.782s] -- Symlinking: /home/malik/ros2_ws/install/slam_toolbox/include/slam_toolbox/slam_toolbox/srv/detail/deserialize_pose_graph__rosidl_typesupport_introspection_c.h
[89.787s] -- Symlinking: /home/malik/ros2_ws/install/slam_toolbox/include/slam_toolbox/slam_toolbox/srv/detail/loop_closure__rosidl_typesupport_introspection_c.h
[89.793s] -- Symlinking: /home/malik/ros2_ws/install/slam_toolbox/include/slam_toolbox/slam_toolbox/srv/detail/merge_maps__rosidl_typesupport_introspection_c.h
[89.799s] -- Symlinking: /home/malik/ros2_ws/install/slam_toolbox/include/slam_toolbox/slam_toolbox/srv/detail/pause__rosidl_typesupport_introspection_c.h
[89.804s] -- Symlinking: /home/malik/ros2_ws/install/slam_toolbox/include/slam_toolbox/slam_toolbox/srv/detail/save_map__rosidl_typesupport_introspection_c.h
[89.810s] -- Symlinking: /home/malik/ros2_ws/install/slam_toolbox/include/slam_toolbox/slam_toolbox/srv/detail/serialize_pose_graph__rosidl_typesupport_introspection_c.h
[89.816s] -- Symlinking: /home/malik/ros2_ws/install/slam_toolbox/include/slam_toolbox/slam_toolbox/srv/detail/toggle_interactive__rosidl_typesupport_introspection_c.h
[89.823s] -- Symlinking: /home/malik/ros2_ws/install/slam_toolbox/include/slam_toolbox/slam_toolbox/srv/detail/add_submap__rosidl_typesupport_introspection_cpp.hpp
[89.829s] -- Symlinking: /home/malik/ros2_ws/install/slam_toolbox/include/slam_toolbox/slam_toolbox/srv/detail/clear__rosidl_typesupport_introspection_cpp.hpp
[89.836s] -- Symlinking: /home/malik/ros2_ws/install/slam_toolbox/include/slam_toolbox/slam_toolbox/srv/detail/clear_queue__rosidl_typesupport_introspection_cpp.hpp
[89.843s] -- Symlinking: /home/malik/ros2_ws/install/slam_toolbox/include/slam_toolbox/slam_toolbox/srv/detail/deserialize_pose_graph__rosidl_typesupport_introspection_cpp.hpp
[89.849s] -- Symlinking: /home/malik/ros2_ws/install/slam_toolbox/include/slam_toolbox/slam_toolbox/srv/detail/loop_closure__rosidl_typesupport_introspection_cpp.hpp
[89.856s] -- Symlinking: /home/malik/ros2_ws/install/slam_toolbox/include/slam_toolbox/slam_toolbox/srv/detail/merge_maps__rosidl_typesupport_introspection_cpp.hpp
[89.863s] -- Symlinking: /home/malik/ros2_ws/install/slam_toolbox/include/slam_toolbox/slam_toolbox/srv/detail/pause__rosidl_typesupport_introspection_cpp.hpp
[89.870s] -- Symlinking: /home/malik/ros2_ws/install/slam_toolbox/include/slam_toolbox/slam_toolbox/srv/detail/save_map__rosidl_typesupport_introspection_cpp.hpp
[89.877s] -- Symlinking: /home/malik/ros2_ws/install/slam_toolbox/include/slam_toolbox/slam_toolbox/srv/detail/serialize_pose_graph__rosidl_typesupport_introspection_cpp.hpp
[89.883s] -- Symlinking: /home/malik/ros2_ws/install/slam_toolbox/include/slam_toolbox/slam_toolbox/srv/detail/toggle_interactive__rosidl_typesupport_introspection_cpp.hpp
[89.890s] -- Symlinking: /home/malik/ros2_ws/install/slam_toolbox/share/slam_toolbox/environment/pythonpath.sh
[89.897s] -- Symlinking: /home/malik/ros2_ws/install/slam_toolbox/share/slam_toolbox/environment/pythonpath.dsv
[89.904s] -- Symlinking: /home/malik/ros2_ws/install/slam_toolbox/local/lib/python3.10/dist-packages/slam_toolbox-2.6.10-py3.10.egg-info/PKG-INFO
[89.910s] -- Symlinking: /home/malik/ros2_ws/install/slam_toolbox/local/lib/python3.10/dist-packages/slam_toolbox-2.6.10-py3.10.egg-info/SOURCES.txt
[89.917s] -- Symlinking: /home/malik/ros2_ws/install/slam_toolbox/local/lib/python3.10/dist-packages/slam_toolbox-2.6.10-py3.10.egg-info/dependency_links.txt
[89.923s] -- Symlinking: /home/malik/ros2_ws/install/slam_toolbox/local/lib/python3.10/dist-packages/slam_toolbox-2.6.10-py3.10.egg-info/top_level.txt
[89.931s] -- Symlinking: /home/malik/ros2_ws/install/slam_toolbox/local/lib/python3.10/dist-packages/slam_toolbox/__init__.py
[89.937s] -- Symlinking: /home/malik/ros2_ws/install/slam_toolbox/local/lib/python3.10/dist-packages/slam_toolbox/_slam_toolbox_s.ep.rosidl_typesupport_c.c
[89.944s] -- Symlinking: /home/malik/ros2_ws/install/slam_toolbox/local/lib/python3.10/dist-packages/slam_toolbox/_slam_toolbox_s.ep.rosidl_typesupport_fastrtps_c.c
[89.951s] -- Symlinking: /home/malik/ros2_ws/install/slam_toolbox/local/lib/python3.10/dist-packages/slam_toolbox/_slam_toolbox_s.ep.rosidl_typesupport_introspection_c.c
[89.957s] -- Symlinking: /home/malik/ros2_ws/install/slam_toolbox/local/lib/python3.10/dist-packages/slam_toolbox/libslam_toolbox__rosidl_generator_py.so
[89.964s] -- Symlinking: /home/malik/ros2_ws/install/slam_toolbox/local/lib/python3.10/dist-packages/slam_toolbox/slam_toolbox_s__rosidl_typesupport_c.cpython-310-x86_64-linux-gnu.so
[89.971s] -- Symlinking: /home/malik/ros2_ws/install/slam_toolbox/local/lib/python3.10/dist-packages/slam_toolbox/slam_toolbox_s__rosidl_typesupport_fastrtps_c.cpython-310-x86_64-linux-gnu.so
[89.978s] -- Symlinking: /home/malik/ros2_ws/install/slam_toolbox/local/lib/python3.10/dist-packages/slam_toolbox/slam_toolbox_s__rosidl_typesupport_introspection_c.cpython-310-x86_64-linux-gnu.so
[89.984s] -- Symlinking: /home/malik/ros2_ws/install/slam_toolbox/local/lib/python3.10/dist-packages/slam_toolbox/srv/__init__.py
[89.991s] -- Symlinking: /home/malik/ros2_ws/install/slam_toolbox/local/lib/python3.10/dist-packages/slam_toolbox/srv/_add_submap.py
[89.997s] -- Symlinking: /home/malik/ros2_ws/install/slam_toolbox/local/lib/python3.10/dist-packages/slam_toolbox/srv/_add_submap_s.c
[90.004s] -- Symlinking: /home/malik/ros2_ws/install/slam_toolbox/local/lib/python3.10/dist-packages/slam_toolbox/srv/_clear.py
[90.010s] -- Symlinking: /home/malik/ros2_ws/install/slam_toolbox/local/lib/python3.10/dist-packages/slam_toolbox/srv/_clear_queue.py
[90.017s] -- Symlinking: /home/malik/ros2_ws/install/slam_toolbox/local/lib/python3.10/dist-packages/slam_toolbox/srv/_clear_queue_s.c
[90.024s] -- Symlinking: /home/malik/ros2_ws/install/slam_toolbox/local/lib/python3.10/dist-packages/slam_toolbox/srv/_clear_s.c
[90.030s] -- Symlinking: /home/malik/ros2_ws/install/slam_toolbox/local/lib/python3.10/dist-packages/slam_toolbox/srv/_deserialize_pose_graph.py
[90.036s] -- Symlinking: /home/malik/ros2_ws/install/slam_toolbox/local/lib/python3.10/dist-packages/slam_toolbox/srv/_deserialize_pose_graph_s.c
[90.043s] -- Symlinking: /home/malik/ros2_ws/install/slam_toolbox/local/lib/python3.10/dist-packages/slam_toolbox/srv/_loop_closure.py
[90.049s] -- Symlinking: /home/malik/ros2_ws/install/slam_toolbox/local/lib/python3.10/dist-packages/slam_toolbox/srv/_loop_closure_s.c
[90.056s] -- Symlinking: /home/malik/ros2_ws/install/slam_toolbox/local/lib/python3.10/dist-packages/slam_toolbox/srv/_merge_maps.py
[90.063s] -- Symlinking: /home/malik/ros2_ws/install/slam_toolbox/local/lib/python3.10/dist-packages/slam_toolbox/srv/_merge_maps_s.c
[90.070s] -- Symlinking: /home/malik/ros2_ws/install/slam_toolbox/local/lib/python3.10/dist-packages/slam_toolbox/srv/_pause.py
[90.076s] -- Symlinking: /home/malik/ros2_ws/install/slam_toolbox/local/lib/python3.10/dist-packages/slam_toolbox/srv/_pause_s.c
[90.084s] -- Symlinking: /home/malik/ros2_ws/install/slam_toolbox/local/lib/python3.10/dist-packages/slam_toolbox/srv/_save_map.py
[90.091s] -- Symlinking: /home/malik/ros2_ws/install/slam_toolbox/local/lib/python3.10/dist-packages/slam_toolbox/srv/_save_map_s.c
[90.097s] -- Symlinking: /home/malik/ros2_ws/install/slam_toolbox/local/lib/python3.10/dist-packages/slam_toolbox/srv/_serialize_pose_graph.py
[90.104s] -- Symlinking: /home/malik/ros2_ws/install/slam_toolbox/local/lib/python3.10/dist-packages/slam_toolbox/srv/_serialize_pose_graph_s.c
[90.111s] -- Symlinking: /home/malik/ros2_ws/install/slam_toolbox/local/lib/python3.10/dist-packages/slam_toolbox/srv/_toggle_interactive.py
[90.120s] -- Symlinking: /home/malik/ros2_ws/install/slam_toolbox/local/lib/python3.10/dist-packages/slam_toolbox/srv/_toggle_interactive_s.c
[90.128s] -- Up-to-date symlink: /home/malik/ros2_ws/install/slam_toolbox/local/lib/python3.10/dist-packages/slam_toolbox/slam_toolbox_s__rosidl_typesupport_fastrtps_c.cpython-310-x86_64-linux-gnu.so
[90.128s] -- Up-to-date symlink: /home/malik/ros2_ws/install/slam_toolbox/local/lib/python3.10/dist-packages/slam_toolbox/slam_toolbox_s__rosidl_typesupport_introspection_c.cpython-310-x86_64-linux-gnu.so
[90.129s] -- Up-to-date symlink: /home/malik/ros2_ws/install/slam_toolbox/local/lib/python3.10/dist-packages/slam_toolbox/slam_toolbox_s__rosidl_typesupport_c.cpython-310-x86_64-linux-gnu.so
[90.129s] -- Symlinking: /home/malik/ros2_ws/install/slam_toolbox/share/slam_toolbox/srv/Pause.idl
[90.137s] -- Symlinking: /home/malik/ros2_ws/install/slam_toolbox/share/slam_toolbox/srv/ClearQueue.idl
[90.145s] -- Symlinking: /home/malik/ros2_ws/install/slam_toolbox/share/slam_toolbox/srv/ToggleInteractive.idl
[90.153s] -- Symlinking: /home/malik/ros2_ws/install/slam_toolbox/share/slam_toolbox/srv/Clear.idl
[90.161s] -- Symlinking: /home/malik/ros2_ws/install/slam_toolbox/share/slam_toolbox/srv/SaveMap.idl
[90.169s] -- Symlinking: /home/malik/ros2_ws/install/slam_toolbox/share/slam_toolbox/srv/LoopClosure.idl
[90.177s] -- Symlinking: /home/malik/ros2_ws/install/slam_toolbox/share/slam_toolbox/srv/MergeMaps.idl
[90.185s] -- Symlinking: /home/malik/ros2_ws/install/slam_toolbox/share/slam_toolbox/srv/AddSubmap.idl
[90.193s] -- Symlinking: /home/malik/ros2_ws/install/slam_toolbox/share/slam_toolbox/srv/DeserializePoseGraph.idl
[90.201s] -- Symlinking: /home/malik/ros2_ws/install/slam_toolbox/share/slam_toolbox/srv/SerializePoseGraph.idl
[90.209s] -- Symlinking: /home/malik/ros2_ws/install/slam_toolbox/share/slam_toolbox/srv/Pause.srv
[90.217s] -- Symlinking: /home/malik/ros2_ws/install/slam_toolbox/share/slam_toolbox/srv/Pause_Request.msg
[90.225s] -- Symlinking: /home/malik/ros2_ws/install/slam_toolbox/share/slam_toolbox/srv/Pause_Response.msg
[90.232s] -- Symlinking: /home/malik/ros2_ws/install/slam_toolbox/share/slam_toolbox/srv/ClearQueue.srv
[90.237s] -- Symlinking: /home/malik/ros2_ws/install/slam_toolbox/share/slam_toolbox/srv/ClearQueue_Request.msg
[90.242s] -- Symlinking: /home/malik/ros2_ws/install/slam_toolbox/share/slam_toolbox/srv/ClearQueue_Response.msg
[90.248s] -- Symlinking: /home/malik/ros2_ws/install/slam_toolbox/share/slam_toolbox/srv/ToggleInteractive.srv
[90.253s] -- Symlinking: /home/malik/ros2_ws/install/slam_toolbox/share/slam_toolbox/srv/ToggleInteractive_Request.msg
[90.259s] -- Symlinking: /home/malik/ros2_ws/install/slam_toolbox/share/slam_toolbox/srv/ToggleInteractive_Response.msg
[90.264s] -- Symlinking: /home/malik/ros2_ws/install/slam_toolbox/share/slam_toolbox/srv/Clear.srv
[90.270s] -- Symlinking: /home/malik/ros2_ws/install/slam_toolbox/share/slam_toolbox/srv/Clear_Request.msg
[90.276s] -- Symlinking: /home/malik/ros2_ws/install/slam_toolbox/share/slam_toolbox/srv/Clear_Response.msg
[90.283s] -- Symlinking: /home/malik/ros2_ws/install/slam_toolbox/share/slam_toolbox/srv/SaveMap.srv
[90.291s] -- Symlinking: /home/malik/ros2_ws/install/slam_toolbox/share/slam_toolbox/srv/SaveMap_Request.msg
[90.298s] -- Symlinking: /home/malik/ros2_ws/install/slam_toolbox/share/slam_toolbox/srv/SaveMap_Response.msg
[90.305s] -- Symlinking: /home/malik/ros2_ws/install/slam_toolbox/share/slam_toolbox/srv/LoopClosure.srv
[90.312s] -- Symlinking: /home/malik/ros2_ws/install/slam_toolbox/share/slam_toolbox/srv/LoopClosure_Request.msg
[90.319s] -- Symlinking: /home/malik/ros2_ws/install/slam_toolbox/share/slam_toolbox/srv/LoopClosure_Response.msg
[90.326s] -- Symlinking: /home/malik/ros2_ws/install/slam_toolbox/share/slam_toolbox/srv/MergeMaps.srv
[90.333s] -- Symlinking: /home/malik/ros2_ws/install/slam_toolbox/share/slam_toolbox/srv/MergeMaps_Request.msg
[90.340s] -- Symlinking: /home/malik/ros2_ws/install/slam_toolbox/share/slam_toolbox/srv/MergeMaps_Response.msg
[90.347s] -- Symlinking: /home/malik/ros2_ws/install/slam_toolbox/share/slam_toolbox/srv/AddSubmap.srv
[90.354s] -- Symlinking: /home/malik/ros2_ws/install/slam_toolbox/share/slam_toolbox/srv/AddSubmap_Request.msg
[90.361s] -- Symlinking: /home/malik/ros2_ws/install/slam_toolbox/share/slam_toolbox/srv/AddSubmap_Response.msg
[90.368s] -- Symlinking: /home/malik/ros2_ws/install/slam_toolbox/share/slam_toolbox/srv/DeserializePoseGraph.srv
[90.376s] -- Symlinking: /home/malik/ros2_ws/install/slam_toolbox/share/slam_toolbox/srv/DeserializePoseGraph_Request.msg
[90.382s] -- Symlinking: /home/malik/ros2_ws/install/slam_toolbox/share/slam_toolbox/srv/DeserializePoseGraph_Response.msg
[90.390s] -- Symlinking: /home/malik/ros2_ws/install/slam_toolbox/share/slam_toolbox/srv/SerializePoseGraph.srv
[90.397s] -- Symlinking: /home/malik/ros2_ws/install/slam_toolbox/share/slam_toolbox/srv/SerializePoseGraph_Request.msg
[90.404s] -- Symlinking: /home/malik/ros2_ws/install/slam_toolbox/share/slam_toolbox/srv/SerializePoseGraph_Response.msg
[90.411s] -- Symlinking: /home/malik/ros2_ws/install/slam_toolbox/share/slam_toolbox//rviz_plugins.xml
[90.418s] -- Symlinking: /home/malik/ros2_ws/install/slam_toolbox/share/slam_toolbox//solver_plugins.xml
[90.425s] -- Symlinking: /home/malik/ros2_ws/install/slam_toolbox/lib/slam_toolbox/async_slam_toolbox_node
[90.432s] -- Symlinking: /home/malik/ros2_ws/install/slam_toolbox/lib/slam_toolbox/sync_slam_toolbox_node
[90.439s] -- Symlinking: /home/malik/ros2_ws/install/slam_toolbox/lib/slam_toolbox/localization_slam_toolbox_node
[90.446s] -- Symlinking: /home/malik/ros2_ws/install/slam_toolbox/lib/slam_toolbox/map_and_localization_slam_toolbox_node
[90.453s] -- Symlinking: /home/malik/ros2_ws/install/slam_toolbox/lib/slam_toolbox/merge_maps_kinematic
[90.460s] -- Symlinking: /home/malik/ros2_ws/install/slam_toolbox/lib/libtoolbox_common.so
[90.468s] -- Symlinking: /home/malik/ros2_ws/install/slam_toolbox/lib/libSlamToolboxPlugin.so
[90.475s] -- Symlinking: /home/malik/ros2_ws/install/slam_toolbox/lib/libceres_solver_plugin.so
[90.482s] -- Symlinking: /home/malik/ros2_ws/install/slam_toolbox/lib/libasync_slam_toolbox.so
[90.489s] -- Symlinking: /home/malik/ros2_ws/install/slam_toolbox/lib/libsync_slam_toolbox.so
[90.496s] -- Symlinking: /home/malik/ros2_ws/install/slam_toolbox/lib/liblocalization_slam_toolbox.so
[90.503s] -- Symlinking: /home/malik/ros2_ws/install/slam_toolbox/lib/liblifelong_slam_toolbox.so
[90.508s] -- Symlinking: /home/malik/ros2_ws/install/slam_toolbox/lib/libmap_and_localization_slam_toolbox.so
[90.513s] -- Symlinking: /home/malik/ros2_ws/install/slam_toolbox/lib/libkartoSlamToolbox.so
[90.518s] -- Symlinking: /home/malik/ros2_ws/install/slam_toolbox/include/slam_toolbox/experimental/slam_toolbox_lifelong.hpp
[90.523s] -- Symlinking: /home/malik/ros2_ws/install/slam_toolbox/include/slam_toolbox/experimental/slam_toolbox_map_and_localization.hpp
[90.528s] -- Symlinking: /home/malik/ros2_ws/install/slam_toolbox/include/slam_toolbox/get_pose_helper.hpp
[90.533s] -- Symlinking: /home/malik/ros2_ws/install/slam_toolbox/include/slam_toolbox/laser_utils.hpp
[90.538s] -- Symlinking: /home/malik/ros2_ws/install/slam_toolbox/include/slam_toolbox/loop_closure_assistant.hpp
[90.543s] -- Symlinking: /home/malik/ros2_ws/install/slam_toolbox/include/slam_toolbox/map_saver.hpp
[90.548s] -- Symlinking: /home/malik/ros2_ws/install/slam_toolbox/include/slam_toolbox/merge_maps_kinematic.hpp
[90.553s] -- Symlinking: /home/malik/ros2_ws/install/slam_toolbox/include/slam_toolbox/serialization.hpp
[90.559s] -- Symlinking: /home/malik/ros2_ws/install/slam_toolbox/include/slam_toolbox/slam_mapper.hpp
[90.564s] -- Symlinking: /home/malik/ros2_ws/install/slam_toolbox/include/slam_toolbox/slam_toolbox_async.hpp
[90.570s] -- Symlinking: /home/malik/ros2_ws/install/slam_toolbox/include/slam_toolbox/slam_toolbox_common.hpp
[90.575s] -- Symlinking: /home/malik/ros2_ws/install/slam_toolbox/include/slam_toolbox/slam_toolbox_localization.hpp
[90.580s] -- Symlinking: /home/malik/ros2_ws/install/slam_toolbox/include/slam_toolbox/slam_toolbox_sync.hpp
[90.585s] -- Symlinking: /home/malik/ros2_ws/install/slam_toolbox/include/slam_toolbox/snap_utils.hpp
[90.590s] -- Symlinking: /home/malik/ros2_ws/install/slam_toolbox/include/slam_toolbox/toolbox_msgs.hpp
[90.596s] -- Symlinking: /home/malik/ros2_ws/install/slam_toolbox/include/slam_toolbox/toolbox_types.hpp
[90.601s] -- Symlinking: /home/malik/ros2_ws/install/slam_toolbox/include/slam_toolbox/visualization_utils.hpp
[90.606s] -- Symlinking: /home/malik/ros2_ws/install/slam_toolbox/share/slam_toolbox/launch/localization_launch.py
[90.612s] -- Symlinking: /home/malik/ros2_ws/install/slam_toolbox/share/slam_toolbox/launch/merge_maps_kinematic_launch.py
[90.617s] -- Symlinking: /home/malik/ros2_ws/install/slam_toolbox/share/slam_toolbox/launch/offline_launch.py
[90.623s] -- Symlinking: /home/malik/ros2_ws/install/slam_toolbox/share/slam_toolbox/launch/online_async_launch.py
[90.629s] -- Symlinking: /home/malik/ros2_ws/install/slam_toolbox/share/slam_toolbox/launch/online_sync_launch.py
[90.635s] -- Symlinking: /home/malik/ros2_ws/install/slam_toolbox/share/slam_toolbox/config/mapper_params_lifelong.yaml
[90.642s] -- Symlinking: /home/malik/ros2_ws/install/slam_toolbox/share/slam_toolbox/config/mapper_params_localization.yaml
[90.648s] -- Symlinking: /home/malik/ros2_ws/install/slam_toolbox/share/slam_toolbox/config/mapper_params_offline.yaml
[90.655s] -- Symlinking: /home/malik/ros2_ws/install/slam_toolbox/share/slam_toolbox/config/mapper_params_online_async.yaml
[90.662s] -- Symlinking: /home/malik/ros2_ws/install/slam_toolbox/share/slam_toolbox/config/mapper_params_online_sync.yaml
[90.669s] -- Symlinking: /home/malik/ros2_ws/install/slam_toolbox/share/slam_toolbox/config/slam_toolbox_default.rviz
[90.676s] -- Symlinking: /home/malik/ros2_ws/install/slam_toolbox/share/solver_plugins.xml
[90.684s] -- Symlinking: /home/malik/ros2_ws/install/slam_toolbox/share/rviz_plugins.xml
[90.691s] -- Symlinking: /home/malik/ros2_ws/install/slam_toolbox/share/ament_index/resource_index/package_run_dependencies/slam_toolbox
[90.698s] -- Symlinking: /home/malik/ros2_ws/install/slam_toolbox/share/ament_index/resource_index/parent_prefix_path/slam_toolbox
[90.706s] -- Symlinking: /home/malik/ros2_ws/install/slam_toolbox/share/slam_toolbox/environment/ament_prefix_path.sh
[90.713s] -- Symlinking: /home/malik/ros2_ws/install/slam_toolbox/share/slam_toolbox/environment/ament_prefix_path.dsv
[90.720s] -- Symlinking: /home/malik/ros2_ws/install/slam_toolbox/share/slam_toolbox/environment/path.sh
[90.727s] -- Symlinking: /home/malik/ros2_ws/install/slam_toolbox/share/slam_toolbox/environment/path.dsv
[90.734s] -- Symlinking: /home/malik/ros2_ws/install/slam_toolbox/share/slam_toolbox/local_setup.bash
[90.741s] -- Symlinking: /home/malik/ros2_ws/install/slam_toolbox/share/slam_toolbox/local_setup.sh
[90.747s] -- Symlinking: /home/malik/ros2_ws/install/slam_toolbox/share/slam_toolbox/local_setup.zsh
[90.753s] -- Symlinking: /home/malik/ros2_ws/install/slam_toolbox/share/slam_toolbox/local_setup.dsv
[90.758s] -- Symlinking: /home/malik/ros2_ws/install/slam_toolbox/share/slam_toolbox/package.dsv
[90.763s] -- Symlinking: /home/malik/ros2_ws/install/slam_toolbox/share/ament_index/resource_index/packages/slam_toolbox
[90.768s] -- Symlinking: /home/malik/ros2_ws/install/slam_toolbox/share/ament_index/resource_index/rviz_common__pluginlib__plugin/slam_toolbox
[90.774s] -- Symlinking: /home/malik/ros2_ws/install/slam_toolbox/share/ament_index/resource_index/slam_toolbox__pluginlib__plugin/slam_toolbox
[90.779s] -- Symlinking: /home/malik/ros2_ws/install/slam_toolbox/share/ament_index/resource_index/rclcpp_components/slam_toolbox
[90.784s] -- Symlinking: /home/malik/ros2_ws/install/slam_toolbox/share/slam_toolbox/cmake/rosidl_cmake-extras.cmake
[90.789s] -- Symlinking: /home/malik/ros2_ws/install/slam_toolbox/share/slam_toolbox/cmake/ament_cmake_export_dependencies-extras.cmake
[90.794s] -- Symlinking: /home/malik/ros2_ws/install/slam_toolbox/share/slam_toolbox/cmake/ament_cmake_export_include_directories-extras.cmake
[90.800s] -- Symlinking: /home/malik/ros2_ws/install/slam_toolbox/share/slam_toolbox/cmake/ament_cmake_export_libraries-extras.cmake
[90.805s] -- Symlinking: /home/malik/ros2_ws/install/slam_toolbox/share/slam_toolbox/cmake/ament_cmake_export_targets-extras.cmake
[90.810s] -- Symlinking: /home/malik/ros2_ws/install/slam_toolbox/share/slam_toolbox/cmake/rosidl_cmake_export_typesupport_targets-extras.cmake
[90.815s] -- Symlinking: /home/malik/ros2_ws/install/slam_toolbox/share/slam_toolbox/cmake/rosidl_cmake_export_typesupport_libraries-extras.cmake
[90.820s] -- Symlinking: /home/malik/ros2_ws/install/slam_toolbox/share/slam_toolbox/cmake/slam_toolboxConfig.cmake
[90.825s] -- Symlinking: /home/malik/ros2_ws/install/slam_toolbox/share/slam_toolbox/cmake/slam_toolboxConfig-version.cmake
[90.831s] -- Symlinking: /home/malik/ros2_ws/install/slam_toolbox/share/slam_toolbox/package.xml
[90.836s] -- Installing: /home/malik/ros2_ws/install/slam_toolbox/lib/libslam_toolbox__rosidl_generator_c.so
[90.836s] -- Set runtime path of "/home/malik/ros2_ws/install/slam_toolbox/lib/libslam_toolbox__rosidl_generator_c.so" to ""
[90.836s] -- Installing: /home/malik/ros2_ws/install/slam_toolbox/lib/libslam_toolbox__rosidl_typesupport_fastrtps_c.so
[90.836s] -- Set runtime path of "/home/malik/ros2_ws/install/slam_toolbox/lib/libslam_toolbox__rosidl_typesupport_fastrtps_c.so" to ""
[90.837s] -- Installing: /home/malik/ros2_ws/install/slam_toolbox/lib/libslam_toolbox__rosidl_typesupport_fastrtps_cpp.so
[90.837s] -- Set runtime path of "/home/malik/ros2_ws/install/slam_toolbox/lib/libslam_toolbox__rosidl_typesupport_fastrtps_cpp.so" to ""
[90.837s] -- Installing: /home/malik/ros2_ws/install/slam_toolbox/lib/libslam_toolbox__rosidl_typesupport_introspection_c.so
[90.837s] -- Set runtime path of "/home/malik/ros2_ws/install/slam_toolbox/lib/libslam_toolbox__rosidl_typesupport_introspection_c.so" to ""
[90.837s] -- Installing: /home/malik/ros2_ws/install/slam_toolbox/lib/libslam_toolbox__rosidl_typesupport_c.so
[90.837s] -- Set runtime path of "/home/malik/ros2_ws/install/slam_toolbox/lib/libslam_toolbox__rosidl_typesupport_c.so" to ""
[90.837s] -- Installing: /home/malik/ros2_ws/install/slam_toolbox/lib/libslam_toolbox__rosidl_typesupport_introspection_cpp.so
[90.837s] -- Set runtime path of "/home/malik/ros2_ws/install/slam_toolbox/lib/libslam_toolbox__rosidl_typesupport_introspection_cpp.so" to ""
[90.838s] -- Installing: /home/malik/ros2_ws/install/slam_toolbox/lib/libslam_toolbox__rosidl_typesupport_cpp.so
[90.838s] -- Set runtime path of "/home/malik/ros2_ws/install/slam_toolbox/lib/libslam_toolbox__rosidl_typesupport_cpp.so" to ""
[90.873s] Listing '/home/malik/ros2_ws/install/slam_toolbox/local/lib/python3.10/dist-packages/slam_toolbox'...
[90.874s] Compiling '/home/malik/ros2_ws/install/slam_toolbox/local/lib/python3.10/dist-packages/slam_toolbox/__init__.py'...
[90.874s] Listing '/home/malik/ros2_ws/install/slam_toolbox/local/lib/python3.10/dist-packages/slam_toolbox/srv'...
[90.874s] Compiling '/home/malik/ros2_ws/install/slam_toolbox/local/lib/python3.10/dist-packages/slam_toolbox/srv/__init__.py'...
[90.874s] Compiling '/home/malik/ros2_ws/install/slam_toolbox/local/lib/python3.10/dist-packages/slam_toolbox/srv/_add_submap.py'...
[90.874s] Compiling '/home/malik/ros2_ws/install/slam_toolbox/local/lib/python3.10/dist-packages/slam_toolbox/srv/_clear.py'...
[90.874s] Compiling '/home/malik/ros2_ws/install/slam_toolbox/local/lib/python3.10/dist-packages/slam_toolbox/srv/_clear_queue.py'...
[90.874s] Compiling '/home/malik/ros2_ws/install/slam_toolbox/local/lib/python3.10/dist-packages/slam_toolbox/srv/_deserialize_pose_graph.py'...
[90.874s] Compiling '/home/malik/ros2_ws/install/slam_toolbox/local/lib/python3.10/dist-packages/slam_toolbox/srv/_loop_closure.py'...
[90.874s] Compiling '/home/malik/ros2_ws/install/slam_toolbox/local/lib/python3.10/dist-packages/slam_toolbox/srv/_merge_maps.py'...
[90.874s] Compiling '/home/malik/ros2_ws/install/slam_toolbox/local/lib/python3.10/dist-packages/slam_toolbox/srv/_pause.py'...
[90.874s] Compiling '/home/malik/ros2_ws/install/slam_toolbox/local/lib/python3.10/dist-packages/slam_toolbox/srv/_save_map.py'...
[90.874s] Compiling '/home/malik/ros2_ws/install/slam_toolbox/local/lib/python3.10/dist-packages/slam_toolbox/srv/_serialize_pose_graph.py'...
[90.874s] Compiling '/home/malik/ros2_ws/install/slam_toolbox/local/lib/python3.10/dist-packages/slam_toolbox/srv/_toggle_interactive.py'...
[90.877s] -- Installing: /home/malik/ros2_ws/install/slam_toolbox/lib/libslam_toolbox__rosidl_generator_py.so
[90.877s] -- Set runtime path of "/home/malik/ros2_ws/install/slam_toolbox/lib/libslam_toolbox__rosidl_generator_py.so" to ""
[90.877s] -- Installing: /home/malik/ros2_ws/install/slam_toolbox/share/slam_toolbox/cmake/export_slam_toolbox__rosidl_generator_cExport.cmake
[90.877s] -- Installing: /home/malik/ros2_ws/install/slam_toolbox/share/slam_toolbox/cmake/export_slam_toolbox__rosidl_generator_cExport-release.cmake
[90.877s] -- Installing: /home/malik/ros2_ws/install/slam_toolbox/share/slam_toolbox/cmake/export_slam_toolbox__rosidl_typesupport_fastrtps_cExport.cmake
[90.877s] -- Installing: /home/malik/ros2_ws/install/slam_toolbox/share/slam_toolbox/cmake/export_slam_toolbox__rosidl_typesupport_fastrtps_cExport-release.cmake
[90.877s] -- Installing: /home/malik/ros2_ws/install/slam_toolbox/share/slam_toolbox/cmake/export_slam_toolbox__rosidl_generator_cppExport.cmake
[90.877s] -- Installing: /home/malik/ros2_ws/install/slam_toolbox/share/slam_toolbox/cmake/export_slam_toolbox__rosidl_typesupport_fastrtps_cppExport.cmake
[90.877s] -- Installing: /home/malik/ros2_ws/install/slam_toolbox/share/slam_toolbox/cmake/export_slam_toolbox__rosidl_typesupport_fastrtps_cppExport-release.cmake
[90.878s] -- Installing: /home/malik/ros2_ws/install/slam_toolbox/share/slam_toolbox/cmake/slam_toolbox__rosidl_typesupport_introspection_cExport.cmake
[90.878s] -- Installing: /home/malik/ros2_ws/install/slam_toolbox/share/slam_toolbox/cmake/slam_toolbox__rosidl_typesupport_introspection_cExport-release.cmake
[90.878s] -- Installing: /home/malik/ros2_ws/install/slam_toolbox/share/slam_toolbox/cmake/slam_toolbox__rosidl_typesupport_cExport.cmake
[90.878s] -- Installing: /home/malik/ros2_ws/install/slam_toolbox/share/slam_toolbox/cmake/slam_toolbox__rosidl_typesupport_cExport-release.cmake
[90.878s] -- Installing: /home/malik/ros2_ws/install/slam_toolbox/share/slam_toolbox/cmake/slam_toolbox__rosidl_typesupport_introspection_cppExport.cmake
[90.878s] -- Installing: /home/malik/ros2_ws/install/slam_toolbox/share/slam_toolbox/cmake/slam_toolbox__rosidl_typesupport_introspection_cppExport-release.cmake
[90.878s] -- Installing: /home/malik/ros2_ws/install/slam_toolbox/share/slam_toolbox/cmake/slam_toolbox__rosidl_typesupport_cppExport.cmake
[90.878s] -- Installing: /home/malik/ros2_ws/install/slam_toolbox/share/slam_toolbox/cmake/slam_toolbox__rosidl_typesupport_cppExport-release.cmake
[90.878s] -- Installing: /home/malik/ros2_ws/install/slam_toolbox/share/slam_toolbox/cmake/export_slam_toolbox__rosidl_generator_pyExport.cmake
[90.878s] -- Installing: /home/malik/ros2_ws/install/slam_toolbox/share/slam_toolbox/cmake/export_slam_toolbox__rosidl_generator_pyExport-release.cmake
[90.878s] -- Installing: /home/malik/ros2_ws/install/slam_toolbox/share/slam_toolbox/cmake/SlamToolboxPluginExport.cmake
[90.879s] -- Installing: /home/malik/ros2_ws/install/slam_toolbox/share/slam_toolbox/cmake/SlamToolboxPluginExport-release.cmake
[90.880s] Invoked command in '/home/malik/ros2_ws/build/slam_toolbox' returned '0': CMAKE_PREFIX_PATH=/home/malik/ros2_ws/install/autodrive_nigel:/home/malik/ros2_ws/install/autodrive_f1tenth:/opt/ros/humble PS1=\[\e[38;5;81m\]\u@\h \[\e[38;5;226m\]\w \[\e[0m\]$ /usr/bin/cmake --install /home/malik/ros2_ws/build/slam_toolbox
