[0.008s] Invoking command in '/home/malik/controller-benchmarks/ros2/build/slam_toolbox': CMAKE_PREFIX_PATH=/home/malik/ros2_ws/install/autodrive_nigel:/home/malik/ros2_ws/install/autodrive_f1tenth:/opt/ros/humble /usr/bin/cmake /home/malik/controller-benchmarks/ros2/slam_toolbox -DCMAKE_INSTALL_PREFIX=/home/malik/controller-benchmarks/ros2/install/slam_toolbox
[0.076s] -- The C compiler identification is GNU 11.4.0
[0.154s] -- The CXX compiler identification is GNU 11.4.0
[0.164s] -- Detecting C compiler ABI info
[0.222s] -- Detecting C compiler ABI info - done
[0.230s] -- Check for working C compiler: /usr/bin/cc - skipped
[0.230s] -- Detecting C compile features
[0.230s] -- Detecting C compile features - done
[0.234s] -- Detecting CXX compiler ABI info
[0.305s] -- Detecting CXX compiler ABI info - done
[0.313s] -- Check for working CXX compiler: /usr/bin/c++ - skipped
[0.313s] -- Detecting CXX compile features
[0.314s] -- Detecting CXX compile features - done
[0.316s] -- Found ament_cmake: 1.3.12 (/opt/ros/humble/share/ament_cmake/cmake)
[0.445s] -- Found Python3: /usr/bin/python3 (found version "3.10.12") found components: Interpreter 
[0.521s] -- Found message_filters: 4.3.8 (/opt/ros/humble/share/message_filters/cmake)
[0.563s] -- Found rosidl_generator_c: 3.1.7 (/opt/ros/humble/share/rosidl_generator_c/cmake)
[0.567s] -- Found rosidl_adapter: 3.1.7 (/opt/ros/humble/share/rosidl_adapter/cmake)
[0.575s] -- Found rosidl_generator_cpp: 3.1.7 (/opt/ros/humble/share/rosidl_generator_cpp/cmake)
[0.587s] -- Using all available rosidl_typesupport_c: rosidl_typesupport_fastrtps_c;rosidl_typesupport_introspection_c
[0.601s] -- Using all available rosidl_typesupport_cpp: rosidl_typesupport_fastrtps_cpp;rosidl_typesupport_introspection_cpp
[0.644s] -- Found rmw_implementation_cmake: 6.1.2 (/opt/ros/humble/share/rmw_implementation_cmake/cmake)
[0.647s] -- Found rmw_fastrtps_cpp: 6.2.8 (/opt/ros/humble/share/rmw_fastrtps_cpp/cmake)
[0.714s] -- Found OpenSSL: /usr/lib/x86_64-linux-gnu/libcrypto.so (found version "3.0.2")  
[0.735s] -- Found FastRTPS: /opt/ros/humble/include  
[0.766s] -- Using RMW implementation 'rmw_fastrtps_cpp' as default
[0.774s] -- Looking for pthread.h
[0.827s] -- Looking for pthread.h - found
[0.827s] -- Performing Test CMAKE_HAVE_LIBC_PTHREAD
[0.878s] -- Performing Test CMAKE_HAVE_LIBC_PTHREAD - Success
[0.878s] -- Found Threads: TRUE  
[0.932s] -- Found nav_msgs: 4.9.0 (/opt/ros/humble/share/nav_msgs/cmake)
[0.962s] -- Found sensor_msgs: 4.9.0 (/opt/ros/humble/share/sensor_msgs/cmake)
[0.979s] -- Found tf2: 0.25.16 (/opt/ros/humble/share/tf2/cmake)
[0.989s] -- Found tf2_ros: 0.25.16 (/opt/ros/humble/share/tf2_ros/cmake)
[1.077s] -- Found visualization_msgs: 4.9.0 (/opt/ros/humble/share/visualization_msgs/cmake)
[1.096s] -- Found pluginlib: 5.1.0 (/opt/ros/humble/share/pluginlib/cmake)
[1.110s] -- Found tf2_geometry_msgs: 0.25.16 (/opt/ros/humble/share/tf2_geometry_msgs/cmake)
[1.122s] -- Found eigen3_cmake_module: 0.1.1 (/opt/ros/humble/share/eigen3_cmake_module/cmake)
[1.123s] -- Found Eigen3: TRUE (found version "3.4.0") 
[1.123s] -- Ensuring Eigen3 include directory is part of orocos-kdl CMake target
[1.125s] -- Found tf2_sensor_msgs: 0.25.16 (/opt/ros/humble/share/tf2_sensor_msgs/cmake)
[1.130s] -- Found std_srvs: 4.9.0 (/opt/ros/humble/share/std_srvs/cmake)
[1.141s] -- Found rosidl_default_generators: 1.2.0 (/opt/ros/humble/share/rosidl_default_generators/cmake)
[1.149s] -- Found lifecycle_msgs: 1.2.2 (/opt/ros/humble/share/lifecycle_msgs/cmake)
[1.160s] -- Found bondcpp: 4.1.2 (/opt/ros/humble/share/bondcpp/cmake)
[1.192s] -- Found rviz_common: 11.2.19 (/opt/ros/humble/share/rviz_common/cmake)
[1.207s] -- Setting assimp_DIR to: '/opt/ros/humble/share/rviz_assimp_vendor/cmake/../../../opt/rviz_assimp_vendor/lib/cmake/assimp-4.1'
[1.213s] -- Setting OGRE_DIR to: '/opt/ros/humble/share/rviz_ogre_vendor/cmake/../../../opt/rviz_ogre_vendor/lib/OGRE/cmake'
[1.215s] -- Found OGRE
[1.215s] --   static     : OFF
[1.215s] --   components : HLMS;MeshLodGenerator;Overlay;Paging;Property;RTShaderSystem;Terrain;Volume
[1.215s] --   plugins    : Plugin_BSPSceneManager;Plugin_OctreeSceneManager;Plugin_PCZSceneManager;Plugin_ParticleFX;RenderSystem_GL;RenderSystem_GL3Plus;Codec_STBI
[1.215s] --   media      : /opt/ros/humble/opt/rviz_ogre_vendor/share/OGRE/Media
[1.215s] -- OGRE_LIBRARIES: OgreHLMS;OgreMeshLodGenerator;OgreOverlay;OgrePaging;OgreProperty;OgreRTShaderSystem;OgreTerrain;OgreVolume;OgreMain
[1.215s] -- OGRE_LIBRARY_DIRS: /opt/ros/humble/opt/rviz_ogre_vendor/lib
[1.215s] -- OGRE_PLUGINS: Plugin_BSPSceneManager;Plugin_OctreeSceneManager;Plugin_PCZSceneManager;Plugin_ParticleFX;RenderSystem_GL;RenderSystem_GL3Plus;Codec_STBI
[1.215s] -- OGRE_PLUGIN_DIR: /opt/ros/humble/opt/rviz_ogre_vendor/lib/OGRE
[1.215s] -- rviz_ogre_vendor::OgreOverlay for IMPORTED_LOCATION_RELEASE: /opt/ros/humble/opt/rviz_ogre_vendor/lib/libOgreOverlay.so
[1.215s] -- rviz_ogre_vendor::OgreOverlay for IMPORTED_LOCATION_DEBUG: /opt/ros/humble/opt/rviz_ogre_vendor/lib/libOgreOverlay.so
[1.215s] -- rviz_ogre_vendor::OgreMain for IMPORTED_LOCATION_RELEASE: /opt/ros/humble/opt/rviz_ogre_vendor/lib/libOgreMain.so
[1.215s] -- rviz_ogre_vendor::OgreMain for IMPORTED_LOCATION_DEBUG: /opt/ros/humble/opt/rviz_ogre_vendor/lib/libOgreMain.so
[1.216s] -- Could not find freeimage library
[1.230s] -- Found ZLIB: /usr/lib/x86_64-linux-gnu/libz.so (found version "1.2.11") 
[1.234s] -- Found OpenGL: /usr/lib/x86_64-linux-gnu/libOpenGL.so   
[1.293s] -- Found X11: /usr/include   
[1.293s] -- Looking for XOpenDisplay in /usr/lib/x86_64-linux-gnu/libX11.so;/usr/lib/x86_64-linux-gnu/libXext.so
[1.346s] -- Looking for XOpenDisplay in /usr/lib/x86_64-linux-gnu/libX11.so;/usr/lib/x86_64-linux-gnu/libXext.so - found
[1.347s] -- Looking for gethostbyname
[1.398s] -- Looking for gethostbyname - found
[1.398s] -- Looking for connect
[1.450s] -- Looking for connect - found
[1.450s] -- Looking for remove
[1.502s] -- Looking for remove - found
[1.502s] -- Looking for shmat
[1.557s] -- Looking for shmat - found
[1.557s] -- Looking for IceConnectionNumber in ICE
[1.621s] -- Looking for IceConnectionNumber in ICE - found
[1.700s] -- library: /usr/lib/x86_64-linux-gnu/libcurl.so
[1.729s] -- Found rviz_default_plugins: 11.2.19 (/opt/ros/humble/share/rviz_default_plugins/cmake)
[1.794s] -- Found Boost: /usr/lib/x86_64-linux-gnu/cmake/Boost-1.74.0/BoostConfig.cmake (found version "1.74.0") found components: serialization filesystem thread 
[1.800s] -- Found PkgConfig: /usr/bin/pkg-config (found version "0.29.2") 
[1.806s] -- Found CHOLMOD: /usr/include/suitesparse  
[1.807s] -- Found CSparse: /usr/include/suitesparse  
[1.833s] -- Looking for sgemm_
[1.879s] -- Looking for sgemm_ - not found
[1.908s] -- Looking for sgemm_
[1.955s] -- Looking for sgemm_ - found
[1.956s] -- Found BLAS: /usr/lib/x86_64-linux-gnu/libblas.so  
[1.957s] -- Looking for cheev_
[2.007s] -- Looking for cheev_ - not found
[2.015s] -- Looking for cheev_
[2.058s] -- Looking for cheev_ - not found
[2.058s] -- Looking for cheev_
[2.144s] -- Looking for cheev_ - found
[2.144s] -- Found LAPACK: /usr/lib/x86_64-linux-gnu/liblapack.so;/usr/lib/x86_64-linux-gnu/libblas.so  
[2.382s] -- Found OpenMP_C: -fopenmp (found version "4.5") 
[2.457s] -- Found OpenMP_CXX: -fopenmp (found version "4.5") 
[2.457s] -- Found OpenMP: TRUE (found version "4.5")  
[2.462s] -- Found required Ceres dependency: Eigen version 3.4.0 in /usr/include/eigen3
[2.467s] -- Found required Ceres dependency: glog
[2.468s] -- Found required Ceres dependency: gflags
[2.468s] -- Found Ceres version: 2.0.0 installed in: /usr with components: [EigenSparse, SparseLinearAlgebraLibrary, LAPACK, SuiteSparse, CXSparse, SchurSpecializations, Multithreading]
[2.828s] -- Found ament_cmake_ros: 0.10.0 (/opt/ros/humble/share/ament_cmake_ros/cmake)
[3.229s] -- Using all available rosidl_typesupport_c: rosidl_typesupport_fastrtps_c;rosidl_typesupport_introspection_c
[3.384s] -- Using all available rosidl_typesupport_cpp: rosidl_typesupport_fastrtps_cpp;rosidl_typesupport_introspection_cpp
[3.402s] -- Found PythonInterp: /usr/bin/python3 (found suitable version "3.10.12", minimum required is "3.6") 
[3.404s] -- Found python_cmake_module: 0.10.0 (/opt/ros/humble/share/python_cmake_module/cmake)
[3.424s] -- Found PythonLibs: /usr/lib/x86_64-linux-gnu/libpython3.10.so (found suitable version "3.10.12", minimum required is "3.5") 
[3.424s] -- Using PYTHON_EXECUTABLE: /usr/bin/python3
[3.424s] -- Using PYTHON_INCLUDE_DIRS: /usr/include/python3.10
[3.424s] -- Using PYTHON_LIBRARIES: /usr/lib/x86_64-linux-gnu/libpython3.10.so
[3.441s] -- Found PythonExtra: .so  
[3.521s] -- Configuring done
[3.541s] CMake Error at CMakeLists.txt:133 (add_library):
[3.541s]   Target "SlamToolboxPlugin" links to target
[3.541s]   "tf2_sensor_msgs::tf2_sensor_msgs" but the target was not found.  Perhaps a
[3.541s]   find_package() call is missing for an IMPORTED target, or an ALIAS target
[3.541s]   is missing?
[3.542s] 
[3.542s] 
[3.542s] CMake Error at CMakeLists.txt:175 (add_library):
[3.542s]   Target "ceres_solver_plugin" links to target
[3.542s]   "tf2_sensor_msgs::tf2_sensor_msgs" but the target was not found.  Perhaps a
[3.542s]   find_package() call is missing for an IMPORTED target, or an ALIAS target
[3.542s]   is missing?
[3.542s] 
[3.542s] 
[3.542s] CMake Error at CMakeLists.txt:212 (add_library):
[3.542s]   Target "toolbox_common" links to target "tf2_sensor_msgs::tf2_sensor_msgs"
[3.543s]   but the target was not found.  Perhaps a find_package() call is missing for
[3.543s]   an IMPORTED target, or an ALIAS target is missing?
[3.543s] 
[3.543s] 
[3.543s] CMake Error at CMakeLists.txt:245 (add_library):
[3.543s]   Target "decentralized_multirobot_slam_toolbox" links to target
[3.543s]   "tf2_sensor_msgs::tf2_sensor_msgs" but the target was not found.  Perhaps a
[3.543s]   find_package() call is missing for an IMPORTED target, or an ALIAS target
[3.543s]   is missing?
[3.543s] 
[3.543s] 
[3.543s] CMake Error at CMakeLists.txt:247 (add_executable):
[3.543s]   Target "decentralized_multirobot_slam_toolbox_node" links to target
[3.543s]   "tf2_sensor_msgs::tf2_sensor_msgs" but the target was not found.  Perhaps a
[3.543s]   find_package() call is missing for an IMPORTED target, or an ALIAS target
[3.543s]   is missing?
[3.543s] 
[3.543s] 
[3.543s] CMake Error at CMakeLists.txt:250 (add_library):
[3.543s]   Target "async_slam_toolbox" links to target
[3.543s]   "tf2_sensor_msgs::tf2_sensor_msgs" but the target was not found.  Perhaps a
[3.543s]   find_package() call is missing for an IMPORTED target, or an ALIAS target
[3.544s]   is missing?
[3.544s] 
[3.544s] 
[3.544s] CMake Error at CMakeLists.txt:252 (add_executable):
[3.544s]   Target "async_slam_toolbox_node" links to target
[3.544s]   "tf2_sensor_msgs::tf2_sensor_msgs" but the target was not found.  Perhaps a
[3.544s]   find_package() call is missing for an IMPORTED target, or an ALIAS target
[3.544s]   is missing?
[3.544s] 
[3.544s] 
[3.544s] CMake Error at CMakeLists.txt:255 (add_library):
[3.544s]   Target "sync_slam_toolbox" links to target
[3.544s]   "tf2_sensor_msgs::tf2_sensor_msgs" but the target was not found.  Perhaps a
[3.544s]   find_package() call is missing for an IMPORTED target, or an ALIAS target
[3.544s]   is missing?
[3.544s] 
[3.544s] 
[3.544s] CMake Error at CMakeLists.txt:257 (add_executable):
[3.544s]   Target "sync_slam_toolbox_node" links to target
[3.544s]   "tf2_sensor_msgs::tf2_sensor_msgs" but the target was not found.  Perhaps a
[3.544s]   find_package() call is missing for an IMPORTED target, or an ALIAS target
[3.544s]   is missing?
[3.544s] 
[3.545s] 
[3.545s] CMake Error at CMakeLists.txt:260 (add_library):
[3.545s]   Target "localization_slam_toolbox" links to target
[3.545s]   "tf2_sensor_msgs::tf2_sensor_msgs" but the target was not found.  Perhaps a
[3.545s]   find_package() call is missing for an IMPORTED target, or an ALIAS target
[3.545s]   is missing?
[3.545s] 
[3.545s] 
[3.545s] CMake Error at CMakeLists.txt:262 (add_executable):
[3.545s]   Target "localization_slam_toolbox_node" links to target
[3.545s]   "tf2_sensor_msgs::tf2_sensor_msgs" but the target was not found.  Perhaps a
[3.545s]   find_package() call is missing for an IMPORTED target, or an ALIAS target
[3.545s]   is missing?
[3.545s] 
[3.545s] 
[3.545s] CMake Error at CMakeLists.txt:265 (add_library):
[3.545s]   Target "lifelong_slam_toolbox" links to target
[3.545s]   "tf2_sensor_msgs::tf2_sensor_msgs" but the target was not found.  Perhaps a
[3.545s]   find_package() call is missing for an IMPORTED target, or an ALIAS target
[3.545s]   is missing?
[3.545s] 
[3.545s] 
[3.546s] CMake Error at CMakeLists.txt:267 (add_executable):
[3.546s]   Target "lifelong_slam_toolbox_node" links to target
[3.546s]   "tf2_sensor_msgs::tf2_sensor_msgs" but the target was not found.  Perhaps a
[3.546s]   find_package() call is missing for an IMPORTED target, or an ALIAS target
[3.546s]   is missing?
[3.546s] 
[3.546s] 
[3.546s] CMake Error at CMakeLists.txt:270 (add_library):
[3.546s]   Target "map_and_localization_slam_toolbox" links to target
[3.546s]   "tf2_sensor_msgs::tf2_sensor_msgs" but the target was not found.  Perhaps a
[3.546s]   find_package() call is missing for an IMPORTED target, or an ALIAS target
[3.546s]   is missing?
[3.546s] 
[3.546s] 
[3.546s] CMake Error at CMakeLists.txt:272 (add_executable):
[3.546s]   Target "map_and_localization_slam_toolbox_node" links to target
[3.546s]   "tf2_sensor_msgs::tf2_sensor_msgs" but the target was not found.  Perhaps a
[3.546s]   find_package() call is missing for an IMPORTED target, or an ALIAS target
[3.546s]   is missing?
[3.546s] 
[3.546s] 
[3.546s] CMake Error at CMakeLists.txt:276 (add_executable):
[3.546s]   Target "merge_maps_kinematic" links to target
[3.546s]   "tf2_sensor_msgs::tf2_sensor_msgs" but the target was not found.  Perhaps a
[3.547s]   find_package() call is missing for an IMPORTED target, or an ALIAS target
[3.547s]   is missing?
[3.547s] 
[3.547s] 
[3.718s] -- Generating done
[3.722s] CMake Generate step failed.  Build files cannot be regenerated correctly.
[3.739s] Invoked command in '/home/malik/controller-benchmarks/ros2/build/slam_toolbox' returned '1': CMAKE_PREFIX_PATH=/home/malik/ros2_ws/install/autodrive_nigel:/home/malik/ros2_ws/install/autodrive_f1tenth:/opt/ros/humble /usr/bin/cmake /home/malik/controller-benchmarks/ros2/slam_toolbox -DCMAKE_INSTALL_PREFIX=/home/malik/controller-benchmarks/ros2/install/slam_toolbox
