[0.112s] DEBUG:colcon:Command line arguments: ['/usr/bin/colcon', 'build', '--symlink-install']
[0.112s] DEBUG:colcon:Parsed command line arguments: Namespace(log_base=None, log_level=None, verb_name='build', build_base='build', install_base='install', merge_install=False, symlink_install=True, test_result_base=None, continue_on_error=False, executor='parallel', parallel_workers=8, event_handlers=None, ignore_user_meta=False, metas=['./colcon.meta'], base_paths=['.'], packages_ignore=None, packages_ignore_regex=None, paths=None, packages_up_to=None, packages_up_to_regex=None, packages_above=None, packages_above_and_dependencies=None, packages_above_depth=None, packages_select_by_dep=None, packages_skip_by_dep=None, packages_skip_up_to=None, packages_select_build_failed=False, packages_skip_build_finished=False, packages_select_test_failures=False, packages_skip_test_passed=False, packages_select=None, packages_skip=None, packages_select_regex=None, packages_skip_regex=None, packages_start=None, packages_end=None, allow_overriding=[], cmake_args=None, cmake_target=None, cmake_target_skip_unavailable=False, cmake_clean_cache=False, cmake_clean_first=False, cmake_force_configure=False, ament_cmake_args=None, catkin_cmake_args=None, catkin_skip_building_tests=False, mixin_files=None, mixin=None, verb_parser=<colcon_mixin.mixin.mixin_argument.MixinArgumentDecorator object at 0x771296c4b250>, verb_extension=<colcon_core.verb.build.BuildVerb object at 0x771296c4ada0>, main=<bound method BuildVerb.main of <colcon_core.verb.build.BuildVerb object at 0x771296c4ada0>>, mixin_verb=('build',))
[0.304s] Level 1:colcon.colcon_core.package_discovery:discover_packages(colcon_meta) check parameters
[0.304s] Level 1:colcon.colcon_core.package_discovery:discover_packages(recursive) check parameters
[0.304s] Level 1:colcon.colcon_core.package_discovery:discover_packages(ignore) check parameters
[0.304s] Level 1:colcon.colcon_core.package_discovery:discover_packages(path) check parameters
[0.304s] Level 1:colcon.colcon_core.package_discovery:discover_packages(colcon_meta) discover
[0.304s] Level 1:colcon.colcon_core.package_discovery:discover_packages(recursive) discover
[0.304s] INFO:colcon.colcon_core.package_discovery:Crawling recursively for packages in '/home/malik/controller-benchmarks/ros2'
[0.304s] Level 1:colcon.colcon_core.package_identification:_identify(.) by extensions ['ignore', 'ignore_ament_install']
[0.305s] Level 1:colcon.colcon_core.package_identification:_identify(.) by extension 'ignore'
[0.305s] Level 1:colcon.colcon_core.package_identification:_identify(.) by extension 'ignore_ament_install'
[0.305s] Level 1:colcon.colcon_core.package_identification:_identify(.) by extensions ['colcon_pkg']
[0.305s] Level 1:colcon.colcon_core.package_identification:_identify(.) by extension 'colcon_pkg'
[0.305s] Level 1:colcon.colcon_core.package_identification:_identify(.) by extensions ['colcon_meta']
[0.305s] Level 1:colcon.colcon_core.package_identification:_identify(.) by extension 'colcon_meta'
[0.305s] Level 1:colcon.colcon_core.package_identification:_identify(.) by extensions ['ros']
[0.305s] Level 1:colcon.colcon_core.package_identification:_identify(.) by extension 'ros'
[0.315s] Level 1:colcon.colcon_core.package_identification:_identify(.) by extensions ['cmake', 'python']
[0.315s] Level 1:colcon.colcon_core.package_identification:_identify(.) by extension 'cmake'
[0.315s] Level 1:colcon.colcon_core.package_identification:_identify(.) by extension 'python'
[0.315s] Level 1:colcon.colcon_core.package_identification:_identify(.) by extensions ['python_setup_py']
[0.315s] Level 1:colcon.colcon_core.package_identification:_identify(.) by extension 'python_setup_py'
[0.315s] Level 1:colcon.colcon_core.package_identification:_identify(autodrive_f1tenth) by extensions ['ignore', 'ignore_ament_install']
[0.315s] Level 1:colcon.colcon_core.package_identification:_identify(autodrive_f1tenth) by extension 'ignore'
[0.315s] Level 1:colcon.colcon_core.package_identification:_identify(autodrive_f1tenth) by extension 'ignore_ament_install'
[0.315s] Level 1:colcon.colcon_core.package_identification:_identify(autodrive_f1tenth) by extensions ['colcon_pkg']
[0.315s] Level 1:colcon.colcon_core.package_identification:_identify(autodrive_f1tenth) by extension 'colcon_pkg'
[0.315s] Level 1:colcon.colcon_core.package_identification:_identify(autodrive_f1tenth) by extensions ['colcon_meta']
[0.315s] Level 1:colcon.colcon_core.package_identification:_identify(autodrive_f1tenth) by extension 'colcon_meta'
[0.315s] Level 1:colcon.colcon_core.package_identification:_identify(autodrive_f1tenth) by extensions ['ros']
[0.315s] Level 1:colcon.colcon_core.package_identification:_identify(autodrive_f1tenth) by extension 'ros'
[0.322s] DEBUG:colcon.colcon_core.package_identification:Package 'autodrive_f1tenth' with type 'ros.ament_python' and name 'autodrive_f1tenth'
[0.322s] Level 1:colcon.colcon_core.package_identification:_identify(build) by extensions ['ignore', 'ignore_ament_install']
[0.322s] Level 1:colcon.colcon_core.package_identification:_identify(build) by extension 'ignore'
[0.322s] Level 1:colcon.colcon_core.package_identification:_identify(build) ignored
[0.322s] Level 1:colcon.colcon_core.package_identification:_identify(install) by extensions ['ignore', 'ignore_ament_install']
[0.322s] Level 1:colcon.colcon_core.package_identification:_identify(install) by extension 'ignore'
[0.323s] Level 1:colcon.colcon_core.package_identification:_identify(install) ignored
[0.323s] Level 1:colcon.colcon_core.package_identification:_identify(log) by extensions ['ignore', 'ignore_ament_install']
[0.323s] Level 1:colcon.colcon_core.package_identification:_identify(log) by extension 'ignore'
[0.323s] Level 1:colcon.colcon_core.package_identification:_identify(log) ignored
[0.323s] Level 1:colcon.colcon_core.package_identification:_identify(slam_toolbox) by extensions ['ignore', 'ignore_ament_install']
[0.323s] Level 1:colcon.colcon_core.package_identification:_identify(slam_toolbox) by extension 'ignore'
[0.323s] Level 1:colcon.colcon_core.package_identification:_identify(slam_toolbox) by extension 'ignore_ament_install'
[0.323s] Level 1:colcon.colcon_core.package_identification:_identify(slam_toolbox) by extensions ['colcon_pkg']
[0.323s] Level 1:colcon.colcon_core.package_identification:_identify(slam_toolbox) by extension 'colcon_pkg'
[0.323s] Level 1:colcon.colcon_core.package_identification:_identify(slam_toolbox) by extensions ['colcon_meta']
[0.323s] Level 1:colcon.colcon_core.package_identification:_identify(slam_toolbox) by extension 'colcon_meta'
[0.323s] Level 1:colcon.colcon_core.package_identification:_identify(slam_toolbox) by extensions ['ros']
[0.323s] Level 1:colcon.colcon_core.package_identification:_identify(slam_toolbox) by extension 'ros'
[0.325s] DEBUG:colcon.colcon_core.package_identification:Package 'slam_toolbox' with type 'ros.ament_cmake' and name 'slam_toolbox'
[0.325s] Level 1:colcon.colcon_core.package_discovery:discover_packages(recursive) using defaults
[0.325s] Level 1:colcon.colcon_core.package_discovery:discover_packages(ignore) discover
[0.325s] Level 1:colcon.colcon_core.package_discovery:discover_packages(ignore) using defaults
[0.325s] Level 1:colcon.colcon_core.package_discovery:discover_packages(path) discover
[0.325s] Level 1:colcon.colcon_core.package_discovery:discover_packages(path) using defaults
[0.362s] Level 1:colcon.colcon_core.package_discovery:discover_packages(prefix_path) check parameters
[0.362s] Level 1:colcon.colcon_core.package_discovery:discover_packages(prefix_path) discover
[0.366s] DEBUG:colcon.colcon_installed_package_information.package_discovery:Found 2 installed packages in /home/malik/controller-benchmarks/ros2/install
[0.366s] DEBUG:colcon.colcon_installed_package_information.package_discovery:Found 2 installed packages in /home/malik/ros2_ws/install
[0.367s] DEBUG:colcon.colcon_installed_package_information.package_discovery:Found 305 installed packages in /opt/ros/humble
[0.369s] Level 1:colcon.colcon_core.package_discovery:discover_packages(prefix_path) using defaults
[0.403s] Level 5:colcon.colcon_core.verb:set package 'slam_toolbox' build argument 'cmake_args' from command line to 'None'
[0.403s] Level 5:colcon.colcon_core.verb:set package 'slam_toolbox' build argument 'cmake_target' from command line to 'None'
[0.404s] Level 5:colcon.colcon_core.verb:set package 'slam_toolbox' build argument 'cmake_target_skip_unavailable' from command line to 'False'
[0.404s] Level 5:colcon.colcon_core.verb:set package 'slam_toolbox' build argument 'cmake_clean_cache' from command line to 'False'
[0.404s] Level 5:colcon.colcon_core.verb:set package 'slam_toolbox' build argument 'cmake_clean_first' from command line to 'False'
[0.404s] Level 5:colcon.colcon_core.verb:set package 'slam_toolbox' build argument 'cmake_force_configure' from command line to 'False'
[0.404s] Level 5:colcon.colcon_core.verb:set package 'slam_toolbox' build argument 'ament_cmake_args' from command line to 'None'
[0.404s] Level 5:colcon.colcon_core.verb:set package 'slam_toolbox' build argument 'catkin_cmake_args' from command line to 'None'
[0.404s] Level 5:colcon.colcon_core.verb:set package 'slam_toolbox' build argument 'catkin_skip_building_tests' from command line to 'False'
[0.404s] DEBUG:colcon.colcon_core.verb:Building package 'slam_toolbox' with the following arguments: {'ament_cmake_args': None, 'build_base': '/home/malik/controller-benchmarks/ros2/build/slam_toolbox', 'catkin_cmake_args': None, 'catkin_skip_building_tests': False, 'cmake_args': None, 'cmake_clean_cache': False, 'cmake_clean_first': False, 'cmake_force_configure': False, 'cmake_target': None, 'cmake_target_skip_unavailable': False, 'install_base': '/home/malik/controller-benchmarks/ros2/install/slam_toolbox', 'merge_install': False, 'path': '/home/malik/controller-benchmarks/ros2/slam_toolbox', 'symlink_install': True, 'test_result_base': None}
[0.404s] Level 5:colcon.colcon_core.verb:set package 'autodrive_f1tenth' build argument 'cmake_args' from command line to 'None'
[0.404s] Level 5:colcon.colcon_core.verb:set package 'autodrive_f1tenth' build argument 'cmake_target' from command line to 'None'
[0.404s] Level 5:colcon.colcon_core.verb:set package 'autodrive_f1tenth' build argument 'cmake_target_skip_unavailable' from command line to 'False'
[0.404s] Level 5:colcon.colcon_core.verb:set package 'autodrive_f1tenth' build argument 'cmake_clean_cache' from command line to 'False'
[0.404s] Level 5:colcon.colcon_core.verb:set package 'autodrive_f1tenth' build argument 'cmake_clean_first' from command line to 'False'
[0.404s] Level 5:colcon.colcon_core.verb:set package 'autodrive_f1tenth' build argument 'cmake_force_configure' from command line to 'False'
[0.404s] Level 5:colcon.colcon_core.verb:set package 'autodrive_f1tenth' build argument 'ament_cmake_args' from command line to 'None'
[0.404s] Level 5:colcon.colcon_core.verb:set package 'autodrive_f1tenth' build argument 'catkin_cmake_args' from command line to 'None'
[0.404s] Level 5:colcon.colcon_core.verb:set package 'autodrive_f1tenth' build argument 'catkin_skip_building_tests' from command line to 'False'
[0.404s] DEBUG:colcon.colcon_core.verb:Building package 'autodrive_f1tenth' with the following arguments: {'ament_cmake_args': None, 'build_base': '/home/malik/controller-benchmarks/ros2/build/autodrive_f1tenth', 'catkin_cmake_args': None, 'catkin_skip_building_tests': False, 'cmake_args': None, 'cmake_clean_cache': False, 'cmake_clean_first': False, 'cmake_force_configure': False, 'cmake_target': None, 'cmake_target_skip_unavailable': False, 'install_base': '/home/malik/controller-benchmarks/ros2/install/autodrive_f1tenth', 'merge_install': False, 'path': '/home/malik/controller-benchmarks/ros2/autodrive_f1tenth', 'symlink_install': True, 'test_result_base': None}
[0.405s] INFO:colcon.colcon_core.executor:Executing jobs using 'parallel' executor
[0.406s] DEBUG:colcon.colcon_parallel_executor.executor.parallel:run_until_complete
[0.406s] INFO:colcon.colcon_ros.task.ament_cmake.build:Building ROS package in '/home/malik/controller-benchmarks/ros2/slam_toolbox' with build type 'ament_cmake'
[0.406s] INFO:colcon.colcon_cmake.task.cmake.build:Building CMake package in '/home/malik/controller-benchmarks/ros2/slam_toolbox'
[0.408s] INFO:colcon.colcon_core.plugin_system:Skipping extension 'colcon_core.shell.bat': Not used on non-Windows systems
[0.408s] INFO:colcon.colcon_core.shell:Skip shell extension 'powershell' for command environment: Not usable outside of PowerShell
[0.409s] DEBUG:colcon.colcon_core.shell:Skip shell extension 'dsv' for command environment
[0.418s] DEBUG:colcon.colcon_core.event_handler.log_command:Invoking command in '/home/malik/controller-benchmarks/ros2/build/slam_toolbox': CMAKE_PREFIX_PATH=${CMAKE_PREFIX_PATH}:/home/malik/controller-benchmarks/ros2/install/autodrive_f1tenth:/home/malik/ros2_ws/install/autodrive_nigel:/home/malik/ros2_ws/install/autodrive_f1tenth:/opt/ros/humble PS1=\[\e[38;5;81m\]\u@\h \[\e[38;5;226m\]\w \[\e[0m\]$ /usr/bin/cmake --build /home/malik/controller-benchmarks/ros2/build/slam_toolbox -- -j8 -l8
[0.873s] DEBUG:colcon.colcon_core.event_handler.log_command:Invoked command in '/home/malik/controller-benchmarks/ros2/build/slam_toolbox' returned '0': CMAKE_PREFIX_PATH=${CMAKE_PREFIX_PATH}:/home/malik/controller-benchmarks/ros2/install/autodrive_f1tenth:/home/malik/ros2_ws/install/autodrive_nigel:/home/malik/ros2_ws/install/autodrive_f1tenth:/opt/ros/humble PS1=\[\e[38;5;81m\]\u@\h \[\e[38;5;226m\]\w \[\e[0m\]$ /usr/bin/cmake --build /home/malik/controller-benchmarks/ros2/build/slam_toolbox -- -j8 -l8
[0.886s] DEBUG:colcon.colcon_core.event_handler.log_command:Invoking command in '/home/malik/controller-benchmarks/ros2/build/slam_toolbox': CMAKE_PREFIX_PATH=${CMAKE_PREFIX_PATH}:/home/malik/controller-benchmarks/ros2/install/autodrive_f1tenth:/home/malik/ros2_ws/install/autodrive_nigel:/home/malik/ros2_ws/install/autodrive_f1tenth:/opt/ros/humble PS1=\[\e[38;5;81m\]\u@\h \[\e[38;5;226m\]\w \[\e[0m\]$ /usr/bin/cmake --install /home/malik/controller-benchmarks/ros2/build/slam_toolbox
[0.995s] Level 1:colcon.colcon_core.environment:create_environment_scripts_only(slam_toolbox)
[0.996s] DEBUG:colcon.colcon_core.event_handler.log_command:Invoked command in '/home/malik/controller-benchmarks/ros2/build/slam_toolbox' returned '0': CMAKE_PREFIX_PATH=${CMAKE_PREFIX_PATH}:/home/malik/controller-benchmarks/ros2/install/autodrive_f1tenth:/home/malik/ros2_ws/install/autodrive_nigel:/home/malik/ros2_ws/install/autodrive_f1tenth:/opt/ros/humble PS1=\[\e[38;5;81m\]\u@\h \[\e[38;5;226m\]\w \[\e[0m\]$ /usr/bin/cmake --install /home/malik/controller-benchmarks/ros2/build/slam_toolbox
[0.997s] Level 1:colcon.colcon_core.environment:checking '/home/malik/controller-benchmarks/ros2/install/slam_toolbox' for CMake module files
[0.998s] Level 1:colcon.colcon_core.environment:checking '/home/malik/controller-benchmarks/ros2/install/slam_toolbox' for CMake config files
[1.000s] Level 1:colcon.colcon_core.shell:create_environment_hook('slam_toolbox', 'cmake_prefix_path')
[1.001s] INFO:colcon.colcon_core.shell:Creating environment hook '/home/malik/controller-benchmarks/ros2/install/slam_toolbox/share/slam_toolbox/hook/cmake_prefix_path.ps1'
[1.002s] INFO:colcon.colcon_core.shell:Creating environment descriptor '/home/malik/controller-benchmarks/ros2/install/slam_toolbox/share/slam_toolbox/hook/cmake_prefix_path.dsv'
[1.002s] INFO:colcon.colcon_core.shell:Creating environment hook '/home/malik/controller-benchmarks/ros2/install/slam_toolbox/share/slam_toolbox/hook/cmake_prefix_path.sh'
[1.004s] Level 1:colcon.colcon_core.environment:checking '/home/malik/controller-benchmarks/ros2/install/slam_toolbox/lib'
[1.004s] Level 1:colcon.colcon_core.shell:create_environment_hook('slam_toolbox', 'ld_library_path_lib')
[1.005s] INFO:colcon.colcon_core.shell:Creating environment hook '/home/malik/controller-benchmarks/ros2/install/slam_toolbox/share/slam_toolbox/hook/ld_library_path_lib.ps1'
[1.006s] INFO:colcon.colcon_core.shell:Creating environment descriptor '/home/malik/controller-benchmarks/ros2/install/slam_toolbox/share/slam_toolbox/hook/ld_library_path_lib.dsv'
[1.006s] INFO:colcon.colcon_core.shell:Creating environment hook '/home/malik/controller-benchmarks/ros2/install/slam_toolbox/share/slam_toolbox/hook/ld_library_path_lib.sh'
[1.007s] Level 1:colcon.colcon_core.environment:checking '/home/malik/controller-benchmarks/ros2/install/slam_toolbox/bin'
[1.007s] Level 1:colcon.colcon_core.environment:checking '/home/malik/controller-benchmarks/ros2/install/slam_toolbox/lib/pkgconfig/slam_toolbox.pc'
[1.007s] Level 1:colcon.colcon_core.environment:checking '/home/malik/controller-benchmarks/ros2/install/slam_toolbox/lib/python3.10/site-packages'
[1.007s] Level 1:colcon.colcon_core.environment:checking '/home/malik/controller-benchmarks/ros2/install/slam_toolbox/bin'
[1.008s] INFO:colcon.colcon_core.shell:Creating package script '/home/malik/controller-benchmarks/ros2/install/slam_toolbox/share/slam_toolbox/package.ps1'
[1.009s] INFO:colcon.colcon_core.shell:Creating package descriptor '/home/malik/controller-benchmarks/ros2/install/slam_toolbox/share/slam_toolbox/package.dsv'
[1.009s] INFO:colcon.colcon_core.shell:Creating package script '/home/malik/controller-benchmarks/ros2/install/slam_toolbox/share/slam_toolbox/package.sh'
[1.010s] INFO:colcon.colcon_core.shell:Creating package script '/home/malik/controller-benchmarks/ros2/install/slam_toolbox/share/slam_toolbox/package.bash'
[1.011s] INFO:colcon.colcon_core.shell:Creating package script '/home/malik/controller-benchmarks/ros2/install/slam_toolbox/share/slam_toolbox/package.zsh'
[1.012s] Level 1:colcon.colcon_core.environment:create_file_with_runtime_dependencies(/home/malik/controller-benchmarks/ros2/install/slam_toolbox/share/colcon-core/packages/slam_toolbox)
[1.013s] Level 1:colcon.colcon_core.environment:create_environment_scripts_only(slam_toolbox)
[1.013s] Level 1:colcon.colcon_core.environment:checking '/home/malik/controller-benchmarks/ros2/install/slam_toolbox' for CMake module files
[1.014s] Level 1:colcon.colcon_core.environment:checking '/home/malik/controller-benchmarks/ros2/install/slam_toolbox' for CMake config files
[1.016s] Level 1:colcon.colcon_core.shell:create_environment_hook('slam_toolbox', 'cmake_prefix_path')
[1.017s] INFO:colcon.colcon_core.shell:Creating environment hook '/home/malik/controller-benchmarks/ros2/install/slam_toolbox/share/slam_toolbox/hook/cmake_prefix_path.ps1'
[1.017s] INFO:colcon.colcon_core.shell:Creating environment descriptor '/home/malik/controller-benchmarks/ros2/install/slam_toolbox/share/slam_toolbox/hook/cmake_prefix_path.dsv'
[1.017s] INFO:colcon.colcon_core.shell:Creating environment hook '/home/malik/controller-benchmarks/ros2/install/slam_toolbox/share/slam_toolbox/hook/cmake_prefix_path.sh'
[1.018s] Level 1:colcon.colcon_core.environment:checking '/home/malik/controller-benchmarks/ros2/install/slam_toolbox/lib'
[1.018s] Level 1:colcon.colcon_core.shell:create_environment_hook('slam_toolbox', 'ld_library_path_lib')
[1.019s] INFO:colcon.colcon_core.shell:Creating environment hook '/home/malik/controller-benchmarks/ros2/install/slam_toolbox/share/slam_toolbox/hook/ld_library_path_lib.ps1'
[1.019s] INFO:colcon.colcon_core.shell:Creating environment descriptor '/home/malik/controller-benchmarks/ros2/install/slam_toolbox/share/slam_toolbox/hook/ld_library_path_lib.dsv'
[1.019s] INFO:colcon.colcon_core.shell:Creating environment hook '/home/malik/controller-benchmarks/ros2/install/slam_toolbox/share/slam_toolbox/hook/ld_library_path_lib.sh'
[1.020s] Level 1:colcon.colcon_core.environment:checking '/home/malik/controller-benchmarks/ros2/install/slam_toolbox/bin'
[1.020s] Level 1:colcon.colcon_core.environment:checking '/home/malik/controller-benchmarks/ros2/install/slam_toolbox/lib/pkgconfig/slam_toolbox.pc'
[1.020s] Level 1:colcon.colcon_core.environment:checking '/home/malik/controller-benchmarks/ros2/install/slam_toolbox/lib/python3.10/site-packages'
[1.020s] Level 1:colcon.colcon_core.environment:checking '/home/malik/controller-benchmarks/ros2/install/slam_toolbox/bin'
[1.021s] INFO:colcon.colcon_core.shell:Creating package script '/home/malik/controller-benchmarks/ros2/install/slam_toolbox/share/slam_toolbox/package.ps1'
[1.021s] INFO:colcon.colcon_core.shell:Creating package descriptor '/home/malik/controller-benchmarks/ros2/install/slam_toolbox/share/slam_toolbox/package.dsv'
[1.023s] INFO:colcon.colcon_core.shell:Creating package script '/home/malik/controller-benchmarks/ros2/install/slam_toolbox/share/slam_toolbox/package.sh'
[1.023s] INFO:colcon.colcon_core.shell:Creating package script '/home/malik/controller-benchmarks/ros2/install/slam_toolbox/share/slam_toolbox/package.bash'
[1.023s] INFO:colcon.colcon_core.shell:Creating package script '/home/malik/controller-benchmarks/ros2/install/slam_toolbox/share/slam_toolbox/package.zsh'
[1.024s] Level 1:colcon.colcon_core.environment:create_file_with_runtime_dependencies(/home/malik/controller-benchmarks/ros2/install/slam_toolbox/share/colcon-core/packages/slam_toolbox)
[1.024s] INFO:colcon.colcon_ros.task.ament_python.build:Building ROS package in '/home/malik/controller-benchmarks/ros2/autodrive_f1tenth' with build type 'ament_python'
[1.024s] Level 1:colcon.colcon_core.shell:create_environment_hook('autodrive_f1tenth', 'ament_prefix_path')
[1.024s] INFO:colcon.colcon_core.shell:Creating environment hook '/home/malik/controller-benchmarks/ros2/install/autodrive_f1tenth/share/autodrive_f1tenth/hook/ament_prefix_path.ps1'
[1.025s] INFO:colcon.colcon_core.shell:Creating environment descriptor '/home/malik/controller-benchmarks/ros2/install/autodrive_f1tenth/share/autodrive_f1tenth/hook/ament_prefix_path.dsv'
[1.025s] INFO:colcon.colcon_core.shell:Creating environment hook '/home/malik/controller-benchmarks/ros2/install/autodrive_f1tenth/share/autodrive_f1tenth/hook/ament_prefix_path.sh'
[1.026s] INFO:colcon.colcon_core.shell:Skip shell extension 'powershell' for command environment: Not usable outside of PowerShell
[1.026s] DEBUG:colcon.colcon_core.shell:Skip shell extension 'dsv' for command environment
[1.310s] INFO:colcon.colcon_core.task.python.build:Building Python package in '/home/malik/controller-benchmarks/ros2/autodrive_f1tenth'
[1.311s] INFO:colcon.colcon_core.shell:Skip shell extension 'powershell' for command environment: Not usable outside of PowerShell
[1.311s] DEBUG:colcon.colcon_core.shell:Skip shell extension 'dsv' for command environment
[1.678s] DEBUG:colcon.colcon_core.event_handler.log_command:Invoking command in '/home/malik/controller-benchmarks/ros2/build/autodrive_f1tenth': PS1=\[\e[38;5;81m\]\u@\h \[\e[38;5;226m\]\w \[\e[0m\]$ PYTHONPATH=/home/malik/controller-benchmarks/ros2/build/autodrive_f1tenth/prefix_override:/usr/lib/python3/dist-packages/colcon_core/task/python/colcon_distutils_commands:/home/malik/controller-benchmarks/ros2/install/autodrive_f1tenth/lib/python3.10/site-packages:${PYTHONPATH} /usr/bin/python3 -W ignore:setup.py install is deprecated -W ignore:easy_install command is deprecated setup.py develop --editable --build-directory /home/malik/controller-benchmarks/ros2/build/autodrive_f1tenth/build --no-deps symlink_data
[2.184s] Level 1:colcon.colcon_core.shell:create_environment_hook('autodrive_f1tenth', 'pythonpath_develop')
[2.185s] INFO:colcon.colcon_core.shell:Creating environment hook '/home/malik/controller-benchmarks/ros2/build/autodrive_f1tenth/share/autodrive_f1tenth/hook/pythonpath_develop.ps1'
[2.186s] DEBUG:colcon.colcon_core.event_handler.log_command:Invoked command in '/home/malik/controller-benchmarks/ros2/build/autodrive_f1tenth' returned '0': PS1=\[\e[38;5;81m\]\u@\h \[\e[38;5;226m\]\w \[\e[0m\]$ PYTHONPATH=/home/malik/controller-benchmarks/ros2/build/autodrive_f1tenth/prefix_override:/usr/lib/python3/dist-packages/colcon_core/task/python/colcon_distutils_commands:/home/malik/controller-benchmarks/ros2/install/autodrive_f1tenth/lib/python3.10/site-packages:${PYTHONPATH} /usr/bin/python3 -W ignore:setup.py install is deprecated -W ignore:easy_install command is deprecated setup.py develop --editable --build-directory /home/malik/controller-benchmarks/ros2/build/autodrive_f1tenth/build --no-deps symlink_data
[2.186s] INFO:colcon.colcon_core.shell:Creating environment descriptor '/home/malik/controller-benchmarks/ros2/build/autodrive_f1tenth/share/autodrive_f1tenth/hook/pythonpath_develop.dsv'
[2.186s] INFO:colcon.colcon_core.shell:Creating environment hook '/home/malik/controller-benchmarks/ros2/build/autodrive_f1tenth/share/autodrive_f1tenth/hook/pythonpath_develop.sh'
[2.187s] Level 1:colcon.colcon_core.environment:checking '/home/malik/controller-benchmarks/ros2/install/autodrive_f1tenth' for CMake module files
[2.187s] Level 1:colcon.colcon_core.environment:checking '/home/malik/controller-benchmarks/ros2/install/autodrive_f1tenth' for CMake config files
[2.187s] Level 1:colcon.colcon_core.environment:checking '/home/malik/controller-benchmarks/ros2/install/autodrive_f1tenth/lib'
[2.187s] Level 1:colcon.colcon_core.environment:checking '/home/malik/controller-benchmarks/ros2/install/autodrive_f1tenth/bin'
[2.187s] Level 1:colcon.colcon_core.environment:checking '/home/malik/controller-benchmarks/ros2/install/autodrive_f1tenth/lib/pkgconfig/autodrive_f1tenth.pc'
[2.188s] Level 1:colcon.colcon_core.environment:checking '/home/malik/controller-benchmarks/ros2/install/autodrive_f1tenth/lib/python3.10/site-packages'
[2.188s] Level 1:colcon.colcon_core.shell:create_environment_hook('autodrive_f1tenth', 'pythonpath')
[2.188s] INFO:colcon.colcon_core.shell:Creating environment hook '/home/malik/controller-benchmarks/ros2/install/autodrive_f1tenth/share/autodrive_f1tenth/hook/pythonpath.ps1'
[2.188s] INFO:colcon.colcon_core.shell:Creating environment descriptor '/home/malik/controller-benchmarks/ros2/install/autodrive_f1tenth/share/autodrive_f1tenth/hook/pythonpath.dsv'
[2.188s] INFO:colcon.colcon_core.shell:Creating environment hook '/home/malik/controller-benchmarks/ros2/install/autodrive_f1tenth/share/autodrive_f1tenth/hook/pythonpath.sh'
[2.189s] Level 1:colcon.colcon_core.environment:checking '/home/malik/controller-benchmarks/ros2/install/autodrive_f1tenth/bin'
[2.189s] Level 1:colcon.colcon_core.environment:create_environment_scripts_only(autodrive_f1tenth)
[2.189s] INFO:colcon.colcon_core.shell:Creating package script '/home/malik/controller-benchmarks/ros2/install/autodrive_f1tenth/share/autodrive_f1tenth/package.ps1'
[2.190s] INFO:colcon.colcon_core.shell:Creating package descriptor '/home/malik/controller-benchmarks/ros2/install/autodrive_f1tenth/share/autodrive_f1tenth/package.dsv'
[2.190s] INFO:colcon.colcon_core.shell:Creating package script '/home/malik/controller-benchmarks/ros2/install/autodrive_f1tenth/share/autodrive_f1tenth/package.sh'
[2.190s] INFO:colcon.colcon_core.shell:Creating package script '/home/malik/controller-benchmarks/ros2/install/autodrive_f1tenth/share/autodrive_f1tenth/package.bash'
[2.191s] INFO:colcon.colcon_core.shell:Creating package script '/home/malik/controller-benchmarks/ros2/install/autodrive_f1tenth/share/autodrive_f1tenth/package.zsh'
[2.191s] Level 1:colcon.colcon_core.environment:create_file_with_runtime_dependencies(/home/malik/controller-benchmarks/ros2/install/autodrive_f1tenth/share/colcon-core/packages/autodrive_f1tenth)
[2.191s] DEBUG:colcon.colcon_parallel_executor.executor.parallel:closing loop
[2.192s] DEBUG:colcon.colcon_parallel_executor.executor.parallel:loop closed
[2.192s] DEBUG:colcon.colcon_parallel_executor.executor.parallel:run_until_complete finished with '0'
[2.192s] DEBUG:colcon.colcon_core.event_reactor:joining thread
[2.197s] INFO:colcon.colcon_core.plugin_system:Skipping extension 'colcon_notification.desktop_notification.terminal_notifier': Not used on non-Darwin systems
[2.197s] INFO:colcon.colcon_core.plugin_system:Skipping extension 'colcon_notification.desktop_notification.win32': Not used on non-Windows systems
[2.197s] INFO:colcon.colcon_notification.desktop_notification:Sending desktop notification using 'notify2'
[2.210s] DEBUG:colcon.colcon_core.event_reactor:joined thread
[2.211s] INFO:colcon.colcon_core.shell:Creating prefix script '/home/malik/controller-benchmarks/ros2/install/local_setup.ps1'
[2.212s] INFO:colcon.colcon_core.shell:Creating prefix util module '/home/malik/controller-benchmarks/ros2/install/_local_setup_util_ps1.py'
[2.214s] INFO:colcon.colcon_core.shell:Creating prefix chain script '/home/malik/controller-benchmarks/ros2/install/setup.ps1'
[2.215s] INFO:colcon.colcon_core.shell:Creating prefix script '/home/malik/controller-benchmarks/ros2/install/local_setup.sh'
[2.216s] INFO:colcon.colcon_core.shell:Creating prefix util module '/home/malik/controller-benchmarks/ros2/install/_local_setup_util_sh.py'
[2.217s] INFO:colcon.colcon_core.shell:Creating prefix chain script '/home/malik/controller-benchmarks/ros2/install/setup.sh'
[2.218s] INFO:colcon.colcon_core.shell:Creating prefix script '/home/malik/controller-benchmarks/ros2/install/local_setup.bash'
[2.218s] INFO:colcon.colcon_core.shell:Creating prefix chain script '/home/malik/controller-benchmarks/ros2/install/setup.bash'
[2.219s] INFO:colcon.colcon_core.shell:Creating prefix script '/home/malik/controller-benchmarks/ros2/install/local_setup.zsh'
[2.220s] INFO:colcon.colcon_core.shell:Creating prefix chain script '/home/malik/controller-benchmarks/ros2/install/setup.zsh'
