[0.470s] Invoking command in '/home/malik/ros2_ws/build/autodrive_f1tenth': AMENT_PREFIX_PATH=/home/malik/controller-benchmarks/ros2/install/slam_toolbox:${AMENT_PREFIX_PATH} CMAKE_PREFIX_PATH=/home/malik/ros2_ws/install/slam_toolbox LD_LIBRARY_PATH=/home/malik/controller-benchmarks/ros2/install/slam_toolbox/lib:/home/malik/ros2_ws/install/slam_toolbox/lib:${LD_LIBRARY_PATH} PS1=\[\e[38;5;81m\]\u@\h \[\e[38;5;226m\]\w \[\e[0m\]$ PYTHONPATH=/home/malik/ros2_ws/build/autodrive_f1tenth/prefix_override:/usr/lib/python3/dist-packages/colcon_core/task/python/colcon_distutils_commands:/home/malik/ros2_ws/install/autodrive_f1tenth/lib/python3.10/site-packages:/home/malik/controller-benchmarks/ros2/install/slam_toolbox/local/lib/python3.10/dist-packages:${PYTHONPATH} /usr/bin/python3 -W ignore:setup.py install is deprecated -W ignore:easy_install command is deprecated setup.py develop --editable --build-directory /home/malik/ros2_ws/build/autodrive_f1tenth/build --no-deps symlink_data
[0.686s] running develop
[0.837s] running egg_info
[0.837s] writing autodrive_f1tenth_bench.egg-info/PKG-INFO
[0.837s] writing dependency_links to autodrive_f1tenth_bench.egg-info/dependency_links.txt
[0.838s] writing entry points to autodrive_f1tenth_bench.egg-info/entry_points.txt
[0.838s] writing requirements to autodrive_f1tenth_bench.egg-info/requires.txt
[0.838s] writing top-level names to autodrive_f1tenth_bench.egg-info/top_level.txt
[0.839s] reading manifest file 'autodrive_f1tenth_bench.egg-info/SOURCES.txt'
[0.840s] writing manifest file 'autodrive_f1tenth_bench.egg-info/SOURCES.txt'
[0.841s] running build_ext
[0.841s] Creating /home/malik/ros2_ws/install/autodrive_f1tenth/lib/python3.10/site-packages/autodrive-f1tenth-bench.egg-link (link to .)
[0.842s] Installing confidence_log script to /home/malik/ros2_ws/install/autodrive_f1tenth/lib/autodrive_f1tenth
[0.843s] Installing dl_slot script to /home/malik/ros2_ws/install/autodrive_f1tenth/lib/autodrive_f1tenth
[0.843s] Installing dl_slot_scan script to /home/malik/ros2_ws/install/autodrive_f1tenth/lib/autodrive_f1tenth
[0.843s] Installing follow_stack script to /home/malik/ros2_ws/install/autodrive_f1tenth/lib/autodrive_f1tenth
[0.843s] Installing overtake_decision script to /home/malik/ros2_ws/install/autodrive_f1tenth/lib/autodrive_f1tenth
[0.843s] Installing plot_pure_pursuit_runs script to /home/malik/ros2_ws/install/autodrive_f1tenth/lib/autodrive_f1tenth
[0.843s] Installing pure_pursuit script to /home/malik/ros2_ws/install/autodrive_f1tenth/lib/autodrive_f1tenth
[0.843s] Installing pure_pursuit_target script to /home/malik/ros2_ws/install/autodrive_f1tenth/lib/autodrive_f1tenth
[0.843s] Installing safety script to /home/malik/ros2_ws/install/autodrive_f1tenth/lib/autodrive_f1tenth
[0.843s] Installing slam script to /home/malik/ros2_ws/install/autodrive_f1tenth/lib/autodrive_f1tenth
[0.843s] Installing slam_tf_logger script to /home/malik/ros2_ws/install/autodrive_f1tenth/lib/autodrive_f1tenth
[0.843s] Installing slam_toolbox_bridge script to /home/malik/ros2_ws/install/autodrive_f1tenth/lib/autodrive_f1tenth
[0.843s] Installing slam_toolbox_map_logger script to /home/malik/ros2_ws/install/autodrive_f1tenth/lib/autodrive_f1tenth
[0.843s] Installing target_vehicle_tracker script to /home/malik/ros2_ws/install/autodrive_f1tenth/lib/autodrive_f1tenth
[0.843s] Installing target_vehicle_tracker_foreground script to /home/malik/ros2_ws/install/autodrive_f1tenth/lib/autodrive_f1tenth
[0.844s] 
[0.844s] Installed /home/malik/ros2_ws/build/autodrive_f1tenth
[0.844s] running symlink_data
[0.865s] Invoked command in '/home/malik/ros2_ws/build/autodrive_f1tenth' returned '0': AMENT_PREFIX_PATH=/home/malik/controller-benchmarks/ros2/install/slam_toolbox:${AMENT_PREFIX_PATH} CMAKE_PREFIX_PATH=/home/malik/ros2_ws/install/slam_toolbox LD_LIBRARY_PATH=/home/malik/controller-benchmarks/ros2/install/slam_toolbox/lib:/home/malik/ros2_ws/install/slam_toolbox/lib:${LD_LIBRARY_PATH} PS1=\[\e[38;5;81m\]\u@\h \[\e[38;5;226m\]\w \[\e[0m\]$ PYTHONPATH=/home/malik/ros2_ws/build/autodrive_f1tenth/prefix_override:/usr/lib/python3/dist-packages/colcon_core/task/python/colcon_distutils_commands:/home/malik/ros2_ws/install/autodrive_f1tenth/lib/python3.10/site-packages:/home/malik/controller-benchmarks/ros2/install/slam_toolbox/local/lib/python3.10/dist-packages:${PYTHONPATH} /usr/bin/python3 -W ignore:setup.py install is deprecated -W ignore:easy_install command is deprecated setup.py develop --editable --build-directory /home/malik/ros2_ws/build/autodrive_f1tenth/build --no-deps symlink_data
