[0.716s] Invoking command in '/home/malik/controller-benchmarks/ros2/autodrive_f1tenth': PYTHONPATH=/home/malik/controller-benchmarks/ros2/build/autodrive_f1tenth/prefix_override:/usr/lib/python3/dist-packages/colcon_core/task/python/colcon_distutils_commands:/home/malik/controller-benchmarks/ros2/install/autodrive_f1tenth/lib/python3.10/site-packages:${PYTHONPATH} /usr/bin/python3 -W ignore:setup.py install is deprecated -W ignore:easy_install command is deprecated setup.py egg_info --egg-base ../build/autodrive_f1tenth build --build-base /home/malik/controller-benchmarks/ros2/build/autodrive_f1tenth/build install --record /home/malik/controller-benchmarks/ros2/build/autodrive_f1tenth/install.log --single-version-externally-managed install_data
[0.974s] running egg_info
[0.974s] writing ../build/autodrive_f1tenth/autodrive_f1tenth.egg-info/PKG-INFO
[0.975s] writing dependency_links to ../build/autodrive_f1tenth/autodrive_f1tenth.egg-info/dependency_links.txt
[0.975s] writing entry points to ../build/autodrive_f1tenth/autodrive_f1tenth.egg-info/entry_points.txt
[0.975s] writing requirements to ../build/autodrive_f1tenth/autodrive_f1tenth.egg-info/requires.txt
[0.975s] writing top-level names to ../build/autodrive_f1tenth/autodrive_f1tenth.egg-info/top_level.txt
[0.977s] reading manifest file '../build/autodrive_f1tenth/autodrive_f1tenth.egg-info/SOURCES.txt'
[0.979s] writing manifest file '../build/autodrive_f1tenth/autodrive_f1tenth.egg-info/SOURCES.txt'
[0.979s] running build
[0.979s] running build_py
[0.979s] copying autodrive_f1tenth/slam.py -> /home/malik/controller-benchmarks/ros2/build/autodrive_f1tenth/build/lib/autodrive_f1tenth
[0.980s] running install
[0.980s] running install_lib
[0.982s] copying /home/malik/controller-benchmarks/ros2/build/autodrive_f1tenth/build/lib/autodrive_f1tenth/slam.py -> /home/malik/controller-benchmarks/ros2/install/autodrive_f1tenth/lib/python3.10/site-packages/autodrive_f1tenth
[0.983s] byte-compiling /home/malik/controller-benchmarks/ros2/install/autodrive_f1tenth/lib/python3.10/site-packages/autodrive_f1tenth/slam.py to slam.cpython-310.pyc
[0.984s] running install_data
[0.984s] running install_egg_info
[0.986s] removing '/home/malik/controller-benchmarks/ros2/install/autodrive_f1tenth/lib/python3.10/site-packages/autodrive_f1tenth-0.1.0-py3.10.egg-info' (and everything under it)
[0.987s] Copying ../build/autodrive_f1tenth/autodrive_f1tenth.egg-info to /home/malik/controller-benchmarks/ros2/install/autodrive_f1tenth/lib/python3.10/site-packages/autodrive_f1tenth-0.1.0-py3.10.egg-info
[0.987s] running install_scripts
[1.010s] Installing dl_slot script to /home/malik/controller-benchmarks/ros2/install/autodrive_f1tenth/lib/autodrive_f1tenth
[1.010s] Installing dl_slot_scan script to /home/malik/controller-benchmarks/ros2/install/autodrive_f1tenth/lib/autodrive_f1tenth
[1.010s] Installing follow_stack script to /home/malik/controller-benchmarks/ros2/install/autodrive_f1tenth/lib/autodrive_f1tenth
[1.010s] Installing plot_pure_pursuit_runs script to /home/malik/controller-benchmarks/ros2/install/autodrive_f1tenth/lib/autodrive_f1tenth
[1.010s] Installing pure_pursuit script to /home/malik/controller-benchmarks/ros2/install/autodrive_f1tenth/lib/autodrive_f1tenth
[1.010s] Installing slam script to /home/malik/controller-benchmarks/ros2/install/autodrive_f1tenth/lib/autodrive_f1tenth
[1.010s] Installing target_vehicle_tracker script to /home/malik/controller-benchmarks/ros2/install/autodrive_f1tenth/lib/autodrive_f1tenth
[1.010s] writing list of installed files to '/home/malik/controller-benchmarks/ros2/build/autodrive_f1tenth/install.log'
[1.046s] Invoked command in '/home/malik/controller-benchmarks/ros2/autodrive_f1tenth' returned '0': PYTHONPATH=/home/malik/controller-benchmarks/ros2/build/autodrive_f1tenth/prefix_override:/usr/lib/python3/dist-packages/colcon_core/task/python/colcon_distutils_commands:/home/malik/controller-benchmarks/ros2/install/autodrive_f1tenth/lib/python3.10/site-packages:${PYTHONPATH} /usr/bin/python3 -W ignore:setup.py install is deprecated -W ignore:easy_install command is deprecated setup.py egg_info --egg-base ../build/autodrive_f1tenth build --build-base /home/malik/controller-benchmarks/ros2/build/autodrive_f1tenth/build install --record /home/malik/controller-benchmarks/ros2/build/autodrive_f1tenth/install.log --single-version-externally-managed install_data
