running develop
running egg_info
writing autodrive_f1tenth.egg-info/PKG-INFO
writing dependency_links to autodrive_f1tenth.egg-info/dependency_links.txt
writing entry points to autodrive_f1tenth.egg-info/entry_points.txt
writing requirements to autodrive_f1tenth.egg-info/requires.txt
writing top-level names to autodrive_f1tenth.egg-info/top_level.txt
reading manifest file 'autodrive_f1tenth.egg-info/SOURCES.txt'
writing manifest file 'autodrive_f1tenth.egg-info/SOURCES.txt'
running build_ext
Creating /home/malik/ros2_ws/install/autodrive_f1tenth/lib/python3.10/site-packages/autodrive-f1tenth.egg-link (link to .)
Installing autodrive_incoming_bridge script to /home/malik/ros2_ws/install/autodrive_f1tenth/lib/autodrive_f1tenth
Installing autodrive_incoming_bridge_2 script to /home/malik/ros2_ws/install/autodrive_f1tenth/lib/autodrive_f1tenth
Installing autodrive_outgoing_bridge script to /home/malik/ros2_ws/install/autodrive_f1tenth/lib/autodrive_f1tenth
Installing autodrive_outgoing_bridge_2 script to /home/malik/ros2_ws/install/autodrive_f1tenth/lib/autodrive_f1tenth
Installing teleop_keyboard script to /home/malik/ros2_ws/install/autodrive_f1tenth/lib/autodrive_f1tenth

Installed /home/malik/ros2_ws/build/autodrive_f1tenth
running symlink_data
symbolically linking /home/malik/ros2_ws/build/autodrive_f1tenth/resource/autodrive_f1tenth -> /home/malik/ros2_ws/install/autodrive_f1tenth/share/ament_index/resource_index/packages
symbolically linking /home/malik/ros2_ws/build/autodrive_f1tenth/package.xml -> /home/malik/ros2_ws/install/autodrive_f1tenth/share/autodrive_f1tenth
symbolically linking /home/malik/ros2_ws/build/autodrive_f1tenth/launch/simulator_bringup_rviz.launch.py -> /home/malik/ros2_ws/install/autodrive_f1tenth/share/autodrive_f1tenth/launch
symbolically linking /home/malik/ros2_ws/build/autodrive_f1tenth/launch/simulator_bringup_rviz_2.launch.py -> /home/malik/ros2_ws/install/autodrive_f1tenth/share/autodrive_f1tenth/launch
symbolically linking /home/malik/ros2_ws/build/autodrive_f1tenth/launch/simulator_bringup_headless.launch.py -> /home/malik/ros2_ws/install/autodrive_f1tenth/share/autodrive_f1tenth/launch
symbolically linking /home/malik/ros2_ws/build/autodrive_f1tenth/rviz/simulator.rviz -> /home/malik/ros2_ws/install/autodrive_f1tenth/share/autodrive_f1tenth/rviz
symbolically linking /home/malik/ros2_ws/build/autodrive_f1tenth/rviz/simulator_2.rviz -> /home/malik/ros2_ws/install/autodrive_f1tenth/share/autodrive_f1tenth/rviz
