[30.547s] Invoking command in '/home/malik/controller-benchmarks/ros2/autodrive_f1tenth': PYTHONPATH=/home/malik/controller-benchmarks/ros2/build/autodrive_f1tenth/prefix_override:/usr/lib/python3/dist-packages/colcon_core/task/python/colcon_distutils_commands:/home/malik/controller-benchmarks/ros2/install/autodrive_f1tenth/lib/python3.10/site-packages:${PYTHONPATH} /usr/bin/python3 -W ignore:setup.py install is deprecated -W ignore:easy_install command is deprecated setup.py egg_info --egg-base ../build/autodrive_f1tenth build --build-base /home/malik/controller-benchmarks/ros2/build/autodrive_f1tenth/build install --record /home/malik/controller-benchmarks/ros2/build/autodrive_f1tenth/install.log --single-version-externally-managed install_data
[30.750s] running egg_info
[30.750s] writing ../build/autodrive_f1tenth/autodrive_f1tenth.egg-info/PKG-INFO
[30.751s] writing dependency_links to ../build/autodrive_f1tenth/autodrive_f1tenth.egg-info/dependency_links.txt
[30.751s] writing entry points to ../build/autodrive_f1tenth/autodrive_f1tenth.egg-info/entry_points.txt
[30.751s] writing requirements to ../build/autodrive_f1tenth/autodrive_f1tenth.egg-info/requires.txt
[30.751s] writing top-level names to ../build/autodrive_f1tenth/autodrive_f1tenth.egg-info/top_level.txt
[30.752s] reading manifest file '../build/autodrive_f1tenth/autodrive_f1tenth.egg-info/SOURCES.txt'
[30.753s] writing manifest file '../build/autodrive_f1tenth/autodrive_f1tenth.egg-info/SOURCES.txt'
[30.753s] running build
[30.753s] running build_py
[30.754s] copying autodrive_f1tenth/target_vehicle_tracker.py -> /home/malik/controller-benchmarks/ros2/build/autodrive_f1tenth/build/lib/autodrive_f1tenth
[30.754s] copying autodrive_f1tenth/pure_pursuit.py -> /home/malik/controller-benchmarks/ros2/build/autodrive_f1tenth/build/lib/autodrive_f1tenth
[30.754s] running install
[30.754s] running install_lib
[30.755s] copying /home/malik/controller-benchmarks/ros2/build/autodrive_f1tenth/build/lib/autodrive_f1tenth/target_vehicle_tracker.py -> /home/malik/controller-benchmarks/ros2/install/autodrive_f1tenth/lib/python3.10/site-packages/autodrive_f1tenth
[30.755s] copying /home/malik/controller-benchmarks/ros2/build/autodrive_f1tenth/build/lib/autodrive_f1tenth/pure_pursuit.py -> /home/malik/controller-benchmarks/ros2/install/autodrive_f1tenth/lib/python3.10/site-packages/autodrive_f1tenth
[30.756s] byte-compiling /home/malik/controller-benchmarks/ros2/install/autodrive_f1tenth/lib/python3.10/site-packages/autodrive_f1tenth/target_vehicle_tracker.py to target_vehicle_tracker.cpython-310.pyc
[30.760s] byte-compiling /home/malik/controller-benchmarks/ros2/install/autodrive_f1tenth/lib/python3.10/site-packages/autodrive_f1tenth/pure_pursuit.py to pure_pursuit.cpython-310.pyc
[30.763s] running install_data
[30.763s] running install_egg_info
[30.764s] removing '/home/malik/controller-benchmarks/ros2/install/autodrive_f1tenth/lib/python3.10/site-packages/autodrive_f1tenth-0.1.0-py3.10.egg-info' (and everything under it)
[30.764s] Copying ../build/autodrive_f1tenth/autodrive_f1tenth.egg-info to /home/malik/controller-benchmarks/ros2/install/autodrive_f1tenth/lib/python3.10/site-packages/autodrive_f1tenth-0.1.0-py3.10.egg-info
[30.765s] running install_scripts
[30.781s] Installing dl_slot script to /home/malik/controller-benchmarks/ros2/install/autodrive_f1tenth/lib/autodrive_f1tenth
[30.781s] Installing dl_slot_scan script to /home/malik/controller-benchmarks/ros2/install/autodrive_f1tenth/lib/autodrive_f1tenth
[30.781s] Installing follow_stack script to /home/malik/controller-benchmarks/ros2/install/autodrive_f1tenth/lib/autodrive_f1tenth
[30.781s] Installing plot_pure_pursuit_runs script to /home/malik/controller-benchmarks/ros2/install/autodrive_f1tenth/lib/autodrive_f1tenth
[30.782s] Installing pure_pursuit script to /home/malik/controller-benchmarks/ros2/install/autodrive_f1tenth/lib/autodrive_f1tenth
[30.782s] Installing target_vehicle_tracker script to /home/malik/controller-benchmarks/ros2/install/autodrive_f1tenth/lib/autodrive_f1tenth
[30.782s] writing list of installed files to '/home/malik/controller-benchmarks/ros2/build/autodrive_f1tenth/install.log'
[30.799s] Invoked command in '/home/malik/controller-benchmarks/ros2/autodrive_f1tenth' returned '0': PYTHONPATH=/home/malik/controller-benchmarks/ros2/build/autodrive_f1tenth/prefix_override:/usr/lib/python3/dist-packages/colcon_core/task/python/colcon_distutils_commands:/home/malik/controller-benchmarks/ros2/install/autodrive_f1tenth/lib/python3.10/site-packages:${PYTHONPATH} /usr/bin/python3 -W ignore:setup.py install is deprecated -W ignore:easy_install command is deprecated setup.py egg_info --egg-base ../build/autodrive_f1tenth build --build-base /home/malik/controller-benchmarks/ros2/build/autodrive_f1tenth/build install --record /home/malik/controller-benchmarks/ros2/build/autodrive_f1tenth/install.log --single-version-externally-managed install_data
