[0.826s] Invoking command in '/home/malik/ros2_ws/build/autodrive_nigel': PS1=\[\e[38;5;81m\]\u@\h \[\e[38;5;226m\]\w \[\e[0m\]$ PYTHONPATH=/home/malik/ros2_ws/build/autodrive_nigel/prefix_override:/usr/lib/python3/dist-packages/colcon_core/task/python/colcon_distutils_commands:/home/malik/ros2_ws/install/autodrive_nigel/lib/python3.10/site-packages:${PYTHONPATH} /usr/bin/python3 -W ignore:setup.py install is deprecated -W ignore:easy_install command is deprecated setup.py develop --uninstall --editable --build-directory /home/malik/ros2_ws/build/autodrive_nigel/build
[1.038s] /usr/lib/python3/dist-packages/setuptools/dist.py:723: UserWarning: Usage of dash-separated 'script-dir' will not be supported in future versions. Please use the underscore name 'script_dir' instead
[1.038s]   warnings.warn(
[1.062s] running develop
[1.213s] Removing /home/malik/ros2_ws/install/autodrive_nigel/lib/python3.10/site-packages/autodrive-nigel.egg-link (link to .)
[1.260s] Invoked command in '/home/malik/ros2_ws/build/autodrive_nigel' returned '0': PS1=\[\e[38;5;81m\]\u@\h \[\e[38;5;226m\]\w \[\e[0m\]$ PYTHONPATH=/home/malik/ros2_ws/build/autodrive_nigel/prefix_override:/usr/lib/python3/dist-packages/colcon_core/task/python/colcon_distutils_commands:/home/malik/ros2_ws/install/autodrive_nigel/lib/python3.10/site-packages:${PYTHONPATH} /usr/bin/python3 -W ignore:setup.py install is deprecated -W ignore:easy_install command is deprecated setup.py develop --uninstall --editable --build-directory /home/malik/ros2_ws/build/autodrive_nigel/build
[1.261s] Invoking command in '/home/malik/ros2_ws/src/autodrive_ros2/autodrive_nigel': PS1=\[\e[38;5;81m\]\u@\h \[\e[38;5;226m\]\w \[\e[0m\]$ PYTHONPATH=/home/malik/ros2_ws/build/autodrive_nigel/prefix_override:/usr/lib/python3/dist-packages/colcon_core/task/python/colcon_distutils_commands:/home/malik/ros2_ws/install/autodrive_nigel/lib/python3.10/site-packages:${PYTHONPATH} /usr/bin/python3 -W ignore:setup.py install is deprecated -W ignore:easy_install command is deprecated setup.py egg_info --egg-base ../../../build/autodrive_nigel build --build-base /home/malik/ros2_ws/build/autodrive_nigel/build install --record /home/malik/ros2_ws/build/autodrive_nigel/install.log --install-scripts $base/lib/autodrive_nigel --single-version-externally-managed install_data --force
[1.469s] /usr/lib/python3/dist-packages/setuptools/dist.py:723: UserWarning: Usage of dash-separated 'script-dir' will not be supported in future versions. Please use the underscore name 'script_dir' instead
[1.469s]   warnings.warn(
[1.478s] running egg_info
[1.479s] writing ../../../build/autodrive_nigel/autodrive_nigel.egg-info/PKG-INFO
[1.479s] writing dependency_links to ../../../build/autodrive_nigel/autodrive_nigel.egg-info/dependency_links.txt
[1.479s] writing entry points to ../../../build/autodrive_nigel/autodrive_nigel.egg-info/entry_points.txt
[1.479s] writing requirements to ../../../build/autodrive_nigel/autodrive_nigel.egg-info/requires.txt
[1.480s] writing top-level names to ../../../build/autodrive_nigel/autodrive_nigel.egg-info/top_level.txt
[1.488s] reading manifest file '../../../build/autodrive_nigel/autodrive_nigel.egg-info/SOURCES.txt'
[1.488s] writing manifest file '../../../build/autodrive_nigel/autodrive_nigel.egg-info/SOURCES.txt'
[1.489s] running build
[1.489s] running build_py
[1.489s] running install
[1.489s] running install_lib
[1.490s] creating /home/malik/ros2_ws/install/autodrive_nigel/lib/python3.10/site-packages/autodrive_nigel
[1.490s] copying /home/malik/ros2_ws/build/autodrive_nigel/build/lib/autodrive_nigel/__init__.py -> /home/malik/ros2_ws/install/autodrive_nigel/lib/python3.10/site-packages/autodrive_nigel
[1.490s] copying /home/malik/ros2_ws/build/autodrive_nigel/build/lib/autodrive_nigel/teleop_keyboard.py -> /home/malik/ros2_ws/install/autodrive_nigel/lib/python3.10/site-packages/autodrive_nigel
[1.490s] copying /home/malik/ros2_ws/build/autodrive_nigel/build/lib/autodrive_nigel/config.py -> /home/malik/ros2_ws/install/autodrive_nigel/lib/python3.10/site-packages/autodrive_nigel
[1.490s] copying /home/malik/ros2_ws/build/autodrive_nigel/build/lib/autodrive_nigel/autodrive_outgoing_bridge.py -> /home/malik/ros2_ws/install/autodrive_nigel/lib/python3.10/site-packages/autodrive_nigel
[1.490s] copying /home/malik/ros2_ws/build/autodrive_nigel/build/lib/autodrive_nigel/autodrive_incoming_bridge.py -> /home/malik/ros2_ws/install/autodrive_nigel/lib/python3.10/site-packages/autodrive_nigel
[1.491s] byte-compiling /home/malik/ros2_ws/install/autodrive_nigel/lib/python3.10/site-packages/autodrive_nigel/__init__.py to __init__.cpython-310.pyc
[1.492s] byte-compiling /home/malik/ros2_ws/install/autodrive_nigel/lib/python3.10/site-packages/autodrive_nigel/teleop_keyboard.py to teleop_keyboard.cpython-310.pyc
[1.493s] byte-compiling /home/malik/ros2_ws/install/autodrive_nigel/lib/python3.10/site-packages/autodrive_nigel/config.py to config.cpython-310.pyc
[1.493s] byte-compiling /home/malik/ros2_ws/install/autodrive_nigel/lib/python3.10/site-packages/autodrive_nigel/autodrive_outgoing_bridge.py to autodrive_outgoing_bridge.cpython-310.pyc
[1.493s] byte-compiling /home/malik/ros2_ws/install/autodrive_nigel/lib/python3.10/site-packages/autodrive_nigel/autodrive_incoming_bridge.py to autodrive_incoming_bridge.cpython-310.pyc
[1.496s] running install_data
[1.496s] copying resource/autodrive_nigel -> /home/malik/ros2_ws/install/autodrive_nigel/share/ament_index/resource_index/packages
[1.496s] copying package.xml -> /home/malik/ros2_ws/install/autodrive_nigel/share/autodrive_nigel
[1.496s] copying launch/simulator/simulator_bringup_rviz.launch.py -> /home/malik/ros2_ws/install/autodrive_nigel/share/autodrive_nigel/launch/simulator
[1.496s] copying launch/simulator/simulator_bringup_headless.launch.py -> /home/malik/ros2_ws/install/autodrive_nigel/share/autodrive_nigel/launch/simulator
[1.496s] copying rviz/simulator/simulator.rviz -> /home/malik/ros2_ws/install/autodrive_nigel/share/autodrive_nigel/rviz/simulator
[1.496s] running install_egg_info
[1.497s] Copying ../../../build/autodrive_nigel/autodrive_nigel.egg-info to /home/malik/ros2_ws/install/autodrive_nigel/lib/python3.10/site-packages/autodrive_nigel-0.1.0-py3.10.egg-info
[1.499s] running install_scripts
[1.517s] Installing autodrive_incoming_bridge script to /home/malik/ros2_ws/install/autodrive_nigel/lib/autodrive_nigel
[1.517s] Installing autodrive_outgoing_bridge script to /home/malik/ros2_ws/install/autodrive_nigel/lib/autodrive_nigel
[1.518s] Installing teleop_keyboard script to /home/malik/ros2_ws/install/autodrive_nigel/lib/autodrive_nigel
[1.518s] writing list of installed files to '/home/malik/ros2_ws/build/autodrive_nigel/install.log'
[1.549s] Invoked command in '/home/malik/ros2_ws/src/autodrive_ros2/autodrive_nigel' returned '0': PS1=\[\e[38;5;81m\]\u@\h \[\e[38;5;226m\]\w \[\e[0m\]$ PYTHONPATH=/home/malik/ros2_ws/build/autodrive_nigel/prefix_override:/usr/lib/python3/dist-packages/colcon_core/task/python/colcon_distutils_commands:/home/malik/ros2_ws/install/autodrive_nigel/lib/python3.10/site-packages:${PYTHONPATH} /usr/bin/python3 -W ignore:setup.py install is deprecated -W ignore:easy_install command is deprecated setup.py egg_info --egg-base ../../../build/autodrive_nigel build --build-base /home/malik/ros2_ws/build/autodrive_nigel/build install --record /home/malik/ros2_ws/build/autodrive_nigel/install.log --install-scripts $base/lib/autodrive_nigel --single-version-externally-managed install_data --force
