[0.101s] DEBUG:colcon:Command line arguments: ['/usr/bin/colcon', 'build', '--symlink-install']
[0.101s] DEBUG:colcon:Parsed command line arguments: Namespace(log_base=None, log_level=None, verb_name='build', build_base='build', install_base='install', merge_install=False, symlink_install=True, test_result_base=None, continue_on_error=False, executor='parallel', parallel_workers=8, event_handlers=None, ignore_user_meta=False, metas=['./colcon.meta'], base_paths=['.'], packages_ignore=None, packages_ignore_regex=None, paths=None, packages_up_to=None, packages_up_to_regex=None, packages_above=None, packages_above_and_dependencies=None, packages_above_depth=None, packages_select_by_dep=None, packages_skip_by_dep=None, packages_skip_up_to=None, packages_select_build_failed=False, packages_skip_build_finished=False, packages_select_test_failures=False, packages_skip_test_passed=False, packages_select=None, packages_skip=None, packages_select_regex=None, packages_skip_regex=None, packages_start=None, packages_end=None, allow_overriding=[], cmake_args=None, cmake_target=None, cmake_target_skip_unavailable=False, cmake_clean_cache=False, cmake_clean_first=False, cmake_force_configure=False, ament_cmake_args=None, catkin_cmake_args=None, catkin_skip_building_tests=False, mixin_files=None, mixin=None, verb_parser=<colcon_mixin.mixin.mixin_argument.MixinArgumentDecorator object at 0x74cb01df7af0>, verb_extension=<colcon_core.verb.build.BuildVerb object at 0x74cb01df7640>, main=<bound method BuildVerb.main of <colcon_core.verb.build.BuildVerb object at 0x74cb01df7640>>, mixin_verb=('build',))
[0.268s] Level 1:colcon.colcon_core.package_discovery:discover_packages(colcon_meta) check parameters
[0.269s] Level 1:colcon.colcon_core.package_discovery:discover_packages(recursive) check parameters
[0.269s] Level 1:colcon.colcon_core.package_discovery:discover_packages(ignore) check parameters
[0.269s] Level 1:colcon.colcon_core.package_discovery:discover_packages(path) check parameters
[0.269s] Level 1:colcon.colcon_core.package_discovery:discover_packages(colcon_meta) discover
[0.269s] Level 1:colcon.colcon_core.package_discovery:discover_packages(recursive) discover
[0.269s] INFO:colcon.colcon_core.package_discovery:Crawling recursively for packages in '/home/malik/controller-benchmarks/ros2'
[0.269s] Level 1:colcon.colcon_core.package_identification:_identify(.) by extensions ['ignore', 'ignore_ament_install']
[0.269s] Level 1:colcon.colcon_core.package_identification:_identify(.) by extension 'ignore'
[0.269s] Level 1:colcon.colcon_core.package_identification:_identify(.) by extension 'ignore_ament_install'
[0.269s] Level 1:colcon.colcon_core.package_identification:_identify(.) by extensions ['colcon_pkg']
[0.269s] Level 1:colcon.colcon_core.package_identification:_identify(.) by extension 'colcon_pkg'
[0.269s] Level 1:colcon.colcon_core.package_identification:_identify(.) by extensions ['colcon_meta']
[0.269s] Level 1:colcon.colcon_core.package_identification:_identify(.) by extension 'colcon_meta'
[0.269s] Level 1:colcon.colcon_core.package_identification:_identify(.) by extensions ['ros']
[0.269s] Level 1:colcon.colcon_core.package_identification:_identify(.) by extension 'ros'
[0.278s] Level 1:colcon.colcon_core.package_identification:_identify(.) by extensions ['cmake', 'python']
[0.278s] Level 1:colcon.colcon_core.package_identification:_identify(.) by extension 'cmake'
[0.278s] Level 1:colcon.colcon_core.package_identification:_identify(.) by extension 'python'
[0.279s] Level 1:colcon.colcon_core.package_identification:_identify(.) by extensions ['python_setup_py']
[0.279s] Level 1:colcon.colcon_core.package_identification:_identify(.) by extension 'python_setup_py'
[0.279s] Level 1:colcon.colcon_core.package_identification:_identify(autodrive_f1tenth) by extensions ['ignore', 'ignore_ament_install']
[0.279s] Level 1:colcon.colcon_core.package_identification:_identify(autodrive_f1tenth) by extension 'ignore'
[0.279s] Level 1:colcon.colcon_core.package_identification:_identify(autodrive_f1tenth) by extension 'ignore_ament_install'
[0.279s] Level 1:colcon.colcon_core.package_identification:_identify(autodrive_f1tenth) by extensions ['colcon_pkg']
[0.279s] Level 1:colcon.colcon_core.package_identification:_identify(autodrive_f1tenth) by extension 'colcon_pkg'
[0.279s] Level 1:colcon.colcon_core.package_identification:_identify(autodrive_f1tenth) by extensions ['colcon_meta']
[0.279s] Level 1:colcon.colcon_core.package_identification:_identify(autodrive_f1tenth) by extension 'colcon_meta'
[0.279s] Level 1:colcon.colcon_core.package_identification:_identify(autodrive_f1tenth) by extensions ['ros']
[0.279s] Level 1:colcon.colcon_core.package_identification:_identify(autodrive_f1tenth) by extension 'ros'
[0.282s] DEBUG:colcon.colcon_core.package_identification:Package 'autodrive_f1tenth' with type 'ros.ament_python' and name 'autodrive_f1tenth'
[0.282s] Level 1:colcon.colcon_core.package_identification:_identify(build) by extensions ['ignore', 'ignore_ament_install']
[0.282s] Level 1:colcon.colcon_core.package_identification:_identify(build) by extension 'ignore'
[0.282s] Level 1:colcon.colcon_core.package_identification:_identify(build) ignored
[0.282s] Level 1:colcon.colcon_core.package_identification:_identify(install) by extensions ['ignore', 'ignore_ament_install']
[0.282s] Level 1:colcon.colcon_core.package_identification:_identify(install) by extension 'ignore'
[0.282s] Level 1:colcon.colcon_core.package_identification:_identify(install) ignored
[0.282s] Level 1:colcon.colcon_core.package_identification:_identify(log) by extensions ['ignore', 'ignore_ament_install']
[0.283s] Level 1:colcon.colcon_core.package_identification:_identify(log) by extension 'ignore'
[0.283s] Level 1:colcon.colcon_core.package_identification:_identify(log) ignored
[0.283s] Level 1:colcon.colcon_core.package_identification:_identify(slam_toolbox) by extensions ['ignore', 'ignore_ament_install']
[0.283s] Level 1:colcon.colcon_core.package_identification:_identify(slam_toolbox) by extension 'ignore'
[0.283s] Level 1:colcon.colcon_core.package_identification:_identify(slam_toolbox) by extension 'ignore_ament_install'
[0.283s] Level 1:colcon.colcon_core.package_identification:_identify(slam_toolbox) by extensions ['colcon_pkg']
[0.283s] Level 1:colcon.colcon_core.package_identification:_identify(slam_toolbox) by extension 'colcon_pkg'
[0.283s] Level 1:colcon.colcon_core.package_identification:_identify(slam_toolbox) by extensions ['colcon_meta']
[0.283s] Level 1:colcon.colcon_core.package_identification:_identify(slam_toolbox) by extension 'colcon_meta'
[0.283s] Level 1:colcon.colcon_core.package_identification:_identify(slam_toolbox) by extensions ['ros']
[0.283s] Level 1:colcon.colcon_core.package_identification:_identify(slam_toolbox) by extension 'ros'
[0.284s] DEBUG:colcon.colcon_core.package_identification:Package 'slam_toolbox' with type 'ros.ament_cmake' and name 'slam_toolbox'
[0.284s] Level 1:colcon.colcon_core.package_discovery:discover_packages(recursive) using defaults
[0.284s] Level 1:colcon.colcon_core.package_discovery:discover_packages(ignore) discover
[0.284s] Level 1:colcon.colcon_core.package_discovery:discover_packages(ignore) using defaults
[0.284s] Level 1:colcon.colcon_core.package_discovery:discover_packages(path) discover
[0.284s] Level 1:colcon.colcon_core.package_discovery:discover_packages(path) using defaults
[0.318s] Level 1:colcon.colcon_core.package_discovery:discover_packages(prefix_path) check parameters
[0.318s] Level 1:colcon.colcon_core.package_discovery:discover_packages(prefix_path) discover
[0.320s] DEBUG:colcon.colcon_installed_package_information.package_discovery:Found 2 installed packages in /home/malik/controller-benchmarks/ros2/install
[0.320s] DEBUG:colcon.colcon_installed_package_information.package_discovery:Found 2 installed packages in /home/malik/ros2_ws/install
[0.321s] DEBUG:colcon.colcon_installed_package_information.package_discovery:Found 305 installed packages in /opt/ros/humble
[0.323s] Level 1:colcon.colcon_core.package_discovery:discover_packages(prefix_path) using defaults
[0.356s] Level 5:colcon.colcon_core.verb:set package 'slam_toolbox' build argument 'cmake_args' from command line to 'None'
[0.356s] Level 5:colcon.colcon_core.verb:set package 'slam_toolbox' build argument 'cmake_target' from command line to 'None'
[0.356s] Level 5:colcon.colcon_core.verb:set package 'slam_toolbox' build argument 'cmake_target_skip_unavailable' from command line to 'False'
[0.356s] Level 5:colcon.colcon_core.verb:set package 'slam_toolbox' build argument 'cmake_clean_cache' from command line to 'False'
[0.356s] Level 5:colcon.colcon_core.verb:set package 'slam_toolbox' build argument 'cmake_clean_first' from command line to 'False'
[0.356s] Level 5:colcon.colcon_core.verb:set package 'slam_toolbox' build argument 'cmake_force_configure' from command line to 'False'
[0.356s] Level 5:colcon.colcon_core.verb:set package 'slam_toolbox' build argument 'ament_cmake_args' from command line to 'None'
[0.356s] Level 5:colcon.colcon_core.verb:set package 'slam_toolbox' build argument 'catkin_cmake_args' from command line to 'None'
[0.356s] Level 5:colcon.colcon_core.verb:set package 'slam_toolbox' build argument 'catkin_skip_building_tests' from command line to 'False'
[0.356s] DEBUG:colcon.colcon_core.verb:Building package 'slam_toolbox' with the following arguments: {'ament_cmake_args': None, 'build_base': '/home/malik/controller-benchmarks/ros2/build/slam_toolbox', 'catkin_cmake_args': None, 'catkin_skip_building_tests': False, 'cmake_args': None, 'cmake_clean_cache': False, 'cmake_clean_first': False, 'cmake_force_configure': False, 'cmake_target': None, 'cmake_target_skip_unavailable': False, 'install_base': '/home/malik/controller-benchmarks/ros2/install/slam_toolbox', 'merge_install': False, 'path': '/home/malik/controller-benchmarks/ros2/slam_toolbox', 'symlink_install': True, 'test_result_base': None}
[0.357s] Level 5:colcon.colcon_core.verb:set package 'autodrive_f1tenth' build argument 'cmake_args' from command line to 'None'
[0.357s] Level 5:colcon.colcon_core.verb:set package 'autodrive_f1tenth' build argument 'cmake_target' from command line to 'None'
[0.357s] Level 5:colcon.colcon_core.verb:set package 'autodrive_f1tenth' build argument 'cmake_target_skip_unavailable' from command line to 'False'
[0.357s] Level 5:colcon.colcon_core.verb:set package 'autodrive_f1tenth' build argument 'cmake_clean_cache' from command line to 'False'
[0.357s] Level 5:colcon.colcon_core.verb:set package 'autodrive_f1tenth' build argument 'cmake_clean_first' from command line to 'False'
[0.357s] Level 5:colcon.colcon_core.verb:set package 'autodrive_f1tenth' build argument 'cmake_force_configure' from command line to 'False'
[0.357s] Level 5:colcon.colcon_core.verb:set package 'autodrive_f1tenth' build argument 'ament_cmake_args' from command line to 'None'
[0.357s] Level 5:colcon.colcon_core.verb:set package 'autodrive_f1tenth' build argument 'catkin_cmake_args' from command line to 'None'
[0.357s] Level 5:colcon.colcon_core.verb:set package 'autodrive_f1tenth' build argument 'catkin_skip_building_tests' from command line to 'False'
[0.357s] DEBUG:colcon.colcon_core.verb:Building package 'autodrive_f1tenth' with the following arguments: {'ament_cmake_args': None, 'build_base': '/home/malik/controller-benchmarks/ros2/build/autodrive_f1tenth', 'catkin_cmake_args': None, 'catkin_skip_building_tests': False, 'cmake_args': None, 'cmake_clean_cache': False, 'cmake_clean_first': False, 'cmake_force_configure': False, 'cmake_target': None, 'cmake_target_skip_unavailable': False, 'install_base': '/home/malik/controller-benchmarks/ros2/install/autodrive_f1tenth', 'merge_install': False, 'path': '/home/malik/controller-benchmarks/ros2/autodrive_f1tenth', 'symlink_install': True, 'test_result_base': None}
[0.357s] INFO:colcon.colcon_core.executor:Executing jobs using 'parallel' executor
[0.358s] DEBUG:colcon.colcon_parallel_executor.executor.parallel:run_until_complete
[0.358s] INFO:colcon.colcon_ros.task.ament_cmake.build:Building ROS package in '/home/malik/controller-benchmarks/ros2/slam_toolbox' with build type 'ament_cmake'
[0.358s] INFO:colcon.colcon_cmake.task.cmake.build:Building CMake package in '/home/malik/controller-benchmarks/ros2/slam_toolbox'
[0.360s] INFO:colcon.colcon_core.plugin_system:Skipping extension 'colcon_core.shell.bat': Not used on non-Windows systems
[0.360s] INFO:colcon.colcon_core.shell:Skip shell extension 'powershell' for command environment: Not usable outside of PowerShell
[0.360s] DEBUG:colcon.colcon_core.shell:Skip shell extension 'dsv' for command environment
[0.376s] DEBUG:colcon.colcon_core.event_handler.log_command:Invoking command in '/home/malik/controller-benchmarks/ros2/build/slam_toolbox': CMAKE_PREFIX_PATH=${CMAKE_PREFIX_PATH}:/home/malik/controller-benchmarks/ros2/install/autodrive_f1tenth:/home/malik/ros2_ws/install/autodrive_nigel:/home/malik/ros2_ws/install/autodrive_f1tenth:/opt/ros/humble PS1=\[\e[38;5;81m\]\u@\h \[\e[38;5;226m\]\w \[\e[0m\]$ /usr/bin/cmake --build /home/malik/controller-benchmarks/ros2/build/slam_toolbox -- -j8 -l8
[0.759s] DEBUG:colcon.colcon_core.event_handler.log_command:Invoked command in '/home/malik/controller-benchmarks/ros2/build/slam_toolbox' returned '0': CMAKE_PREFIX_PATH=${CMAKE_PREFIX_PATH}:/home/malik/controller-benchmarks/ros2/install/autodrive_f1tenth:/home/malik/ros2_ws/install/autodrive_nigel:/home/malik/ros2_ws/install/autodrive_f1tenth:/opt/ros/humble PS1=\[\e[38;5;81m\]\u@\h \[\e[38;5;226m\]\w \[\e[0m\]$ /usr/bin/cmake --build /home/malik/controller-benchmarks/ros2/build/slam_toolbox -- -j8 -l8
[0.766s] DEBUG:colcon.colcon_core.event_handler.log_command:Invoking command in '/home/malik/controller-benchmarks/ros2/build/slam_toolbox': CMAKE_PREFIX_PATH=${CMAKE_PREFIX_PATH}:/home/malik/controller-benchmarks/ros2/install/autodrive_f1tenth:/home/malik/ros2_ws/install/autodrive_nigel:/home/malik/ros2_ws/install/autodrive_f1tenth:/opt/ros/humble PS1=\[\e[38;5;81m\]\u@\h \[\e[38;5;226m\]\w \[\e[0m\]$ /usr/bin/cmake --install /home/malik/controller-benchmarks/ros2/build/slam_toolbox
[0.867s] Level 1:colcon.colcon_core.environment:create_environment_scripts_only(slam_toolbox)
[0.869s] Level 1:colcon.colcon_core.environment:checking '/home/malik/controller-benchmarks/ros2/install/slam_toolbox' for CMake module files
[0.870s] Level 1:colcon.colcon_core.environment:checking '/home/malik/controller-benchmarks/ros2/install/slam_toolbox' for CMake config files
[0.871s] DEBUG:colcon.colcon_core.event_handler.log_command:Invoked command in '/home/malik/controller-benchmarks/ros2/build/slam_toolbox' returned '0': CMAKE_PREFIX_PATH=${CMAKE_PREFIX_PATH}:/home/malik/controller-benchmarks/ros2/install/autodrive_f1tenth:/home/malik/ros2_ws/install/autodrive_nigel:/home/malik/ros2_ws/install/autodrive_f1tenth:/opt/ros/humble PS1=\[\e[38;5;81m\]\u@\h \[\e[38;5;226m\]\w \[\e[0m\]$ /usr/bin/cmake --install /home/malik/controller-benchmarks/ros2/build/slam_toolbox
[0.873s] Level 1:colcon.colcon_core.shell:create_environment_hook('slam_toolbox', 'cmake_prefix_path')
[0.873s] INFO:colcon.colcon_core.shell:Creating environment hook '/home/malik/controller-benchmarks/ros2/install/slam_toolbox/share/slam_toolbox/hook/cmake_prefix_path.ps1'
[0.874s] INFO:colcon.colcon_core.shell:Creating environment descriptor '/home/malik/controller-benchmarks/ros2/install/slam_toolbox/share/slam_toolbox/hook/cmake_prefix_path.dsv'
[0.875s] INFO:colcon.colcon_core.shell:Creating environment hook '/home/malik/controller-benchmarks/ros2/install/slam_toolbox/share/slam_toolbox/hook/cmake_prefix_path.sh'
[0.876s] Level 1:colcon.colcon_core.environment:checking '/home/malik/controller-benchmarks/ros2/install/slam_toolbox/lib'
[0.876s] Level 1:colcon.colcon_core.shell:create_environment_hook('slam_toolbox', 'ld_library_path_lib')
[0.876s] INFO:colcon.colcon_core.shell:Creating environment hook '/home/malik/controller-benchmarks/ros2/install/slam_toolbox/share/slam_toolbox/hook/ld_library_path_lib.ps1'
[0.876s] INFO:colcon.colcon_core.shell:Creating environment descriptor '/home/malik/controller-benchmarks/ros2/install/slam_toolbox/share/slam_toolbox/hook/ld_library_path_lib.dsv'
[0.877s] INFO:colcon.colcon_core.shell:Creating environment hook '/home/malik/controller-benchmarks/ros2/install/slam_toolbox/share/slam_toolbox/hook/ld_library_path_lib.sh'
[0.877s] Level 1:colcon.colcon_core.environment:checking '/home/malik/controller-benchmarks/ros2/install/slam_toolbox/bin'
[0.877s] Level 1:colcon.colcon_core.environment:checking '/home/malik/controller-benchmarks/ros2/install/slam_toolbox/lib/pkgconfig/slam_toolbox.pc'
[0.877s] Level 1:colcon.colcon_core.environment:checking '/home/malik/controller-benchmarks/ros2/install/slam_toolbox/lib/python3.10/site-packages'
[0.877s] Level 1:colcon.colcon_core.environment:checking '/home/malik/controller-benchmarks/ros2/install/slam_toolbox/bin'
[0.878s] INFO:colcon.colcon_core.shell:Creating package script '/home/malik/controller-benchmarks/ros2/install/slam_toolbox/share/slam_toolbox/package.ps1'
[0.878s] INFO:colcon.colcon_core.shell:Creating package descriptor '/home/malik/controller-benchmarks/ros2/install/slam_toolbox/share/slam_toolbox/package.dsv'
[0.879s] INFO:colcon.colcon_core.shell:Creating package script '/home/malik/controller-benchmarks/ros2/install/slam_toolbox/share/slam_toolbox/package.sh'
[0.879s] INFO:colcon.colcon_core.shell:Creating package script '/home/malik/controller-benchmarks/ros2/install/slam_toolbox/share/slam_toolbox/package.bash'
[0.880s] INFO:colcon.colcon_core.shell:Creating package script '/home/malik/controller-benchmarks/ros2/install/slam_toolbox/share/slam_toolbox/package.zsh'
[0.880s] Level 1:colcon.colcon_core.environment:create_file_with_runtime_dependencies(/home/malik/controller-benchmarks/ros2/install/slam_toolbox/share/colcon-core/packages/slam_toolbox)
[0.881s] Level 1:colcon.colcon_core.environment:create_environment_scripts_only(slam_toolbox)
[0.881s] Level 1:colcon.colcon_core.environment:checking '/home/malik/controller-benchmarks/ros2/install/slam_toolbox' for CMake module files
[0.882s] Level 1:colcon.colcon_core.environment:checking '/home/malik/controller-benchmarks/ros2/install/slam_toolbox' for CMake config files
[0.884s] Level 1:colcon.colcon_core.shell:create_environment_hook('slam_toolbox', 'cmake_prefix_path')
[0.884s] INFO:colcon.colcon_core.shell:Creating environment hook '/home/malik/controller-benchmarks/ros2/install/slam_toolbox/share/slam_toolbox/hook/cmake_prefix_path.ps1'
[0.885s] INFO:colcon.colcon_core.shell:Creating environment descriptor '/home/malik/controller-benchmarks/ros2/install/slam_toolbox/share/slam_toolbox/hook/cmake_prefix_path.dsv'
[0.886s] INFO:colcon.colcon_core.shell:Creating environment hook '/home/malik/controller-benchmarks/ros2/install/slam_toolbox/share/slam_toolbox/hook/cmake_prefix_path.sh'
[0.887s] Level 1:colcon.colcon_core.environment:checking '/home/malik/controller-benchmarks/ros2/install/slam_toolbox/lib'
[0.887s] Level 1:colcon.colcon_core.shell:create_environment_hook('slam_toolbox', 'ld_library_path_lib')
[0.887s] INFO:colcon.colcon_core.shell:Creating environment hook '/home/malik/controller-benchmarks/ros2/install/slam_toolbox/share/slam_toolbox/hook/ld_library_path_lib.ps1'
[0.888s] INFO:colcon.colcon_core.shell:Creating environment descriptor '/home/malik/controller-benchmarks/ros2/install/slam_toolbox/share/slam_toolbox/hook/ld_library_path_lib.dsv'
[0.888s] INFO:colcon.colcon_core.shell:Creating environment hook '/home/malik/controller-benchmarks/ros2/install/slam_toolbox/share/slam_toolbox/hook/ld_library_path_lib.sh'
[0.888s] Level 1:colcon.colcon_core.environment:checking '/home/malik/controller-benchmarks/ros2/install/slam_toolbox/bin'
[0.888s] Level 1:colcon.colcon_core.environment:checking '/home/malik/controller-benchmarks/ros2/install/slam_toolbox/lib/pkgconfig/slam_toolbox.pc'
[0.889s] Level 1:colcon.colcon_core.environment:checking '/home/malik/controller-benchmarks/ros2/install/slam_toolbox/lib/python3.10/site-packages'
[0.889s] Level 1:colcon.colcon_core.environment:checking '/home/malik/controller-benchmarks/ros2/install/slam_toolbox/bin'
[0.889s] INFO:colcon.colcon_core.shell:Creating package script '/home/malik/controller-benchmarks/ros2/install/slam_toolbox/share/slam_toolbox/package.ps1'
[0.890s] INFO:colcon.colcon_core.shell:Creating package descriptor '/home/malik/controller-benchmarks/ros2/install/slam_toolbox/share/slam_toolbox/package.dsv'
[0.890s] INFO:colcon.colcon_core.shell:Creating package script '/home/malik/controller-benchmarks/ros2/install/slam_toolbox/share/slam_toolbox/package.sh'
[0.891s] INFO:colcon.colcon_core.shell:Creating package script '/home/malik/controller-benchmarks/ros2/install/slam_toolbox/share/slam_toolbox/package.bash'
[0.891s] INFO:colcon.colcon_core.shell:Creating package script '/home/malik/controller-benchmarks/ros2/install/slam_toolbox/share/slam_toolbox/package.zsh'
[0.891s] Level 1:colcon.colcon_core.environment:create_file_with_runtime_dependencies(/home/malik/controller-benchmarks/ros2/install/slam_toolbox/share/colcon-core/packages/slam_toolbox)
[0.892s] INFO:colcon.colcon_ros.task.ament_python.build:Building ROS package in '/home/malik/controller-benchmarks/ros2/autodrive_f1tenth' with build type 'ament_python'
[0.892s] Level 1:colcon.colcon_core.shell:create_environment_hook('autodrive_f1tenth', 'ament_prefix_path')
[0.892s] INFO:colcon.colcon_core.shell:Creating environment hook '/home/malik/controller-benchmarks/ros2/install/autodrive_f1tenth/share/autodrive_f1tenth/hook/ament_prefix_path.ps1'
[0.893s] INFO:colcon.colcon_core.shell:Creating environment descriptor '/home/malik/controller-benchmarks/ros2/install/autodrive_f1tenth/share/autodrive_f1tenth/hook/ament_prefix_path.dsv'
[0.893s] INFO:colcon.colcon_core.shell:Creating environment hook '/home/malik/controller-benchmarks/ros2/install/autodrive_f1tenth/share/autodrive_f1tenth/hook/ament_prefix_path.sh'
[0.894s] INFO:colcon.colcon_core.shell:Skip shell extension 'powershell' for command environment: Not usable outside of PowerShell
[0.894s] DEBUG:colcon.colcon_core.shell:Skip shell extension 'dsv' for command environment
[1.201s] INFO:colcon.colcon_core.task.python.build:Building Python package in '/home/malik/controller-benchmarks/ros2/autodrive_f1tenth'
[1.201s] INFO:colcon.colcon_core.shell:Skip shell extension 'powershell' for command environment: Not usable outside of PowerShell
[1.201s] DEBUG:colcon.colcon_core.shell:Skip shell extension 'dsv' for command environment
[1.565s] DEBUG:colcon.colcon_core.event_handler.log_command:Invoking command in '/home/malik/controller-benchmarks/ros2/build/autodrive_f1tenth': PS1=\[\e[38;5;81m\]\u@\h \[\e[38;5;226m\]\w \[\e[0m\]$ PYTHONPATH=/home/malik/controller-benchmarks/ros2/build/autodrive_f1tenth/prefix_override:/usr/lib/python3/dist-packages/colcon_core/task/python/colcon_distutils_commands:/home/malik/controller-benchmarks/ros2/install/autodrive_f1tenth/lib/python3.10/site-packages:${PYTHONPATH} /usr/bin/python3 -W ignore:setup.py install is deprecated -W ignore:easy_install command is deprecated setup.py develop --editable --build-directory /home/malik/controller-benchmarks/ros2/build/autodrive_f1tenth/build --no-deps symlink_data
[2.069s] Level 1:colcon.colcon_core.shell:create_environment_hook('autodrive_f1tenth', 'pythonpath_develop')
[2.070s] DEBUG:colcon.colcon_core.event_handler.log_command:Invoked command in '/home/malik/controller-benchmarks/ros2/build/autodrive_f1tenth' returned '0': PS1=\[\e[38;5;81m\]\u@\h \[\e[38;5;226m\]\w \[\e[0m\]$ PYTHONPATH=/home/malik/controller-benchmarks/ros2/build/autodrive_f1tenth/prefix_override:/usr/lib/python3/dist-packages/colcon_core/task/python/colcon_distutils_commands:/home/malik/controller-benchmarks/ros2/install/autodrive_f1tenth/lib/python3.10/site-packages:${PYTHONPATH} /usr/bin/python3 -W ignore:setup.py install is deprecated -W ignore:easy_install command is deprecated setup.py develop --editable --build-directory /home/malik/controller-benchmarks/ros2/build/autodrive_f1tenth/build --no-deps symlink_data
[2.070s] INFO:colcon.colcon_core.shell:Creating environment hook '/home/malik/controller-benchmarks/ros2/build/autodrive_f1tenth/share/autodrive_f1tenth/hook/pythonpath_develop.ps1'
[2.070s] INFO:colcon.colcon_core.shell:Creating environment descriptor '/home/malik/controller-benchmarks/ros2/build/autodrive_f1tenth/share/autodrive_f1tenth/hook/pythonpath_develop.dsv'
[2.071s] INFO:colcon.colcon_core.shell:Creating environment hook '/home/malik/controller-benchmarks/ros2/build/autodrive_f1tenth/share/autodrive_f1tenth/hook/pythonpath_develop.sh'
[2.071s] Level 1:colcon.colcon_core.environment:checking '/home/malik/controller-benchmarks/ros2/install/autodrive_f1tenth' for CMake module files
[2.072s] Level 1:colcon.colcon_core.environment:checking '/home/malik/controller-benchmarks/ros2/install/autodrive_f1tenth' for CMake config files
[2.072s] Level 1:colcon.colcon_core.environment:checking '/home/malik/controller-benchmarks/ros2/install/autodrive_f1tenth/lib'
[2.072s] Level 1:colcon.colcon_core.environment:checking '/home/malik/controller-benchmarks/ros2/install/autodrive_f1tenth/bin'
[2.072s] Level 1:colcon.colcon_core.environment:checking '/home/malik/controller-benchmarks/ros2/install/autodrive_f1tenth/lib/pkgconfig/autodrive_f1tenth.pc'
[2.072s] Level 1:colcon.colcon_core.environment:checking '/home/malik/controller-benchmarks/ros2/install/autodrive_f1tenth/lib/python3.10/site-packages'
[2.072s] Level 1:colcon.colcon_core.shell:create_environment_hook('autodrive_f1tenth', 'pythonpath')
[2.073s] INFO:colcon.colcon_core.shell:Creating environment hook '/home/malik/controller-benchmarks/ros2/install/autodrive_f1tenth/share/autodrive_f1tenth/hook/pythonpath.ps1'
[2.073s] INFO:colcon.colcon_core.shell:Creating environment descriptor '/home/malik/controller-benchmarks/ros2/install/autodrive_f1tenth/share/autodrive_f1tenth/hook/pythonpath.dsv'
[2.073s] INFO:colcon.colcon_core.shell:Creating environment hook '/home/malik/controller-benchmarks/ros2/install/autodrive_f1tenth/share/autodrive_f1tenth/hook/pythonpath.sh'
[2.074s] Level 1:colcon.colcon_core.environment:checking '/home/malik/controller-benchmarks/ros2/install/autodrive_f1tenth/bin'
[2.074s] Level 1:colcon.colcon_core.environment:create_environment_scripts_only(autodrive_f1tenth)
[2.074s] INFO:colcon.colcon_core.shell:Creating package script '/home/malik/controller-benchmarks/ros2/install/autodrive_f1tenth/share/autodrive_f1tenth/package.ps1'
[2.074s] INFO:colcon.colcon_core.shell:Creating package descriptor '/home/malik/controller-benchmarks/ros2/install/autodrive_f1tenth/share/autodrive_f1tenth/package.dsv'
[2.075s] INFO:colcon.colcon_core.shell:Creating package script '/home/malik/controller-benchmarks/ros2/install/autodrive_f1tenth/share/autodrive_f1tenth/package.sh'
[2.075s] INFO:colcon.colcon_core.shell:Creating package script '/home/malik/controller-benchmarks/ros2/install/autodrive_f1tenth/share/autodrive_f1tenth/package.bash'
[2.075s] INFO:colcon.colcon_core.shell:Creating package script '/home/malik/controller-benchmarks/ros2/install/autodrive_f1tenth/share/autodrive_f1tenth/package.zsh'
[2.076s] Level 1:colcon.colcon_core.environment:create_file_with_runtime_dependencies(/home/malik/controller-benchmarks/ros2/install/autodrive_f1tenth/share/colcon-core/packages/autodrive_f1tenth)
[2.076s] DEBUG:colcon.colcon_parallel_executor.executor.parallel:closing loop
[2.076s] DEBUG:colcon.colcon_parallel_executor.executor.parallel:loop closed
[2.076s] DEBUG:colcon.colcon_parallel_executor.executor.parallel:run_until_complete finished with '0'
[2.076s] DEBUG:colcon.colcon_core.event_reactor:joining thread
[2.081s] INFO:colcon.colcon_core.plugin_system:Skipping extension 'colcon_notification.desktop_notification.terminal_notifier': Not used on non-Darwin systems
[2.081s] INFO:colcon.colcon_core.plugin_system:Skipping extension 'colcon_notification.desktop_notification.win32': Not used on non-Windows systems
[2.081s] INFO:colcon.colcon_notification.desktop_notification:Sending desktop notification using 'notify2'
[2.092s] DEBUG:colcon.colcon_core.event_reactor:joined thread
[2.092s] INFO:colcon.colcon_core.shell:Creating prefix script '/home/malik/controller-benchmarks/ros2/install/local_setup.ps1'
[2.094s] INFO:colcon.colcon_core.shell:Creating prefix util module '/home/malik/controller-benchmarks/ros2/install/_local_setup_util_ps1.py'
[2.096s] INFO:colcon.colcon_core.shell:Creating prefix chain script '/home/malik/controller-benchmarks/ros2/install/setup.ps1'
[2.097s] INFO:colcon.colcon_core.shell:Creating prefix script '/home/malik/controller-benchmarks/ros2/install/local_setup.sh'
[2.098s] INFO:colcon.colcon_core.shell:Creating prefix util module '/home/malik/controller-benchmarks/ros2/install/_local_setup_util_sh.py'
[2.099s] INFO:colcon.colcon_core.shell:Creating prefix chain script '/home/malik/controller-benchmarks/ros2/install/setup.sh'
[2.101s] INFO:colcon.colcon_core.shell:Creating prefix script '/home/malik/controller-benchmarks/ros2/install/local_setup.bash'
[2.101s] INFO:colcon.colcon_core.shell:Creating prefix chain script '/home/malik/controller-benchmarks/ros2/install/setup.bash'
[2.103s] INFO:colcon.colcon_core.shell:Creating prefix script '/home/malik/controller-benchmarks/ros2/install/local_setup.zsh'
[2.105s] INFO:colcon.colcon_core.shell:Creating prefix chain script '/home/malik/controller-benchmarks/ros2/install/setup.zsh'
